OWNER LowEnergy.MixedSpectatorCandidate.h0R9c73a630MixedSpectatorCARLocal1 = H0mework.Versions.R9c73a630.ReleaseMaterials.Scratch.LowEnergyRetardedCouncil.NamedColorQtNext.Charge.MixedSpectatorCAR
TYPE LowEnergy.MixedSpectatorCandidate.h0R9c73a630MixedSpectatorCARLocal1 = DecidableEq
  LowEnergy.SourceQuantumConfigurationHilbert.Mode
OWNER LowEnergy.MixedSpectatorCandidate.h0R9c73a630MixedSpectatorColorActionLocal1 = H0mework.Versions.R9c73a630.ReleaseMaterials.Scratch.LowEnergyRetardedCouncil.NamedColorQtNext.Charge.MixedSpectatorColorAction
TYPE LowEnergy.MixedSpectatorCandidate.h0R9c73a630MixedSpectatorColorActionLocal1 = DecidableEq
  LowEnergy.SourceQuantumConfigurationHilbert.Mode
OWNER LowEnergy.MixedSpectatorCandidate.h0R9c73a630MixedSpectatorColorColumnsLocal1 = H0mework.Versions.R9c73a630.ReleaseMaterials.Scratch.LowEnergyRetardedCouncil.NamedColorQtNext.Charge.MixedSpectatorColorColumns
TYPE LowEnergy.MixedSpectatorCandidate.h0R9c73a630MixedSpectatorColorColumnsLocal1 = LinearOrder
  SaturationMonoid.PhysicsCore.SU7MotherLieAlgebra.SU7MotherIndex
OWNER LowEnergy.MixedSpectatorCandidate.h0R9c73a630MixedSpectatorColorMatrixLocal1 = H0mework.Versions.R9c73a630.ReleaseMaterials.Scratch.LowEnergyRetardedCouncil.NamedColorQtNext.Charge.MixedSpectatorColorMatrix
TYPE LowEnergy.MixedSpectatorCandidate.h0R9c73a630MixedSpectatorColorMatrixLocal1 = DecidableEq
  SaturationMonoid.PhysicsCore.LowEnergy.Quantum.Index
OWNER LowEnergy.MixedSpectatorCandidate.h0R9c73a630MixedSpectatorExchangeSelectionLocal1 = H0mework.Versions.R9c73a630.ReleaseMaterials.Scratch.LowEnergyRetardedCouncil.NamedColorQtNext.Charge.MixedSpectatorExchangeSelection
TYPE LowEnergy.MixedSpectatorCandidate.h0R9c73a630MixedSpectatorExchangeSelectionLocal1 = DecidableEq
  LowEnergy.SourceQuantumConfigurationHilbert.Mode
OWNER LowEnergy.MixedSpectatorCandidate.h0R9c73a630MixedSpectatorGramLocal1 = H0mework.Versions.R9c73a630.ReleaseMaterials.Scratch.LowEnergyRetardedCouncil.NamedColorQtNext.Charge.MixedSpectatorGram
TYPE LowEnergy.MixedSpectatorCandidate.h0R9c73a630MixedSpectatorGramLocal1 = DecidableEq
  LowEnergy.SourceQuantumConfigurationHilbert.Mode
OWNER LowEnergy.MixedSpectatorCandidate.h0R9c73a630MixedSpectatorOccupationLocal1 = H0mework.Versions.R9c73a630.ReleaseMaterials.Scratch.LowEnergyRetardedCouncil.NamedColorQtNext.Charge.MixedSpectatorOccupation
TYPE LowEnergy.MixedSpectatorCandidate.h0R9c73a630MixedSpectatorOccupationLocal1 = DecidableEq
  LowEnergy.SourceQuantumConfigurationHilbert.Mode
OWNER LowEnergy.MixedSpectatorCandidate.h0R9c73a630MixedSpectatorPhaseChargeLocal1 = H0mework.Versions.R9c73a630.ReleaseMaterials.Scratch.LowEnergyRetardedCouncil.NamedColorQtNext.Charge.MixedSpectatorPhaseCharge
TYPE LowEnergy.MixedSpectatorCandidate.h0R9c73a630MixedSpectatorPhaseChargeLocal1 = DecidableEq
  LowEnergy.SourceQuantumConfigurationHilbert.Mode
OWNER LowEnergy.MixedSpectatorCandidate.h0R9c73a630MixedSpectatorPhaseChargeLocal2 = H0mework.Versions.R9c73a630.ReleaseMaterials.Scratch.LowEnergyRetardedCouncil.NamedColorQtNext.Charge.MixedSpectatorPhaseCharge
TYPE LowEnergy.MixedSpectatorCandidate.h0R9c73a630MixedSpectatorPhaseChargeLocal2 = DecidableEq
  SaturationMonoid.PhysicsCore.LowEnergy.Quantum.Index
OWNER LowEnergy.MixedSpectatorCandidate.h0R9c73a630MixedSpectatorSpinLocal1 = H0mework.Versions.R9c73a630.ReleaseMaterials.Scratch.LowEnergyRetardedCouncil.NamedColorQtNext.Charge.MixedSpectatorSpin
TYPE LowEnergy.MixedSpectatorCandidate.h0R9c73a630MixedSpectatorSpinLocal1 = DecidableEq
  SaturationMonoid.PhysicsCore.LowEnergy.Quantum.Index
OWNER LowEnergy.MixedSpectatorCandidate.h0R9c73a630MixedSpectatorSpinLocal2 = H0mework.Versions.R9c73a630.ReleaseMaterials.Scratch.LowEnergyRetardedCouncil.NamedColorQtNext.Charge.MixedSpectatorSpin
TYPE LowEnergy.MixedSpectatorCandidate.h0R9c73a630MixedSpectatorSpinLocal2 = DecidableEq
  LowEnergy.SourceQuantumConfigurationHilbert.Mode
'LowEnergy.MixedSpectatorCandidate.actual_charged_color_singlet_spin_half' depends on axioms: [propext,
 Classical.choice,
 Quot.sound]
