./.local/physics-acceptance-20261010/cutoff-time-owner/environment-verification-source72d341e7/src/IndependentCutoffTimeConsumer.lean:8:5: error: unknown namespace `GaussCoreHilbert`
./.local/physics-acceptance-20261010/cutoff-time-owner/environment-verification-source72d341e7/src/IndependentCutoffTimeConsumer.lean:9:5: error: unknown namespace `ActualThreeParticleCutoffGram`
./.local/physics-acceptance-20261010/cutoff-time-owner/environment-verification-source72d341e7/src/IndependentCutoffTimeConsumer.lean:10:5: error: unknown namespace `SourceFamilyHilbert`
./.local/physics-acceptance-20261010/cutoff-time-owner/environment-verification-source72d341e7/src/IndependentCutoffTimeConsumer.lean:11:5: error: unknown namespace `FullYSourceResolventGraphSplice`
./.local/physics-acceptance-20261010/cutoff-time-owner/environment-verification-source72d341e7/src/IndependentCutoffTimeConsumer.lean:12:5: error: unknown namespace `SourceResolventBandLimit`
./.local/physics-acceptance-20261010/cutoff-time-owner/environment-verification-source72d341e7/src/IndependentCutoffTimeConsumer.lean:14:22: error(lean.unknownIdentifier): Unknown identifier `Lp`
./.local/physics-acceptance-20261010/cutoff-time-owner/environment-verification-source72d341e7/src/IndependentCutoffTimeConsumer.lean:15:49: error(lean.unknownIdentifier): Unknown identifier `H`

Note: It is not possible to treat `H` as an implicitly bound variable here because the `autoImplicit` option is set to `false`.
./.local/physics-acceptance-20261010/cutoff-time-owner/environment-verification-source72d341e7/src/IndependentCutoffTimeConsumer.lean:15:94: error(lean.unknownIdentifier): Unknown identifier `H`
./.local/physics-acceptance-20261010/cutoff-time-owner/environment-verification-source72d341e7/src/IndependentCutoffTimeConsumer.lean:18:13: error(lean.unknownIdentifier): Unknown identifier `Index`

Note: It is not possible to treat `Index` as an implicitly bound variable here because the `autoImplicit` option is set to `false`.
./.local/physics-acceptance-20261010/cutoff-time-owner/environment-verification-source72d341e7/src/IndependentCutoffTimeConsumer.lean:19:28: error(lean.unknownIdentifier): Unknown identifier `H`

Note: It is not possible to treat `H` as an implicitly bound variable here because the `autoImplicit` option is set to `false`.
./.local/physics-acceptance-20261010/cutoff-time-owner/environment-verification-source72d341e7/src/IndependentCutoffTimeConsumer.lean:19:33: error(lean.unknownIdentifier): Unknown identifier `Integrable`

Note: It is not possible to treat `Integrable` as an implicitly bound variable here because the `autoImplicit` option is set to `false`.
./.local/physics-acceptance-20261010/cutoff-time-owner/environment-verification-source72d341e7/src/IndependentCutoffTimeConsumer.lean:21:13: error(lean.unknownIdentifier): Unknown identifier `Index`

Note: It is not possible to treat `Index` as an implicitly bound variable here because the `autoImplicit` option is set to `false`.
./.local/physics-acceptance-20261010/cutoff-time-owner/environment-verification-source72d341e7/src/IndependentCutoffTimeConsumer.lean:22:28: error(lean.unknownIdentifier): Unknown identifier `H`

Note: It is not possible to treat `H` as an implicitly bound variable here because the `autoImplicit` option is set to `false`.
./.local/physics-acceptance-20261010/cutoff-time-owner/environment-verification-source72d341e7/src/IndependentCutoffTimeConsumer.lean:23:6: error(lean.unknownIdentifier): Unknown identifier `FullYPairedParseval.direction`
./.local/physics-acceptance-20261010/cutoff-time-owner/environment-verification-source72d341e7/src/IndependentCutoffTimeConsumer.lean:24:31: error(lean.unknownIdentifier): Unknown identifier `sourceLine`

Note: It is not possible to treat `sourceLine` as an implicitly bound variable here because the `autoImplicit` option is set to `false`.
./.local/physics-acceptance-20261010/cutoff-time-owner/environment-verification-source72d341e7/src/IndependentCutoffTimeConsumer.lean:26:13: error(lean.unknownIdentifier): Unknown identifier `Index`

Note: It is not possible to treat `Index` as an implicitly bound variable here because the `autoImplicit` option is set to `false`.
./.local/physics-acceptance-20261010/cutoff-time-owner/environment-verification-source72d341e7/src/IndependentCutoffTimeConsumer.lean:27:28: error(lean.unknownIdentifier): Unknown identifier `H`

Note: It is not possible to treat `H` as an implicitly bound variable here because the `autoImplicit` option is set to `false`.
./.local/physics-acceptance-20261010/cutoff-time-owner/environment-verification-source72d341e7/src/IndependentCutoffTimeConsumer.lean:28:38: error(lean.unknownIdentifier): Unknown identifier `frequency`

Note: It is not possible to treat `frequency` as an implicitly bound variable here because the `autoImplicit` option is set to `false`.
./.local/physics-acceptance-20261010/cutoff-time-owner/environment-verification-source72d341e7/src/IndependentCutoffTimeConsumer.lean:29:64: error: (deterministic) timeout at `whnf`, maximum number of heartbeats (1200000) has been reached

Note: Use `set_option maxHeartbeats <num>` to set the limit.

Hint: Additional diagnostic information may be available using the `set_option diagnostics true` command.
'LowEnergy.ActualThreeParticleCutoffTime.actual_wave_square_integrable' depends on axioms: [propext,
 Classical.choice,
 Quot.sound]
'LowEnergy.ActualThreeParticleCutoffTime.actual_wave_fourier' depends on axioms: [propext, Classical.choice, Quot.sound]
'LowEnergy.ActualThreeParticleCutoffTime.actual_absolute_time_mass' depends on axioms: [propext,
 Classical.choice,
 Quot.sound]
