warning: mathlib: repository './Lean/.lake/packages/mathlib' has local changes
warning: batteries: repository './Lean/.lake/packages/batteries' has local changes
ℹ [357/575] Replayed H0mework.Foundation.Source.Root
info: H0mework/Foundation/Source/Root.lean:544:0: 'SaturationMonoid.ResponsibilityLifecycle.LivingLawEvolution.ConstructiveRoot.LedgerEntryEvolutionAt.toDebtLineage' does not depend on any axioms
ℹ [545/575] Replayed H0mework.Foundation.Semantics.TheoryState
info: H0mework/Foundation/Semantics/TheoryState.lean:137:0: 'SaturationMonoid.ResponsibilityLifecycle.LivingLawEvolution.TheoryState.rootSemantic_actualExpressibilityFailure_isEmpty' does not depend on any axioms
ℹ [561/575] Replayed H0mework.Foundation.Ledger.OriginOrBirth
info: H0mework/Foundation/Ledger/OriginOrBirth.lean:141:0: 'SaturationMonoid.ResponsibilityLifecycle.LivingLawEvolution.ConstructiveRoot.ExactTargetDebtOriginAt.excludesFresh' does not depend on any axioms
info: H0mework/Foundation/Ledger/OriginOrBirth.lean:142:0: 'SaturationMonoid.ResponsibilityLifecycle.LivingLawEvolution.ConstructiveRoot.LedgerWriteEvolutionAt.targetOldOrigin' does not depend on any axioms
info: H0mework/Foundation/Ledger/OriginOrBirth.lean:143:0: 'SaturationMonoid.ResponsibilityLifecycle.LivingLawEvolution.ConstructiveRoot.LedgerWriteEvolutionAt.excludesTargetFresh' does not depend on any axioms
info: H0mework/Foundation/Ledger/OriginOrBirth.lean:144:0: 'SaturationMonoid.ResponsibilityLifecycle.LivingLawEvolution.ConstructiveRoot.ExactTargetOldOriginProvenanceAt.excludesBirthFreshness' does not depend on any axioms
ℹ [562/575] Replayed H0mework.Realization.Audit.DebtFirstWrite
info: H0mework/Realization/Audit/DebtFirstWrite.lean:187:0: 'SaturationMonoid.ResponsibilityLifecycle.LivingLawEvolution.ConstructiveRoot.DebtAdmissionFirstWrite.SourceGeneratedDebtAdmissionFirstWriteAt.initialBudget_positive' depends on axioms: [propext]
info: H0mework/Realization/Audit/DebtFirstWrite.lean:188:0: 'SaturationMonoid.ResponsibilityLifecycle.LivingLawEvolution.ConstructiveRoot.DebtAdmissionFirstWrite.ordinaryEvolution_cannot_admit' depends on axioms: [propext]
ℹ [566/752] Replayed H0mework.Versions.R2.Foundation.Source.SequentialAction
info: H0mework/Versions/R2/Foundation/Source/SequentialAction.lean:348:0: 'SaturationMonoid.ResponsibilityLifecycle.LivingLawEvolution.ConstructiveRoot.RootInquiryCompletion.SourceNativeSequentialActualActionTargetAt.initialOpenLedger_injective' does not depend on any axioms
info: H0mework/Versions/R2/Foundation/Source/SequentialAction.lean:349:0: 'SaturationMonoid.ResponsibilityLifecycle.LivingLawEvolution.ConstructiveRoot.RootInquiryCompletion.SourceNativeSequentialActualActionTargetAt.targetAnswerAndNext_next_eq' does not depend on any axioms
ℹ [568/752] Replayed H0mework.Versions.R2.Foundation.Inquiry.SemanticRevision
info: H0mework/Versions/R2/Foundation/Inquiry/SemanticRevision.lean:842:0: 'SaturationMonoid.ResponsibilityLifecycle.LivingLawEvolution.ConstructiveRoot.TypedSemanticWorldNetworkU8.GeneratedTypedSemanticWorldNetworkRevisionAt.SourceGeneratedFirstWriteGenuineSplitAt.ofCompilerSelectedSplit' does not depend on any axioms
info: H0mework/Versions/R2/Foundation/Inquiry/SemanticRevision.lean:843:0: 'SaturationMonoid.ResponsibilityLifecycle.LivingLawEvolution.ConstructiveRoot.TypedSemanticWorldNetworkU8.FieldGroundedTypedSemanticWorldNetworkRevisionAt.ofSourceGeneratedRestructuring' does not depend on any axioms
info: H0mework/Versions/R2/Foundation/Inquiry/SemanticRevision.lean:844:0: 'SaturationMonoid.ResponsibilityLifecycle.LivingLawEvolution.ConstructiveRoot.TypedSemanticWorldNetworkU8.FieldGroundedTypedSemanticWorldNetworkRevisionAt.eq_of_generate_eq' does not depend on any axioms
ℹ [571/752] Replayed H0mework.Versions.R2.Foundation.Inquiry.Protocol
info: H0mework/Versions/R2/Foundation/Inquiry/Protocol.lean:1356:0: 'SaturationMonoid.ResponsibilityLifecycle.LivingLawEvolution.ConstructiveRoot.RootInquiryCompletion.SourceNativeInquiryCofaceRealizationAt.ofExactCofaceSource' does not depend on any axioms
info: H0mework/Versions/R2/Foundation/Inquiry/Protocol.lean:1357:0: 'SaturationMonoid.ResponsibilityLifecycle.LivingLawEvolution.ConstructiveRoot.RootInquiryCompletion.SourceNativeInquiryCofaceRealizationAt.ofGeneratedRevision' does not depend on any axioms
ℹ [573/752] Replayed H0mework.Versions.R2.Foundation.Inquiry.Engine
info: H0mework/Versions/R2/Foundation/Inquiry/Engine.lean:1341:0: 'SaturationMonoid.ResponsibilityLifecycle.LivingLawEvolution.ConstructiveRoot.RootInquiryCompletion.RootInquiryProcessNode.active_directlyAnswered_successor_valid' depends on axioms: [propext]
info: H0mework/Versions/R2/Foundation/Inquiry/Engine.lean:1342:0: 'SaturationMonoid.ResponsibilityLifecycle.LivingLawEvolution.ConstructiveRoot.RootInquiryCompletion.RootInquiryProcessNode.active_directlyAnswered_terminalHandoff_successor_valid' depends on axioms: [propext]
info: H0mework/Versions/R2/Foundation/Inquiry/Engine.lean:1343:0: 'SaturationMonoid.ResponsibilityLifecycle.LivingLawEvolution.ConstructiveRoot.RootInquiryCompletion.RootInquiryProcessNode.active_actualAction_successor_valid' depends on axioms: [propext]
ℹ [3246/3250] Replayed H0mework.Versions.R2.Foundation.Responsibility.NoetherianClosure
info: H0mework/Versions/R2/Foundation/Responsibility/NoetherianClosure.lean:586:0: 'SaturationMonoid.ResponsibilityLifecycle.LivingLawEvolution.ConstructiveRoot.no_noetherianDebtClosureLaw_of_budget_eq_zero_of_noLocalTerminal' does not depend on any axioms
info: H0mework/Versions/R2/Foundation/Responsibility/NoetherianClosure.lean:587:0: 'SaturationMonoid.ResponsibilityLifecycle.LivingLawEvolution.ConstructiveRoot.sourceNativePaidRootDebtContinuationRel_wellFounded' does not depend on any axioms
info: H0mework/Versions/R2/Foundation/Responsibility/NoetherianClosure.lean:588:0: 'SaturationMonoid.ResponsibilityLifecycle.LivingLawEvolution.ConstructiveRoot.no_paidRootDebtMacro_self_return' does not depend on any axioms
ℹ [4321/4514] Replayed H0mework.Checks.SecondEdition.V2.Framework.SourcePolicy.Births
info: H0mework/Checks/SecondEdition/V2/Framework/SourcePolicy/Births.lean:81:0: 'SaturationMonoid.ResponsibilityLifecycle.LivingLawEvolution.ConstructiveRoot.SourceOperationInquiry.Context.Faces.Execution.Activation.Shared.Completion.Births.birthIndex_strictMono' depends on axioms: [propext,
 Classical.choice,
 Quot.sound]
info: H0mework/Checks/SecondEdition/V2/Framework/SourcePolicy/Births.lean:82:0: 'SaturationMonoid.ResponsibilityLifecycle.LivingLawEvolution.ConstructiveRoot.SourcePolicyBirthControls.cover_after' depends on axioms: [propext,
 Classical.choice,
 Quot.sound]
info: H0mework/Checks/SecondEdition/V2/Framework/SourcePolicy/Births.lean:83:0: 'SaturationMonoid.ResponsibilityLifecycle.LivingLawEvolution.ConstructiveRoot.SourceOperationInquiry.Context.Faces.Execution.Activation.Shared.Completion.Births.actual_action' depends on axioms: [propext,
 Classical.choice,
 Quot.sound]
info: H0mework/Checks/SecondEdition/V2/Framework/SourcePolicy/Births.lean:84:0: 'SaturationMonoid.ResponsibilityLifecycle.LivingLawEvolution.ConstructiveRoot.SourceOperationInquiry.Context.Faces.Execution.Activation.Shared.Completion.Births.actual_next' depends on axioms: [propext,
 Classical.choice,
 Quot.sound]
info: H0mework/Checks/SecondEdition/V2/Framework/SourcePolicy/Births.lean:85:0: 'SaturationMonoid.ResponsibilityLifecycle.LivingLawEvolution.ConstructiveRoot.SourceOperationInquiry.Context.Faces.Execution.Activation.Shared.Completion.Births.actual_compiles' depends on axioms: [propext,
 Classical.choice,
 Quot.sound]
info: H0mework/Checks/SecondEdition/V2/Framework/SourcePolicy/Births.lean:86:0: 'SaturationMonoid.ResponsibilityLifecycle.LivingLawEvolution.ConstructiveRoot.SourcePolicyBirthControls.covered_tick_read' depends on axioms: [propext,
 Classical.choice,
 Quot.sound]
info: H0mework/Checks/SecondEdition/V2/Framework/SourcePolicy/Births.lean:87:0: 'SaturationMonoid.ResponsibilityLifecycle.LivingLawEvolution.ConstructiveRoot.SourcePolicyBirthControls.actual_birth_receipt' depends on axioms: [propext,
 Classical.choice,
 Quot.sound]
info: H0mework/Checks/SecondEdition/V2/Framework/SourcePolicy/Births.lean:88:0: 'SaturationMonoid.ResponsibilityLifecycle.LivingLawEvolution.ConstructiveRoot.SourcePolicyBirthControls.born_raw_environment' depends on axioms: [propext,
 Classical.choice,
 Quot.sound]
info: H0mework/Checks/SecondEdition/V2/Framework/SourcePolicy/Births.lean:89:0: 'SaturationMonoid.ResponsibilityLifecycle.LivingLawEvolution.ConstructiveRoot.SourcePolicyBirthControls.observed_after_birth' depends on axioms: [propext,
 Classical.choice,
 Quot.sound]
info: H0mework/Checks/SecondEdition/V2/Framework/SourcePolicy/Births.lean:90:0: 'SaturationMonoid.ResponsibilityLifecycle.LivingLawEvolution.ConstructiveRoot.SourcePolicyBirthControls.birth_stage_delta' depends on axioms: [propext,
 Classical.choice,
 Quot.sound]
ℹ [4746/4864] Replayed H0mework.Checks.SecondEdition.V2.Framework.SourcePolicy.Selectedstockbirth
info: H0mework/Checks/SecondEdition/V2/Framework/SourcePolicy/Selectedstockbirth.lean:82:0: 'SaturationMonoid.ResponsibilityLifecycle.LivingLawEvolution.ConstructiveRoot.SourceOperationInquiry.Context.Native.Frame.Stock.Birth.selected_action' depends on axioms: [propext,
 Classical.choice,
 Quot.sound]
info: H0mework/Checks/SecondEdition/V2/Framework/SourcePolicy/Selectedstockbirth.lean:83:0: 'SaturationMonoid.ResponsibilityLifecycle.LivingLawEvolution.ConstructiveRoot.SourceOperationInquiry.Context.Native.Frame.Stock.Birth.selected_compile' depends on axioms: [propext,
 Classical.choice,
 Quot.sound]
info: H0mework/Checks/SecondEdition/V2/Framework/SourcePolicy/Selectedstockbirth.lean:84:0: 'SaturationMonoid.ResponsibilityLifecycle.LivingLawEvolution.ConstructiveRoot.SourceOperationInquiry.Context.Native.Frame.Stock.Birth.macro_next' depends on axioms: [propext,
 Classical.choice,
 Quot.sound]
info: H0mework/Checks/SecondEdition/V2/Framework/SourcePolicy/Selectedstockbirth.lean:85:0: 'SaturationMonoid.ResponsibilityLifecycle.LivingLawEvolution.ConstructiveRoot.SourceOperationInquiry.Context.Native.Frame.Stock.Birth.actual_root' depends on axioms: [propext,
 Classical.choice,
 Quot.sound]
info: H0mework/Checks/SecondEdition/V2/Framework/SourcePolicy/Selectedstockbirth.lean:86:0: 'SaturationMonoid.ResponsibilityLifecycle.LivingLawEvolution.ConstructiveRoot.SourcePolicySelectedStockBirthControls.selected_macro_answer' depends on axioms: [propext,
 Classical.choice,
 Quot.sound]
info: H0mework/Checks/SecondEdition/V2/Framework/SourcePolicy/Selectedstockbirth.lean:87:0: 'SaturationMonoid.ResponsibilityLifecycle.LivingLawEvolution.ConstructiveRoot.SourcePolicySelectedStockBirthControls.selected_macro_current' depends on axioms: [propext,
 Classical.choice,
 Quot.sound]
info: H0mework/Checks/SecondEdition/V2/Framework/SourcePolicy/Selectedstockbirth.lean:88:0: 'SaturationMonoid.ResponsibilityLifecycle.LivingLawEvolution.ConstructiveRoot.SourcePolicySelectedStockBirthControls.selected_actual_stock' depends on axioms: [propext,
 Classical.choice,
 Quot.sound]
info: H0mework/Checks/SecondEdition/V2/Framework/SourcePolicy/Selectedstockbirth.lean:89:0: 'SaturationMonoid.ResponsibilityLifecycle.LivingLawEvolution.ConstructiveRoot.SourcePolicySelectedStockBirthControls.selected_current_stock' depends on axioms: [propext,
 Classical.choice,
 Quot.sound]
info: H0mework/Checks/SecondEdition/V2/Framework/SourcePolicy/Selectedstockbirth.lean:90:0: 'SaturationMonoid.ResponsibilityLifecycle.LivingLawEvolution.ConstructiveRoot.SourcePolicySelectedStockBirthControls.selected_receipt' depends on axioms: [propext,
 Classical.choice,
 Quot.sound]
info: H0mework/Checks/SecondEdition/V2/Framework/SourcePolicy/Selectedstockbirth.lean:91:0: 'SaturationMonoid.ResponsibilityLifecycle.LivingLawEvolution.ConstructiveRoot.SourcePolicySelectedStockBirthControls.canonical_visit' depends on axioms: [propext,
 Classical.choice,
 Quot.sound]
info: H0mework/Checks/SecondEdition/V2/Framework/SourcePolicy/Selectedstockbirth.lean:92:0: 'SaturationMonoid.ResponsibilityLifecycle.LivingLawEvolution.ConstructiveRoot.SourcePolicySelectedStockBirthControls.initial_ne_first_next' depends on axioms: [propext,
 Classical.choice,
 Quot.sound]
info: H0mework/Checks/SecondEdition/V2/Framework/SourcePolicy/Selectedstockbirth.lean:93:0: 'SaturationMonoid.ResponsibilityLifecycle.LivingLawEvolution.ConstructiveRoot.SourcePolicySelectedStockBirthControls.actual_paid_after_birth' depends on axioms: [propext,
 Classical.choice,
 Quot.sound]
info: H0mework/Checks/SecondEdition/V2/Framework/SourcePolicy/Selectedstockbirth.lean:94:0: 'SaturationMonoid.ResponsibilityLifecycle.LivingLawEvolution.ConstructiveRoot.SourcePolicySelectedStockBirthControls.actual_paid_compiler' depends on axioms: [propext,
 Classical.choice,
 Quot.sound]
ℹ [4747/4864] Replayed H0mework.Checks.SecondEdition.V2.Framework.SourcePolicy.Paidprefix
info: H0mework/Checks/SecondEdition/V2/Framework/SourcePolicy/Paidprefix.lean:69:0: 'SaturationMonoid.ResponsibilityLifecycle.LivingLawEvolution.ConstructiveRoot.SourceOperationInquiry.Context.Faces.Execution.Activation.Shared.Completion.Prefix.prefix_budget' depends on axioms: [propext,
 Classical.choice,
 Quot.sound]
info: H0mework/Checks/SecondEdition/V2/Framework/SourcePolicy/Paidprefix.lean:70:0: 'SaturationMonoid.ResponsibilityLifecycle.LivingLawEvolution.ConstructiveRoot.SourceOperationInquiry.Context.Faces.Execution.Activation.Shared.Completion.Prefix.paid_at_offset' depends on axioms: [propext,
 Classical.choice,
 Quot.sound]
info: H0mework/Checks/SecondEdition/V2/Framework/SourcePolicy/Paidprefix.lean:71:0: 'SaturationMonoid.ResponsibilityLifecycle.LivingLawEvolution.ConstructiveRoot.SourceOperationInquiry.Context.Faces.Execution.Activation.Shared.Completion.Prefix.receipt_distance_exact' depends on axioms: [propext,
 Classical.choice,
 Quot.sound]
info: H0mework/Checks/SecondEdition/V2/Framework/SourcePolicy/Paidprefix.lean:72:0: 'SaturationMonoid.ResponsibilityLifecycle.LivingLawEvolution.ConstructiveRoot.SourceOperationInquiry.Context.Faces.Execution.Activation.Shared.Completion.Prefix.receipt_paid_prefix' depends on axioms: [propext,
 Classical.choice,
 Quot.sound]
info: H0mework/Checks/SecondEdition/V2/Framework/SourcePolicy/Paidprefix.lean:73:0: 'SaturationMonoid.ResponsibilityLifecycle.LivingLawEvolution.ConstructiveRoot.SourceOperationInquiry.Context.Faces.Execution.Activation.Shared.Completion.Prefix.receipt_read' depends on axioms: [propext,
 Classical.choice,
 Quot.sound]
info: H0mework/Checks/SecondEdition/V2/Framework/SourcePolicy/Paidprefix.lean:74:0: 'SaturationMonoid.ResponsibilityLifecycle.LivingLawEvolution.ConstructiveRoot.SourceOperationInquiry.Context.Faces.Execution.Activation.Shared.Completion.Prefix.receipt_environment' depends on axioms: [propext,
 Classical.choice,
 Quot.sound]
info: H0mework/Checks/SecondEdition/V2/Framework/SourcePolicy/Paidprefix.lean:75:0: 'SaturationMonoid.ResponsibilityLifecycle.LivingLawEvolution.ConstructiveRoot.SourcePolicyPaidPrefixControls.actual_birth_after_positive' depends on axioms: [propext,
 Classical.choice,
 Quot.sound]
info: H0mework/Checks/SecondEdition/V2/Framework/SourcePolicy/Paidprefix.lean:76:0: 'SaturationMonoid.ResponsibilityLifecycle.LivingLawEvolution.ConstructiveRoot.SourcePolicyPaidPrefixControls.actual_first_paid' depends on axioms: [propext,
 Classical.choice,
 Quot.sound]
info: H0mework/Checks/SecondEdition/V2/Framework/SourcePolicy/Paidprefix.lean:77:0: 'SaturationMonoid.ResponsibilityLifecycle.LivingLawEvolution.ConstructiveRoot.SourcePolicyPaidPrefixControls.actual_settled_zero' depends on axioms: [propext,
 Classical.choice,
 Quot.sound]
info: H0mework/Checks/SecondEdition/V2/Framework/SourcePolicy/Paidprefix.lean:78:0: 'SaturationMonoid.ResponsibilityLifecycle.LivingLawEvolution.ConstructiveRoot.SourcePolicyPaidPrefixControls.actual_settled_next' depends on axioms: [propext,
 Classical.choice,
 Quot.sound]
info: H0mework/Checks/SecondEdition/V2/Framework/SourcePolicy/Paidprefix.lean:79:0: 'SaturationMonoid.ResponsibilityLifecycle.LivingLawEvolution.ConstructiveRoot.SourcePolicyPaidPrefixControls.actual_settled_compiles' depends on axioms: [propext,
 Classical.choice,
 Quot.sound]
info: H0mework/Checks/SecondEdition/V2/Framework/SourcePolicy/Paidprefix.lean:80:0: 'SaturationMonoid.ResponsibilityLifecycle.LivingLawEvolution.ConstructiveRoot.SourcePolicyPaidPrefixControls.actual_environment' depends on axioms: [propext,
 Classical.choice,
 Quot.sound]
ℹ [5271/5386] Replayed H0mework.Arithmetic.Mellin.QuarterTransform
info: H0mework/Arithmetic/Mellin/QuarterTransform.lean:95:2: Try this:
  [apply] ring_nf
  
  The `ring` tactic failed to close the goal. Use `ring_nf` to obtain a normal form.
    
  Note that `ring` works primarily in *commutative* rings. If you have a noncommutative ring, abelian group or module, consider using `noncomm_ring`, `abel` or `module` instead.
info: H0mework/Arithmetic/Mellin/QuarterTransform.lean:145:2: Try this:
  [apply] ring_nf
  
  The `ring` tactic failed to close the goal. Use `ring_nf` to obtain a normal form.
    
  Note that `ring` works primarily in *commutative* rings. If you have a noncommutative ring, abelian group or module, consider using `noncomm_ring`, `abel` or `module` instead.
info: H0mework/Arithmetic/Mellin/QuarterTransform.lean:162:2: Try this:
  [apply] ring_nf
  
  The `ring` tactic failed to close the goal. Use `ring_nf` to obtain a normal form.
    
  Note that `ring` works primarily in *commutative* rings. If you have a noncommutative ring, abelian group or module, consider using `noncomm_ring`, `abel` or `module` instead.
ℹ [5272/5386] Replayed H0mework.Arithmetic.Mellin.QuarterL2
info: H0mework/Arithmetic/Mellin/QuarterL2.lean:84:6: Try this:
  [apply] ring_nf
  
  The `ring` tactic failed to close the goal. Use `ring_nf` to obtain a normal form.
    
  Note that `ring` works primarily in *commutative* rings. If you have a noncommutative ring, abelian group or module, consider using `noncomm_ring`, `abel` or `module` instead.
info: H0mework/Arithmetic/Mellin/QuarterL2.lean:165:4: Try this:
  [apply] ring_nf
  
  The `ring` tactic failed to close the goal. Use `ring_nf` to obtain a normal form.
    
  Note that `ring` works primarily in *commutative* rings. If you have a noncommutative ring, abelian group or module, consider using `noncomm_ring`, `abel` or `module` instead.
ℹ [5317/5386] Replayed H0mework.Realization.Integral.IndistinguishablePair
info: H0mework/Realization/Integral/IndistinguishablePair.lean:108:0: 'SaturationMonoid.ResponsibilityLifecycle.LivingLawEvolution.ConstructiveRoot.SourceGeneratedIntegralIndistinguishableParticlePair.projection_tmul_swap' depends on axioms: [propext,
 Classical.choice,
 Quot.sound]
info: H0mework/Realization/Integral/IndistinguishablePair.lean:109:0: 'SaturationMonoid.ResponsibilityLifecycle.LivingLawEvolution.ConstructiveRoot.SourceGeneratedIntegralIndistinguishableParticlePair.descend_projection' depends on axioms: [propext,
 Classical.choice,
 Quot.sound]
ℹ [5318/5386] Replayed H0mework.Versions.R2.Arithmetic.FockState.IndistinguishablePairs
info: H0mework/Versions/R2/Arithmetic/FockState/IndistinguishablePairs.lean:178:0: 'SaturationMonoid.ResponsibilityLifecycle.LivingLawEvolution.ConstructiveRoot.NoIslandNoMagic.CanonicalArithmeticState.ParticleWaveFock.physicalPairState_swap' depends on axioms: [propext,
 Classical.choice,
 Quot.sound]
info: H0mework/Versions/R2/Arithmetic/FockState/IndistinguishablePairs.lean:179:0: 'SaturationMonoid.ResponsibilityLifecycle.LivingLawEvolution.ConstructiveRoot.NoIslandNoMagic.CanonicalArithmeticState.ParticleWaveFock.physicalJointMeasurement_unique' depends on axioms: [propext,
 Classical.choice,
 Quot.sound]
ℹ [5351/5386] Replayed H0mework.Versions.R2.Arithmetic.EulerLocal.UnitDeterminantAction
info: H0mework/Versions/R2/Arithmetic/EulerLocal/UnitDeterminantAction.lean:561:8: Try this:
  [apply] abel_nf
ℹ [5518/5595] Replayed H0mework.Versions.R2.Arithmetic.FockUnitAction.FourierSibling
info: H0mework/Versions/R2/Arithmetic/FockUnitAction/FourierSibling.lean:275:0: 'SaturationMonoid.ResponsibilityLifecycle.LivingLawEvolution.ConstructiveRoot.NoIslandNoMagic.CanonicalArithmeticState.ParticleWaveFockRuntimeExactPrimeFourierSibling.runtimePrimeOnlyWeightedNaturalCorrelation_eq_fourierCoefficient' depends on axioms: [propext,
 Classical.choice,
 Quot.sound]
info: H0mework/Versions/R2/Arithmetic/FockUnitAction/FourierSibling.lean:276:0: 'SaturationMonoid.ResponsibilityLifecycle.LivingLawEvolution.ConstructiveRoot.NoIslandNoMagic.CanonicalArithmeticState.ParticleWaveFockRuntimeExactPrimeFourierSibling.ownerPrimeOnlyComplexWeight_eq_exact' depends on axioms: [propext,
 Classical.choice,
 Quot.sound]
info: H0mework/Versions/R2/Arithmetic/FockUnitAction/FourierSibling.lean:277:0: 'SaturationMonoid.ResponsibilityLifecycle.LivingLawEvolution.ConstructiveRoot.NoIslandNoMagic.CanonicalArithmeticState.ParticleWaveFockRuntimeExactPrimeFourierSibling.runtimePrimeOnlyWeightedNaturalCorrelation_eq_exact' depends on axioms: [propext,
 Classical.choice,
 Quot.sound]
info: H0mework/Versions/R2/Arithmetic/FockUnitAction/FourierSibling.lean:278:0: 'SaturationMonoid.ResponsibilityLifecycle.LivingLawEvolution.ConstructiveRoot.NoIslandNoMagic.CanonicalArithmeticState.ParticleWaveFockRuntimeExactPrimeFourierSibling.effectiveFibre_nonempty_iff_exactPrimePairFiber' depends on axioms: [propext,
 Classical.choice,
 Quot.sound]
info: H0mework/Versions/R2/Arithmetic/FockUnitAction/FourierSibling.lean:279:0: 'SaturationMonoid.ResponsibilityLifecycle.LivingLawEvolution.ConstructiveRoot.NoIslandNoMagic.CanonicalArithmeticState.ParticleWaveFockRuntimeExactPrimeFourierSibling.runtimeAtomicOccupation_ne_zero_iff_primeOnlyWeightedNaturalCorrelation' depends on axioms: [propext,
 Classical.choice,
 Quot.sound]
info: H0mework/Versions/R2/Arithmetic/FockUnitAction/FourierSibling.lean:280:0: 'SaturationMonoid.ResponsibilityLifecycle.LivingLawEvolution.ConstructiveRoot.NoIslandNoMagic.CanonicalArithmeticState.ParticleWaveFockRuntimeExactPrimeFourierSibling.runtimeAtomicOccupation_ne_zero_iff_primeOnlyFourierCoefficient' depends on axioms: [propext,
 Classical.choice,
 Quot.sound]
info: H0mework/Versions/R2/Arithmetic/FockUnitAction/FourierSibling.lean:281:0: 'SaturationMonoid.ResponsibilityLifecycle.LivingLawEvolution.ConstructiveRoot.NoIslandNoMagic.CanonicalArithmeticState.ParticleWaveFockRuntimeExactPrimeFourierSibling.runtimeExactOwnerPrimeOnlyFourierSibling' depends on axioms: [propext,
 Classical.choice,
 Quot.sound]
ℹ [5578/5595] Replayed H0mework.Checks.SecondEdition.V2.Framework.SourcePolicy.Querytracereturn
info: H0mework/Checks/SecondEdition/V2/Framework/SourcePolicy/Querytracereturn.lean:64:88: Type mismatch
  event
has type
  PresentedRelationEventAt (Expr (PairValue Value) Var sort)
but is expected to have type
  PresentedRelationEventAt (Expr (PairValue Value) configuration.LowVar sort)
info: H0mework/Checks/SecondEdition/V2/Framework/SourcePolicy/Querytracereturn.lean:63:0: fun event =>
  have this := sorry;
  this : PresentedRelationEventAt (Expr (PairValue Value) Var sort) →
  PresentedRelationEventAt (Expr (PairValue Value) configuration.LowVar sort)
info: H0mework/Checks/SecondEdition/V2/Framework/SourcePolicy/Querytracereturn.lean:66:0: 'SaturationMonoid.ResponsibilityLifecycle.LivingLawEvolution.ConstructiveRoot.SourcePolicyQueryTraceReturnControls.source_event_exists' depends on axioms: [propext,
 Classical.choice,
 Quot.sound]
info: H0mework/Checks/SecondEdition/V2/Framework/SourcePolicy/Querytracereturn.lean:67:0: 'SaturationMonoid.ResponsibilityLifecycle.LivingLawEvolution.ConstructiveRoot.SourcePolicyQueryTraceReturnControls.born_field_is_real' depends on axioms: [propext,
 Classical.choice,
 Quot.sound]
info: H0mework/Checks/SecondEdition/V2/Framework/SourcePolicy/Querytracereturn.lean:68:0: 'SaturationMonoid.ResponsibilityLifecycle.LivingLawEvolution.ConstructiveRoot.SourcePolicyQueryTraceReturnControls.root_reaches_next_query' depends on axioms: [propext,
 Classical.choice,
 Quot.sound]
info: H0mework/Checks/SecondEdition/V2/Framework/SourcePolicy/Querytracereturn.lean:69:0: 'SaturationMonoid.ResponsibilityLifecycle.LivingLawEvolution.ConstructiveRoot.SourcePolicyQueryTraceReturnControls.root_in_next_born_inventory' depends on axioms: [propext,
 Classical.choice,
 Quot.sound]
info: H0mework/Checks/SecondEdition/V2/Framework/SourcePolicy/Querytracereturn.lean:70:0: 'SaturationMonoid.ResponsibilityLifecycle.LivingLawEvolution.ConstructiveRoot.SourcePolicyQueryTraceReturnControls.all_fresh_events_written' depends on axioms: [propext,
 Classical.choice,
 Quot.sound]
info: H0mework/Checks/SecondEdition/V2/Framework/SourcePolicy/Querytracereturn.lean:71:0: 'SaturationMonoid.ResponsibilityLifecycle.LivingLawEvolution.ConstructiveRoot.SourcePolicyQueryTraceReturnControls.source_binding_expression' depends on axioms: [propext,
 Classical.choice,
 Quot.sound]
info: H0mework/Checks/SecondEdition/V2/Framework/SourcePolicy/Querytracereturn.lean:72:0: 'SaturationMonoid.ResponsibilityLifecycle.LivingLawEvolution.ConstructiveRoot.SourcePolicyQueryTraceReturnControls.source_binding_relation' depends on axioms: [propext,
 Classical.choice,
 Quot.sound]
info: H0mework/Checks/SecondEdition/V2/Framework/SourcePolicy/Querytracereturn.lean:73:0: 'SaturationMonoid.ResponsibilityLifecycle.LivingLawEvolution.ConstructiveRoot.SourcePolicyQueryTraceReturnControls.actual_born_occurrence' depends on axioms: [propext,
 Classical.choice,
 Quot.sound]
info: H0mework/Checks/SecondEdition/V2/Framework/SourcePolicy/Querytracereturn.lean:74:0: 'SaturationMonoid.ResponsibilityLifecycle.LivingLawEvolution.ConstructiveRoot.SourcePolicyQueryTraceReturnControls.generated_whole_inverse_next' depends on axioms: [propext,
 Classical.choice,
 Quot.sound]
info: H0mework/Checks/SecondEdition/V2/Framework/SourcePolicy/Querytracereturn.lean:75:0: 'SaturationMonoid.ResponsibilityLifecycle.LivingLawEvolution.ConstructiveRoot.SourcePolicyQueryTraceReturnControls.actual_full_frame_return' depends on axioms: [propext,
 Classical.choice,
 Quot.sound]
ℹ [5582/5684] Replayed H0mework.Checks.SecondEdition.V2.Framework.SourcePolicy.Fullframe
info: H0mework/Checks/SecondEdition/V2/Framework/SourcePolicy/Fullframe.lean:119:0: 'SaturationMonoid.ResponsibilityLifecycle.LivingLawEvolution.ConstructiveRoot.SourceOperationInquiry.Context.Native.Frame.fullword_read' depends on axioms: [propext,
 Classical.choice,
 Quot.sound]
info: H0mework/Checks/SecondEdition/V2/Framework/SourcePolicy/Fullframe.lean:120:0: 'SaturationMonoid.ResponsibilityLifecycle.LivingLawEvolution.ConstructiveRoot.SourceOperationInquiry.Context.Native.Frame.model_next' depends on axioms: [propext,
 Classical.choice,
 Quot.sound]
info: H0mework/Checks/SecondEdition/V2/Framework/SourcePolicy/Fullframe.lean:121:0: 'SaturationMonoid.ResponsibilityLifecycle.LivingLawEvolution.ConstructiveRoot.SourceOperationInquiry.Context.Native.Frame.inventory_next' depends on axioms: [propext,
 Classical.choice,
 Quot.sound]
info: H0mework/Checks/SecondEdition/V2/Framework/SourcePolicy/Fullframe.lean:122:0: 'SaturationMonoid.ResponsibilityLifecycle.LivingLawEvolution.ConstructiveRoot.SourceOperationInquiry.Context.Native.Frame.paid_depth_next' depends on axioms: [propext,
 Classical.choice,
 Quot.sound]
info: H0mework/Checks/SecondEdition/V2/Framework/SourcePolicy/Fullframe.lean:123:0: 'SaturationMonoid.ResponsibilityLifecycle.LivingLawEvolution.ConstructiveRoot.SourcePolicyFullFrameControls.full_current_next' depends on axioms: [propext,
 Classical.choice,
 Quot.sound]
info: H0mework/Checks/SecondEdition/V2/Framework/SourcePolicy/Fullframe.lean:124:0: 'SaturationMonoid.ResponsibilityLifecycle.LivingLawEvolution.ConstructiveRoot.SourcePolicyFullFrameControls.full_actual_inventory' depends on axioms: [propext,
 Classical.choice,
 Quot.sound]
info: H0mework/Checks/SecondEdition/V2/Framework/SourcePolicy/Fullframe.lean:125:0: 'SaturationMonoid.ResponsibilityLifecycle.LivingLawEvolution.ConstructiveRoot.SourcePolicyFullFrameControls.actual_macro_effect' depends on axioms: [propext,
 Classical.choice,
 Quot.sound]
info: H0mework/Checks/SecondEdition/V2/Framework/SourcePolicy/Fullframe.lean:126:0: 'SaturationMonoid.ResponsibilityLifecycle.LivingLawEvolution.ConstructiveRoot.SourcePolicyFullFrameControls.actual_receipt' depends on axioms: [propext,
 Classical.choice,
 Quot.sound]
info: H0mework/Checks/SecondEdition/V2/Framework/SourcePolicy/Fullframe.lean:127:0: 'SaturationMonoid.ResponsibilityLifecycle.LivingLawEvolution.ConstructiveRoot.SourcePolicyFullFrameControls.same_source_next' depends on axioms: [propext,
 Classical.choice,
 Quot.sound]
info: H0mework/Checks/SecondEdition/V2/Framework/SourcePolicy/Fullframe.lean:128:0: 'SaturationMonoid.ResponsibilityLifecycle.LivingLawEvolution.ConstructiveRoot.SourcePolicyFullFrameControls.typed_phase_preserved' depends on axioms: [propext,
 Classical.choice,
 Quot.sound]
info: H0mework/Checks/SecondEdition/V2/Framework/SourcePolicy/Fullframe.lean:129:0: 'SaturationMonoid.ResponsibilityLifecycle.LivingLawEvolution.ConstructiveRoot.SourcePolicyFullFrameControls.actual_paid_after_birth' depends on axioms: [propext,
 Classical.choice,
 Quot.sound]
info: H0mework/Checks/SecondEdition/V2/Framework/SourcePolicy/Fullframe.lean:130:0: 'SaturationMonoid.ResponsibilityLifecycle.LivingLawEvolution.ConstructiveRoot.SourcePolicyFullFrameControls.actual_paid_depth' depends on axioms: [propext,
 Classical.choice,
 Quot.sound]
info: H0mework/Checks/SecondEdition/V2/Framework/SourcePolicy/Fullframe.lean:131:0: 'SaturationMonoid.ResponsibilityLifecycle.LivingLawEvolution.ConstructiveRoot.SourcePolicyFullFrameControls.paid_faithful_fibre' depends on axioms: [propext,
 Classical.choice,
 Quot.sound]
info: H0mework/Checks/SecondEdition/V2/Framework/SourcePolicy/Fullframe.lean:132:0: 'SaturationMonoid.ResponsibilityLifecycle.LivingLawEvolution.ConstructiveRoot.SourcePolicyFullFrameControls.actual_paid_fibre' depends on axioms: [propext,
 Classical.choice,
 Quot.sound]
ℹ [5583/5684] Replayed H0mework.Checks.SecondEdition.V2.Framework.SourcePolicy.Stockquery
info: H0mework/Checks/SecondEdition/V2/Framework/SourcePolicy/Stockquery.lean:61:0: 'SaturationMonoid.ResponsibilityLifecycle.LivingLawEvolution.ConstructiveRoot.SourceOperationInquiry.Context.Native.Frame.Stock.full_model_next' depends on axioms: [propext,
 Classical.choice,
 Quot.sound]
info: H0mework/Checks/SecondEdition/V2/Framework/SourcePolicy/Stockquery.lean:62:0: 'SaturationMonoid.ResponsibilityLifecycle.LivingLawEvolution.ConstructiveRoot.SourceOperationInquiry.Context.Native.Frame.Stock.sealed_query' depends on axioms: [propext,
 Classical.choice,
 Quot.sound]
info: H0mework/Checks/SecondEdition/V2/Framework/SourcePolicy/Stockquery.lean:63:0: 'SaturationMonoid.ResponsibilityLifecycle.LivingLawEvolution.ConstructiveRoot.SourceOperationInquiry.Context.Native.Frame.Stock.source_query' depends on axioms: [propext,
 Classical.choice,
 Quot.sound]
info: H0mework/Checks/SecondEdition/V2/Framework/SourcePolicy/Stockquery.lean:64:0: 'SaturationMonoid.ResponsibilityLifecycle.LivingLawEvolution.ConstructiveRoot.SourceOperationInquiry.Context.Native.Frame.Stock.source_value' depends on axioms: [propext,
 Classical.choice,
 Quot.sound]
info: H0mework/Checks/SecondEdition/V2/Framework/SourcePolicy/Stockquery.lean:65:0: 'SaturationMonoid.ResponsibilityLifecycle.LivingLawEvolution.ConstructiveRoot.SourceOperationInquiry.Context.Native.Frame.Stock.source_trace' depends on axioms: [propext,
 Classical.choice,
 Quot.sound]
info: H0mework/Checks/SecondEdition/V2/Framework/SourcePolicy/Stockquery.lean:66:0: 'SaturationMonoid.ResponsibilityLifecycle.LivingLawEvolution.ConstructiveRoot.SourceOperationInquiry.Context.Native.Frame.Stock.born_stock' depends on axioms: [propext,
 Classical.choice,
 Quot.sound]
info: H0mework/Checks/SecondEdition/V2/Framework/SourcePolicy/Stockquery.lean:67:0: 'SaturationMonoid.ResponsibilityLifecycle.LivingLawEvolution.ConstructiveRoot.SourceOperationInquiry.Context.Native.Frame.Stock.registered_raw' depends on axioms: [propext,
 Classical.choice,
 Quot.sound]
info: H0mework/Checks/SecondEdition/V2/Framework/SourcePolicy/Stockquery.lean:68:0: 'SaturationMonoid.ResponsibilityLifecycle.LivingLawEvolution.ConstructiveRoot.SourceOperationInquiry.Context.Native.Frame.Stock.registered_state' depends on axioms: [propext,
 Classical.choice,
 Quot.sound]
info: H0mework/Checks/SecondEdition/V2/Framework/SourcePolicy/Stockquery.lean:69:0: 'SaturationMonoid.ResponsibilityLifecycle.LivingLawEvolution.ConstructiveRoot.SourceOperationInquiry.Context.Native.Frame.Stock.calculation_effect' depends on axioms: [propext,
 Classical.choice,
 Quot.sound]
info: H0mework/Checks/SecondEdition/V2/Framework/SourcePolicy/Stockquery.lean:70:0: 'SaturationMonoid.ResponsibilityLifecycle.LivingLawEvolution.ConstructiveRoot.SourceOperationInquiry.Context.Native.Frame.Stock.calculation_inverse' depends on axioms: [propext,
 Classical.choice,
 Quot.sound]
info: H0mework/Checks/SecondEdition/V2/Framework/SourcePolicy/Stockquery.lean:71:0: 'SaturationMonoid.ResponsibilityLifecycle.LivingLawEvolution.ConstructiveRoot.SourceOperationInquiry.Context.Native.Frame.Stock.calculation_whole' depends on axioms: [propext,
 Classical.choice,
 Quot.sound]
info: H0mework/Checks/SecondEdition/V2/Framework/SourcePolicy/Stockquery.lean:72:0: 'SaturationMonoid.ResponsibilityLifecycle.LivingLawEvolution.ConstructiveRoot.SourceOperationInquiry.Context.Native.Frame.Stock.calculation_next' depends on axioms: [propext,
 Classical.choice,
 Quot.sound]
info: H0mework/Checks/SecondEdition/V2/Framework/SourcePolicy/Stockquery.lean:73:0: 'SaturationMonoid.ResponsibilityLifecycle.LivingLawEvolution.ConstructiveRoot.SourceOperationInquiry.Context.Native.Frame.Stock.same_ledger' depends on axioms: [propext,
 Classical.choice,
 Quot.sound]
info: H0mework/Checks/SecondEdition/V2/Framework/SourcePolicy/Stockquery.lean:74:0: 'SaturationMonoid.ResponsibilityLifecycle.LivingLawEvolution.ConstructiveRoot.SourceOperationInquiry.Context.Native.Frame.Stock.canonical_stock' depends on axioms: [propext,
 Classical.choice,
 Quot.sound]
info: H0mework/Checks/SecondEdition/V2/Framework/SourcePolicy/Stockquery.lean:75:0: 'SaturationMonoid.ResponsibilityLifecycle.LivingLawEvolution.ConstructiveRoot.SourceOperationInquiry.Context.Native.Frame.Stock.canonical_next' depends on axioms: [propext,
 Classical.choice,
 Quot.sound]
info: H0mework/Checks/SecondEdition/V2/Framework/SourcePolicy/Stockquery.lean:76:0: 'SaturationMonoid.ResponsibilityLifecycle.LivingLawEvolution.ConstructiveRoot.SourcePolicyStockQueryControls.actor_decoder' depends on axioms: [propext,
 Classical.choice,
 Quot.sound]
info: H0mework/Checks/SecondEdition/V2/Framework/SourcePolicy/Stockquery.lean:77:0: 'SaturationMonoid.ResponsibilityLifecycle.LivingLawEvolution.ConstructiveRoot.SourcePolicyStockQueryControls.all_query_outputs' depends on axioms: [propext,
 Classical.choice,
 Quot.sound]
info: H0mework/Checks/SecondEdition/V2/Framework/SourcePolicy/Stockquery.lean:78:0: 'SaturationMonoid.ResponsibilityLifecycle.LivingLawEvolution.ConstructiveRoot.SourcePolicyStockQueryControls.exact_query_charge' depends on axioms: [propext,
 Classical.choice,
 Quot.sound]
info: H0mework/Checks/SecondEdition/V2/Framework/SourcePolicy/Stockquery.lean:79:0: 'SaturationMonoid.ResponsibilityLifecycle.LivingLawEvolution.ConstructiveRoot.SourcePolicyStockQueryControls.low_raw_ignores_stock' depends on axioms: [propext,
 Classical.choice,
 Quot.sound]
info: H0mework/Checks/SecondEdition/V2/Framework/SourcePolicy/Stockquery.lean:80:0: 'SaturationMonoid.ResponsibilityLifecycle.LivingLawEvolution.ConstructiveRoot.SourcePolicyStockQueryControls.same_runtime_next' depends on axioms: [propext,
 Classical.choice,
 Quot.sound]
ℹ [5599/5684] Replayed H0mework.Checks.SecondEdition.V2.Framework.SourcePolicy.Tracecoordinates
info: H0mework/Checks/SecondEdition/V2/Framework/SourcePolicy/Tracecoordinates.lean:115:0: 'SaturationMonoid.ResponsibilityLifecycle.LivingLawEvolution.ConstructiveRoot.SourceOperationInquiry.Context.Native.Frame.Stock.Coordinates.source_exposure' depends on axioms: [propext,
 Classical.choice,
 Quot.sound]
info: H0mework/Checks/SecondEdition/V2/Framework/SourcePolicy/Tracecoordinates.lean:116:0: 'SaturationMonoid.ResponsibilityLifecycle.LivingLawEvolution.ConstructiveRoot.SourceOperationInquiry.Context.Native.Frame.Stock.Coordinates.inventory_source' depends on axioms: [propext,
 Classical.choice,
 Quot.sound]
info: H0mework/Checks/SecondEdition/V2/Framework/SourcePolicy/Tracecoordinates.lean:117:0: 'SaturationMonoid.ResponsibilityLifecycle.LivingLawEvolution.ConstructiveRoot.SourceOperationInquiry.Context.Native.Frame.Stock.Coordinates.intoBorn_injective' depends on axioms: [propext,
 Classical.choice,
 Quot.sound]
info: H0mework/Checks/SecondEdition/V2/Framework/SourcePolicy/Tracecoordinates.lean:118:0: 'SaturationMonoid.ResponsibilityLifecycle.LivingLawEvolution.ConstructiveRoot.SourceOperationInquiry.Context.Native.Frame.Stock.Coordinates.intoBorn_read' depends on axioms: [propext,
 Classical.choice,
 Quot.sound]
info: H0mework/Checks/SecondEdition/V2/Framework/SourcePolicy/Tracecoordinates.lean:119:0: 'SaturationMonoid.ResponsibilityLifecycle.LivingLawEvolution.ConstructiveRoot.SourceOperationInquiry.Context.Native.Frame.Stock.Coordinates.intoBorn_strictMono' depends on axioms: [propext,
 Classical.choice,
 Quot.sound]
info: H0mework/Checks/SecondEdition/V2/Framework/SourcePolicy/Tracecoordinates.lean:120:0: 'SaturationMonoid.ResponsibilityLifecycle.LivingLawEvolution.ConstructiveRoot.SourcePolicyTraceCoordinatesControls.intoActual_injective' depends on axioms: [propext,
 Classical.choice,
 Quot.sound]
info: H0mework/Checks/SecondEdition/V2/Framework/SourcePolicy/Tracecoordinates.lean:121:0: 'SaturationMonoid.ResponsibilityLifecycle.LivingLawEvolution.ConstructiveRoot.SourcePolicyTraceCoordinatesControls.intoActual_read' depends on axioms: [propext,
 Classical.choice,
 Quot.sound]
info: H0mework/Checks/SecondEdition/V2/Framework/SourcePolicy/Tracecoordinates.lean:122:0: 'SaturationMonoid.ResponsibilityLifecycle.LivingLawEvolution.ConstructiveRoot.SourcePolicyTraceCoordinatesControls.completed' depends on axioms: [propext,
 Classical.choice,
 Quot.sound]
info: H0mework/Checks/SecondEdition/V2/Framework/SourcePolicy/Tracecoordinates.lean:123:0: 'SaturationMonoid.ResponsibilityLifecycle.LivingLawEvolution.ConstructiveRoot.SourcePolicyTraceCoordinatesControls.completed_value' depends on axioms: [propext,
 Classical.choice,
 Quot.sound]
info: H0mework/Checks/SecondEdition/V2/Framework/SourcePolicy/Tracecoordinates.lean:124:0: 'SaturationMonoid.ResponsibilityLifecycle.LivingLawEvolution.ConstructiveRoot.SourcePolicyTraceCoordinatesControls.indexed_update' depends on axioms: [propext,
 Classical.choice,
 Quot.sound]
info: H0mework/Checks/SecondEdition/V2/Framework/SourcePolicy/Tracecoordinates.lean:125:0: 'SaturationMonoid.ResponsibilityLifecycle.LivingLawEvolution.ConstructiveRoot.SourcePolicyTraceCoordinatesControls.same_value_distinct_positions' depends on axioms: [propext,
 Classical.choice,
 Quot.sound]
info: H0mework/Checks/SecondEdition/V2/Framework/SourcePolicy/Tracecoordinates.lean:126:0: 'SaturationMonoid.ResponsibilityLifecycle.LivingLawEvolution.ConstructiveRoot.SourcePolicyTraceCoordinatesControls.cofinal_word' depends on axioms: [propext,
 Classical.choice,
 Quot.sound]
info: H0mework/Checks/SecondEdition/V2/Framework/SourcePolicy/Tracecoordinates.lean:127:0: 'SaturationMonoid.ResponsibilityLifecycle.LivingLawEvolution.ConstructiveRoot.SourcePolicyTraceCoordinatesControls.cofinal_next' depends on axioms: [propext,
 Classical.choice,
 Quot.sound]
info: H0mework/Checks/SecondEdition/V2/Framework/SourcePolicy/Tracecoordinates.lean:128:0: 'SaturationMonoid.ResponsibilityLifecycle.LivingLawEvolution.ConstructiveRoot.SourcePolicyTraceCoordinatesControls.cofinal_ledger' depends on axioms: [propext,
 Classical.choice,
 Quot.sound]
info: H0mework/Checks/SecondEdition/V2/Framework/SourcePolicy/Tracecoordinates.lean:129:0: 'SaturationMonoid.ResponsibilityLifecycle.LivingLawEvolution.ConstructiveRoot.SourcePolicyTraceCoordinatesControls.actual_whole' depends on axioms: [propext,
 Classical.choice,
 Quot.sound]
info: H0mework/Checks/SecondEdition/V2/Framework/SourcePolicy/Tracecoordinates.lean:130:0: 'SaturationMonoid.ResponsibilityLifecycle.LivingLawEvolution.ConstructiveRoot.SourcePolicyTraceCoordinatesControls.actual_math_next' depends on axioms: [propext,
 Classical.choice,
 Quot.sound]
info: H0mework/Checks/SecondEdition/V2/Framework/SourcePolicy/Tracecoordinates.lean:131:0: 'SaturationMonoid.ResponsibilityLifecycle.LivingLawEvolution.ConstructiveRoot.SourcePolicyTraceCoordinatesControls.cofinal_whole' depends on axioms: [propext,
 Classical.choice,
 Quot.sound]
info: H0mework/Checks/SecondEdition/V2/Framework/SourcePolicy/Tracecoordinates.lean:132:0: 'SaturationMonoid.ResponsibilityLifecycle.LivingLawEvolution.ConstructiveRoot.SourcePolicyTraceCoordinatesControls.cofinal_math_next' depends on axioms: [propext,
 Classical.choice,
 Quot.sound]
ℹ [5757/5832] Replayed H0mework.Versions.R2.Arithmetic.MellinBoundary.PositiveMellinQuarterMaterial
info: H0mework/Versions/R2/Arithmetic/MellinBoundary/PositiveMellinQuarterMaterial.lean:197:6: Try this:
  [apply] ring_nf
  
  The `ring` tactic failed to close the goal. Use `ring_nf` to obtain a normal form.
    
  Note that `ring` works primarily in *commutative* rings. If you have a noncommutative ring, abelian group or module, consider using `noncomm_ring`, `abel` or `module` instead.
info: H0mework/Versions/R2/Arithmetic/MellinBoundary/PositiveMellinQuarterMaterial.lean:238:6: Try this:
  [apply] ring_nf
  
  The `ring` tactic failed to close the goal. Use `ring_nf` to obtain a normal form.
    
  Note that `ring` works primarily in *commutative* rings. If you have a noncommutative ring, abelian group or module, consider using `noncomm_ring`, `abel` or `module` instead.
ℹ [5799/5832] Replayed H0mework.Versions.V2.Arithmetic.RiemannGraph.IntegralGraphJointAction
info: H0mework/Versions/V2/Arithmetic/RiemannGraph/IntegralGraphJointAction.lean:299:0: 'SaturationMonoid.ResponsibilityLifecycle.LivingLawEvolution.ConstructiveRoot.NoIslandNoMagic.CanonicalRiemann.ClozelGeneralizedDual.CenteredGram.IntegralGraphJointAction.selected_jointOmega_faces' depends on axioms: [propext,
 Classical.choice,
 Quot.sound]
info: H0mework/Versions/V2/Arithmetic/RiemannGraph/IntegralGraphJointAction.lean:300:0: 'SaturationMonoid.ResponsibilityLifecycle.LivingLawEvolution.ConstructiveRoot.NoIslandNoMagic.CanonicalRiemann.ClozelGeneralizedDual.CenteredGram.IntegralGraphJointAction.selected_incidence_coherent_readback' depends on axioms: [propext,
 Classical.choice,
 Quot.sound]
info: H0mework/Versions/V2/Arithmetic/RiemannGraph/IntegralGraphJointAction.lean:301:0: 'SaturationMonoid.ResponsibilityLifecycle.LivingLawEvolution.ConstructiveRoot.NoIslandNoMagic.CanonicalRiemann.ClozelGeneralizedDual.CenteredGram.IntegralGraphJointAction.selected_incidence_measurement_readback' depends on axioms: [propext,
 Classical.choice,
 Quot.sound]
info: H0mework/Versions/V2/Arithmetic/RiemannGraph/IntegralGraphJointAction.lean:302:0: 'SaturationMonoid.ResponsibilityLifecycle.LivingLawEvolution.ConstructiveRoot.NoIslandNoMagic.CanonicalRiemann.ClozelGeneralizedDual.CenteredGram.IntegralGraphJointAction.selected_incidence_measurement_delta' depends on axioms: [propext,
 Classical.choice,
 Quot.sound]
info: H0mework/Versions/V2/Arithmetic/RiemannGraph/IntegralGraphJointAction.lean:303:0: 'SaturationMonoid.ResponsibilityLifecycle.LivingLawEvolution.ConstructiveRoot.NoIslandNoMagic.CanonicalRiemann.ClozelGeneralizedDual.CenteredGram.IntegralGraphJointAction.selected_normalized_measurement_reads_existing_character' depends on axioms: [propext,
 Classical.choice,
 Quot.sound]
info: H0mework/Versions/V2/Arithmetic/RiemannGraph/IntegralGraphJointAction.lean:304:0: 'SaturationMonoid.ResponsibilityLifecycle.LivingLawEvolution.ConstructiveRoot.NoIslandNoMagic.CanonicalRiemann.ClozelGeneralizedDual.CenteredGram.IntegralGraphJointAction.paired_jointOmega_faces' depends on axioms: [propext,
 Classical.choice,
 Quot.sound]
info: H0mework/Versions/V2/Arithmetic/RiemannGraph/IntegralGraphJointAction.lean:305:0: 'SaturationMonoid.ResponsibilityLifecycle.LivingLawEvolution.ConstructiveRoot.NoIslandNoMagic.CanonicalRiemann.ClozelGeneralizedDual.CenteredGram.IntegralGraphJointAction.paired_incidence_coherent_readback' depends on axioms: [propext,
 Classical.choice,
 Quot.sound]
info: H0mework/Versions/V2/Arithmetic/RiemannGraph/IntegralGraphJointAction.lean:306:0: 'SaturationMonoid.ResponsibilityLifecycle.LivingLawEvolution.ConstructiveRoot.NoIslandNoMagic.CanonicalRiemann.ClozelGeneralizedDual.CenteredGram.IntegralGraphJointAction.paired_incidence_measurement_readback' depends on axioms: [propext,
 Classical.choice,
 Quot.sound]
info: H0mework/Versions/V2/Arithmetic/RiemannGraph/IntegralGraphJointAction.lean:307:0: 'SaturationMonoid.ResponsibilityLifecycle.LivingLawEvolution.ConstructiveRoot.NoIslandNoMagic.CanonicalRiemann.ClozelGeneralizedDual.CenteredGram.IntegralGraphJointAction.paired_incidence_zmodTwo_zero' depends on axioms: [propext,
 Classical.choice,
 Quot.sound]
info: H0mework/Versions/V2/Arithmetic/RiemannGraph/IntegralGraphJointAction.lean:308:0: 'SaturationMonoid.ResponsibilityLifecycle.LivingLawEvolution.ConstructiveRoot.NoIslandNoMagic.CanonicalRiemann.ClozelGeneralizedDual.CenteredGram.IntegralGraphJointAction.paired_incidence_zmodTwo_one' depends on axioms: [propext,
 Classical.choice,
 Quot.sound]
info: H0mework/Versions/V2/Arithmetic/RiemannGraph/IntegralGraphJointAction.lean:309:0: 'SaturationMonoid.ResponsibilityLifecycle.LivingLawEvolution.ConstructiveRoot.NoIslandNoMagic.CanonicalRiemann.ClozelGeneralizedDual.CenteredGram.IntegralGraphJointAction.paired_normalized_measurement_reads_jointStateModulePair' depends on axioms: [propext,
 Classical.choice,
 Quot.sound]
ℹ [5827/5961] Replayed H0mework.Arithmetic.BurnolCarrier.ConstantGapFace
info: H0mework/Arithmetic/BurnolCarrier/ConstantGapFace.lean:246:0: 'SaturationMonoid.ResponsibilityLifecycle.LivingLawEvolution.ConstructiveRoot.NoIslandNoMagic.CanonicalRiemann.ClozelGeneralizedDual.BurnolPhysicalState.intervalConstantLine_finrank' depends on axioms: [propext,
 Classical.choice,
 Quot.sound]
info: H0mework/Arithmetic/BurnolCarrier/ConstantGapFace.lean:247:0: 'SaturationMonoid.ResponsibilityLifecycle.LivingLawEvolution.ConstructiveRoot.NoIslandNoMagic.CanonicalRiemann.ClozelGeneralizedDual.BurnolPhysicalState.burnolFace_isClosed' depends on axioms: [propext,
 Classical.choice,
 Quot.sound]
ℹ [5832/5961] Replayed H0mework.Arithmetic.BurnolCarrier.ConstantGapFourier
info: H0mework/Arithmetic/BurnolCarrier/ConstantGapFourier.lean:220:0: 'SaturationMonoid.ResponsibilityLifecycle.LivingLawEvolution.ConstructiveRoot.NoIslandNoMagic.CanonicalRiemann.ClozelGeneralizedDual.BurnolPhysicalState.fourierL2_fourierL2' depends on axioms: [propext,
 Classical.choice,
 Quot.sound]
info: H0mework/Arithmetic/BurnolCarrier/ConstantGapFourier.lean:221:0: 'SaturationMonoid.ResponsibilityLifecycle.LivingLawEvolution.ConstructiveRoot.NoIslandNoMagic.CanonicalRiemann.ClozelGeneralizedDual.BurnolPhysicalState.faceFourier_bijective' depends on axioms: [propext,
 Classical.choice,
 Quot.sound]
info: H0mework/Arithmetic/BurnolCarrier/ConstantGapFourier.lean:222:0: 'SaturationMonoid.ResponsibilityLifecycle.LivingLawEvolution.ConstructiveRoot.NoIslandNoMagic.CanonicalRiemann.ClozelGeneralizedDual.BurnolPhysicalState.faceFourier_preserves_energy' depends on axioms: [propext,
 Classical.choice,
 Quot.sound]
ℹ [5878/5961] Replayed H0mework.Versions.V2.Arithmetic.RiemannSpectral.SourceRechart
info: H0mework/Versions/V2/Arithmetic/RiemannSpectral/SourceRechart.lean:39:2: Try this:
  [apply] ring_nf
  
  The `ring` tactic failed to close the goal. Use `ring_nf` to obtain a normal form.
    
  Note that `ring` works primarily in *commutative* rings. If you have a noncommutative ring, abelian group or module, consider using `noncomm_ring`, `abel` or `module` instead.
info: H0mework/Versions/V2/Arithmetic/RiemannSpectral/SourceRechart.lean:75:2: Try this:
  [apply] ring_nf
  
  The `ring` tactic failed to close the goal. Use `ring_nf` to obtain a normal form.
    
  Note that `ring` works primarily in *commutative* rings. If you have a noncommutative ring, abelian group or module, consider using `noncomm_ring`, `abel` or `module` instead.
info: H0mework/Versions/V2/Arithmetic/RiemannSpectral/SourceRechart.lean:141:2: Try this:
  [apply] ring_nf
  
  The `ring` tactic failed to close the goal. Use `ring_nf` to obtain a normal form.
    
  Note that `ring` works primarily in *commutative* rings. If you have a noncommutative ring, abelian group or module, consider using `noncomm_ring`, `abel` or `module` instead.
ℹ [5909/5961] Replayed H0mework.Arithmetic.BurnolMellin.GaussianSuperpositionKernel
info: H0mework/Arithmetic/BurnolMellin/GaussianSuperpositionKernel.lean:57:4: Try this:
  [apply] ring_nf
  
  The `ring` tactic failed to close the goal. Use `ring_nf` to obtain a normal form.
    
  Note that `ring` works primarily in *commutative* rings. If you have a noncommutative ring, abelian group or module, consider using `noncomm_ring`, `abel` or `module` instead.
ℹ [5911/5961] Replayed H0mework.Versions.V2.Arithmetic.BurnolMellin.GenericGaussianFubini
info: H0mework/Versions/V2/Arithmetic/BurnolMellin/GenericGaussianFubini.lean:163:2: Try this:
  [apply] ring_nf
  
  The `ring` tactic failed to close the goal. Use `ring_nf` to obtain a normal form.
    
  Note that `ring` works primarily in *commutative* rings. If you have a noncommutative ring, abelian group or module, consider using `noncomm_ring`, `abel` or `module` instead.
info: H0mework/Versions/V2/Arithmetic/BurnolMellin/GenericGaussianFubini.lean:259:6: Try this:
  [apply] ring_nf
  
  The `ring` tactic failed to close the goal. Use `ring_nf` to obtain a normal form.
    
  Note that `ring` works primarily in *commutative* rings. If you have a noncommutative ring, abelian group or module, consider using `noncomm_ring`, `abel` or `module` instead.
ℹ [5913/5961] Replayed H0mework.Versions.V2.Arithmetic.BurnolMellin.SourceStripGaussianFubini
info: H0mework/Versions/V2/Arithmetic/BurnolMellin/SourceStripGaussianFubini.lean:195:6: Try this:
  [apply] ring_nf
  
  The `ring` tactic failed to close the goal. Use `ring_nf` to obtain a normal form.
    
  Note that `ring` works primarily in *commutative* rings. If you have a noncommutative ring, abelian group or module, consider using `noncomm_ring`, `abel` or `module` instead.
info: H0mework/Versions/V2/Arithmetic/BurnolMellin/SourceStripGaussianFubini.lean:263:4: Try this:
  [apply] ring_nf
  
  The `ring` tactic failed to close the goal. Use `ring_nf` to obtain a normal form.
    
  Note that `ring` works primarily in *commutative* rings. If you have a noncommutative ring, abelian group or module, consider using `noncomm_ring`, `abel` or `module` instead.
ℹ [5954/6145] Replayed H0mework.Versions.V2.Arithmetic.BurnolPhysical.GraphGramBoundary
info: H0mework/Versions/V2/Arithmetic/BurnolPhysical/GraphGramBoundary.lean:140:0: 'SaturationMonoid.ResponsibilityLifecycle.LivingLawEvolution.ConstructiveRoot.NoIslandNoMagic.CanonicalRiemann.ClozelGeneralizedDual.BurnolPhysicalState.quarterMellinGraphDenseSourceMap_denseRange' depends on axioms: [propext,
 Classical.choice,
 Quot.sound]
info: H0mework/Versions/V2/Arithmetic/BurnolPhysical/GraphGramBoundary.lean:141:0: 'SaturationMonoid.ResponsibilityLifecycle.LivingLawEvolution.ConstructiveRoot.NoIslandNoMagic.CanonicalRiemann.ClozelGeneralizedDual.BurnolPhysicalState.graphSourceMap_finTwo_gram' depends on axioms: [propext,
 Classical.choice,
 Quot.sound]
info: H0mework/Versions/V2/Arithmetic/BurnolPhysical/GraphGramBoundary.lean:142:0: 'SaturationMonoid.ResponsibilityLifecycle.LivingLawEvolution.ConstructiveRoot.NoIslandNoMagic.CanonicalRiemann.ClozelGeneralizedDual.BurnolPhysicalState.coPoissonRelationGraphSource_finTwo_gram_at_zero' depends on axioms: [propext,
 Classical.choice,
 Quot.sound]
ℹ [6001/6145] Replayed H0mework.Versions.V2.Arithmetic.RiemannResolvent.CoordinateMatchedExactOrderClosedRange
info: H0mework/Versions/V2/Arithmetic/RiemannResolvent/CoordinateMatchedExactOrderClosedRange.lean:46:4: Try this:
  [apply] ring_nf
  
  The `ring` tactic failed to close the goal. Use `ring_nf` to obtain a normal form.
    
  Note that `ring` works primarily in *commutative* rings. If you have a noncommutative ring, abelian group or module, consider using `noncomm_ring`, `abel` or `module` instead.
ℹ [6010/6145] Replayed H0mework.Versions.V2.Arithmetic.RiemannDivision.AnalyticComplementAmbientMellinEvaluator
info: H0mework/Versions/V2/Arithmetic/RiemannDivision/AnalyticComplementAmbientMellinEvaluator.lean:146:2: Try this:
  [apply] ring_nf
  
  The `ring` tactic failed to close the goal. Use `ring_nf` to obtain a normal form.
    
  Note that `ring` works primarily in *commutative* rings. If you have a noncommutative ring, abelian group or module, consider using `noncomm_ring`, `abel` or `module` instead.
ℹ [6012/6145] Replayed H0mework.Versions.V2.Arithmetic.BurnolMellin.PhysicalHeatMellinStrip
info: H0mework/Versions/V2/Arithmetic/BurnolMellin/PhysicalHeatMellinStrip.lean:426:0: 'SaturationMonoid.ResponsibilityLifecycle.LivingLawEvolution.ConstructiveRoot.NoIslandNoMagic.CanonicalRiemann.ClozelGeneralizedDual.BurnolPhysicalState.burnolGenericGaussianHeatPair_mellin_differentiableOn' depends on axioms: [propext,
 Classical.choice,
 Quot.sound]
info: H0mework/Versions/V2/Arithmetic/BurnolMellin/PhysicalHeatMellinStrip.lean:427:0: 'SaturationMonoid.ResponsibilityLifecycle.LivingLawEvolution.ConstructiveRoot.NoIslandNoMagic.CanonicalRiemann.ClozelGeneralizedDual.BurnolPhysicalState.burnolPhysicalHeatMellinStrip_isConnected' depends on axioms: [propext,
 Classical.choice,
 Quot.sound]
ℹ [6201/6282] Replayed H0mework.Arithmetic.RieszForcing.WeakIntervalPairing
info: H0mework/Arithmetic/RieszForcing/WeakIntervalPairing.lean:104:2: Try this:
  [apply] ring_nf
  
  The `ring` tactic failed to close the goal. Use `ring_nf` to obtain a normal form.
    
  Note that `ring` works primarily in *commutative* rings. If you have a noncommutative ring, abelian group or module, consider using `noncomm_ring`, `abel` or `module` instead.
ℹ [6276/6288] Replayed H0mework.Checks.SecondEdition.V2.NoIsland.RiemannCombSource.Runtimecalculation
info: H0mework/Checks/SecondEdition/V2/NoIsland/RiemannCombSource/Runtimecalculation.lean:130:0: 'SaturationMonoid.ResponsibilityLifecycle.LivingLawEvolution.ConstructiveRoot.NoIslandNoMagic.CanonicalRiemann.ClozelGeneralizedDual.CenteredGram.IntegralGraphJointAction.OriginalKCombCalculation.reader' depends on axioms: [propext,
 Classical.choice,
 Quot.sound]
info: H0mework/Checks/SecondEdition/V2/NoIsland/RiemannCombSource/Runtimecalculation.lean:131:0: 'SaturationMonoid.ResponsibilityLifecycle.LivingLawEvolution.ConstructiveRoot.NoIslandNoMagic.CanonicalRiemann.ClozelGeneralizedDual.CenteredGram.IntegralGraphJointAction.OriginalKCombCalculation.result_value' depends on axioms: [propext,
 Classical.choice,
 Quot.sound]
info: H0mework/Checks/SecondEdition/V2/NoIsland/RiemannCombSource/Runtimecalculation.lean:132:0: 'SaturationMonoid.ResponsibilityLifecycle.LivingLawEvolution.ConstructiveRoot.NoIslandNoMagic.CanonicalRiemann.ClozelGeneralizedDual.CenteredGram.IntegralGraphJointAction.OriginalKCombCalculation.result_trace' depends on axioms: [propext,
 Classical.choice,
 Quot.sound]
info: H0mework/Checks/SecondEdition/V2/NoIsland/RiemannCombSource/Runtimecalculation.lean:133:0: 'SaturationMonoid.ResponsibilityLifecycle.LivingLawEvolution.ConstructiveRoot.NoIslandNoMagic.CanonicalRiemann.ClozelGeneralizedDual.CenteredGram.IntegralGraphJointAction.runtimeCombCalculationReadoutAt_factorizes' depends on axioms: [propext,
 Classical.choice,
 Quot.sound]
info: H0mework/Checks/SecondEdition/V2/NoIsland/RiemannCombSource/Runtimecalculation.lean:134:0: 'SaturationMonoid.ResponsibilityLifecycle.LivingLawEvolution.ConstructiveRoot.RuntimeCombCalculationGate.installed_value' depends on axioms: [propext,
 Classical.choice,
 Quot.sound]
info: H0mework/Checks/SecondEdition/V2/NoIsland/RiemannCombSource/Runtimecalculation.lean:135:0: 'SaturationMonoid.ResponsibilityLifecycle.LivingLawEvolution.ConstructiveRoot.RuntimeCombCalculationGate.installed_trace' depends on axioms: [propext,
 Classical.choice,
 Quot.sound]
info: H0mework/Checks/SecondEdition/V2/NoIsland/RiemannCombSource/Runtimecalculation.lean:136:0: 'SaturationMonoid.ResponsibilityLifecycle.LivingLawEvolution.ConstructiveRoot.RuntimeCombCalculationGate.installed_targetState' depends on axioms: [propext,
 Classical.choice,
 Quot.sound]
info: H0mework/Checks/SecondEdition/V2/NoIsland/RiemannCombSource/Runtimecalculation.lean:137:0: 'SaturationMonoid.ResponsibilityLifecycle.LivingLawEvolution.ConstructiveRoot.RuntimeCombCalculationGate.installed_relation' depends on axioms: [propext,
 Classical.choice,
 Quot.sound]
info: H0mework/Checks/SecondEdition/V2/NoIsland/RiemannCombSource/Runtimecalculation.lean:138:0: 'SaturationMonoid.ResponsibilityLifecycle.LivingLawEvolution.ConstructiveRoot.RuntimeCombCalculationGate.installed_inverse' depends on axioms: [propext,
 Classical.choice,
 Quot.sound]
info: H0mework/Checks/SecondEdition/V2/NoIsland/RiemannCombSource/Runtimecalculation.lean:139:0: 'SaturationMonoid.ResponsibilityLifecycle.LivingLawEvolution.ConstructiveRoot.RuntimeCombCalculationGate.installed_cochain' depends on axioms: [propext,
 Classical.choice,
 Quot.sound]
info: H0mework/Checks/SecondEdition/V2/NoIsland/RiemannCombSource/Runtimecalculation.lean:140:0: 'SaturationMonoid.ResponsibilityLifecycle.LivingLawEvolution.ConstructiveRoot.RuntimeCombCalculationGate.installed_physical' depends on axioms: [propext,
 Classical.choice,
 Quot.sound]
info: H0mework/Checks/SecondEdition/V2/NoIsland/RiemannCombSource/Runtimecalculation.lean:141:0: 'SaturationMonoid.ResponsibilityLifecycle.LivingLawEvolution.ConstructiveRoot.RuntimeCombCalculationGate.math_trace_not_one' depends on axioms: [propext,
 Classical.choice,
 Quot.sound]
✔ [6278/6288] Built H0mework.Versions.C62.Realization.Operations.Tree.Fold.Dependent.Branch.JointQuery.Actor.Operation.Query.Inventory.Observer.CurrentChild.Dynamic.Live.Native.Action.Coupled.Registry.Calculation.Common.Feedback.Continuation.SourceFamily.Foresight.Contextual.Profile.Finite.Reader.Difference.Inquiry.Source (6.2s)
✔ [6279/6288] Built H0mework.Versions.C62.Realization.Operations.Tree.Fold.Dependent.Branch.JointQuery.Actor.Operation.Query.Inventory.Observer.CurrentChild.Dynamic.Live.Native.Action.Coupled.Registry.Calculation.Common.Feedback.Continuation.SourceFamily.Foresight.Whole.Consumer (12s)
✔ [6280/6288] Built H0mework.Versions.C62.Realization.Operations.Tree.Fold.Dependent.Branch.JointQuery.Actor.Operation.Query.Inventory.Observer.CurrentChild.Dynamic.Live.Native.Action.Coupled.Registry.Calculation.Common.Feedback.Continuation.SourceFamily.Foresight.Contextual.Profile.Finite.Reader.Difference.Inquiry.Installation (8.7s)
✔ [6281/6288] Built H0mework.Versions.C62.Realization.Operations.Tree.Fold.Dependent.Branch.JointQuery.Actor.Operation.Query.Inventory.Observer.CurrentChild.Dynamic.Live.Native.Action.Coupled.Registry.Calculation.Common.Feedback.Continuation.SourceFamily.Foresight.Contextual.Psi.Consumer (19s)
✔ [6282/6288] Built H0mework.Versions.C62.Realization.Operations.Tree.Fold.Dependent.Branch.JointQuery.Actor.Operation.Query.Inventory.Observer.CurrentChild.Dynamic.Live.Native.Action.Coupled.Registry.Calculation.Common.Feedback.Continuation.SourceFamily.Foresight.Contextual.Consumer (11s)
✔ [6283/6288] Built H0mework.Versions.C62.Realization.Operations.Tree.Fold.Dependent.Branch.JointQuery.Actor.Operation.Query.Inventory.Observer.CurrentChild.Dynamic.Live.Native.Action.Coupled.Registry.Calculation.Common.Feedback.Continuation.SourceFamily.Foresight.Contextual.Profile.Finite.Reader.Difference.Inquiry.Receipt (10s)
✔ [6284/6288] Built H0mework.Versions.C62.Realization.Operations.Tree.Fold.Dependent.Branch.JointQuery.Actor.Operation.Query.Inventory.Observer.CurrentChild.Dynamic.Live.Native.Action.Coupled.Registry.Calculation.Common.Feedback.Continuation.SourceFamily.Foresight.Contextual.Mixed.Consumer (14s)
✔ [6285/6288] Built H0mework.Versions.C62.Realization.Operations.Tree.Fold.Dependent.Branch.JointQuery.Actor.Operation.Query.Inventory.Observer.CurrentChild.Dynamic.Live.Native.Action.Coupled.Registry.Calculation.Common.Feedback.Continuation.SourceFamily.Foresight.Contextual.Profile.Finite.Reader.Difference.Inquiry.Compiler (21s)
✔ [6286/6288] Built H0mework.Versions.C62.Realization.Operations.Tree.Fold.Dependent.Branch.JointQuery.Actor.Operation.Query.Inventory.Observer.CurrentChild.Dynamic.Live.Native.Action.Coupled.Registry.Calculation.Common.Feedback.Continuation.SourceFamily.Foresight.Contextual.Profile.Finite.Reader.Difference.Actual (102s)
✔ [6287/6288] Built H0mework.Versions.C62.Realization.Operations.Tree.Fold.Dependent.Branch.JointQuery.Actor.Operation.Query.Inventory.Observer.CurrentChild.Dynamic.Live.Native.Action.Coupled.Registry.Calculation.Common.Feedback.Continuation.SourceFamily.Foresight.Contextual.Profile.Finite.Reader.Difference.Inquiry.Actual (106s)
✔ [6288/6288] Built H0mework.Papers.V2CoreDifferenceFeedback (4.8s)
Build completed successfully (6288 jobs).
