=== STRICT ScalarInventory ===
=== STRICT Normalization ===
=== STRICT Running ===
=== STRICT JointMassCoordinates ===
=== STRICT Consumer ===
'SaturationMonoid.PhysicsCore.LowEnergy.ScalarInventory.component_factorization' depends on axioms: [propext,
 Classical.choice,
 Quot.sound]
'SaturationMonoid.PhysicsCore.LowEnergy.ScalarInventory.component_total' depends on axioms: [propext,
 Classical.choice,
 Quot.sound]
'SaturationMonoid.PhysicsCore.LowEnergy.ScalarInventory.residual_traces' depends on axioms: [propext,
 Classical.choice,
 Quot.sound]
'SaturationMonoid.PhysicsCore.LowEnergy.ScalarInventory.b0_table' depends on axioms: [propext,
 Classical.choice,
 Quot.sound]
'SaturationMonoid.PhysicsCore.LowEnergy.Normalization.native_boundary' depends on axioms: [propext,
 Classical.choice,
 Quot.sound]
'SaturationMonoid.PhysicsCore.LowEnergy.Normalization.hypercharge_trace_factor' depends on axioms: [propext,
 Classical.choice,
 Quot.sound]
'SaturationMonoid.PhysicsCore.LowEnergy.Normalization.potential_second_coefficient' depends on axioms: [propext,
 Classical.choice,
 Quot.sound]
'SaturationMonoid.PhysicsCore.LowEnergy.JointMass.coefficient_actual' depends on axioms: [propext,
 Classical.choice,
 Quot.sound]
'SaturationMonoid.PhysicsCore.LowEnergy.JointMass.outputGram_actual' depends on axioms: [propext,
 Classical.choice,
 Quot.sound]
'SaturationMonoid.PhysicsCore.LowEnergy.Running.normal_forms' depends on axioms: [propext, Classical.choice, Quot.sound]
'SaturationMonoid.PhysicsCore.LowEnergy.Running.no_common_crossing' depends on axioms: [propext,
 Classical.choice,
 Quot.sound]
'SaturationMonoid.PhysicsCore.LowEnergy.Consumer.source_mass_entry' depends on axioms: [propext,
 Classical.choice,
 Quot.sound]
'SaturationMonoid.PhysicsCore.LowEnergy.Consumer.source_inventory_beta' depends on axioms: [propext,
 Classical.choice,
 Quot.sound]
'SaturationMonoid.PhysicsCore.LowEnergy.Consumer.source_fixed_inventory_diagnostic' depends on axioms: [propext,
 Classical.choice,
 Quot.sound]
