warning: mathlib: repository './Lean/.lake/packages/mathlib' has local changes
warning: batteries: repository './Lean/.lake/packages/batteries' has local changes
ℹ [357/399] Replayed H0mework.Foundation.Source.Root
info: H0mework/Foundation/Source/Root.lean:544:0: 'SaturationMonoid.ResponsibilityLifecycle.LivingLawEvolution.ConstructiveRoot.LedgerEntryEvolutionAt.toDebtLineage' does not depend on any axioms
ℹ [545/575] Replayed H0mework.Foundation.Semantics.TheoryState
info: H0mework/Foundation/Semantics/TheoryState.lean:137:0: 'SaturationMonoid.ResponsibilityLifecycle.LivingLawEvolution.TheoryState.rootSemantic_actualExpressibilityFailure_isEmpty' does not depend on any axioms
ℹ [559/575] Replayed H0mework.Versions.R2.Foundation.Source.SequentialAction
info: H0mework/Versions/R2/Foundation/Source/SequentialAction.lean:348:0: 'SaturationMonoid.ResponsibilityLifecycle.LivingLawEvolution.ConstructiveRoot.RootInquiryCompletion.SourceNativeSequentialActualActionTargetAt.initialOpenLedger_injective' does not depend on any axioms
info: H0mework/Versions/R2/Foundation/Source/SequentialAction.lean:349:0: 'SaturationMonoid.ResponsibilityLifecycle.LivingLawEvolution.ConstructiveRoot.RootInquiryCompletion.SourceNativeSequentialActualActionTargetAt.targetAnswerAndNext_next_eq' does not depend on any axioms
ℹ [564/575] Replayed H0mework.Foundation.Ledger.OriginOrBirth
info: H0mework/Foundation/Ledger/OriginOrBirth.lean:141:0: 'SaturationMonoid.ResponsibilityLifecycle.LivingLawEvolution.ConstructiveRoot.ExactTargetDebtOriginAt.excludesFresh' does not depend on any axioms
info: H0mework/Foundation/Ledger/OriginOrBirth.lean:142:0: 'SaturationMonoid.ResponsibilityLifecycle.LivingLawEvolution.ConstructiveRoot.LedgerWriteEvolutionAt.targetOldOrigin' does not depend on any axioms
info: H0mework/Foundation/Ledger/OriginOrBirth.lean:143:0: 'SaturationMonoid.ResponsibilityLifecycle.LivingLawEvolution.ConstructiveRoot.LedgerWriteEvolutionAt.excludesTargetFresh' does not depend on any axioms
info: H0mework/Foundation/Ledger/OriginOrBirth.lean:144:0: 'SaturationMonoid.ResponsibilityLifecycle.LivingLawEvolution.ConstructiveRoot.ExactTargetOldOriginProvenanceAt.excludesBirthFreshness' does not depend on any axioms
ℹ [565/575] Replayed H0mework.Realization.Audit.DebtFirstWrite
info: H0mework/Realization/Audit/DebtFirstWrite.lean:187:0: 'SaturationMonoid.ResponsibilityLifecycle.LivingLawEvolution.ConstructiveRoot.DebtAdmissionFirstWrite.SourceGeneratedDebtAdmissionFirstWriteAt.initialBudget_positive' depends on axioms: [propext]
info: H0mework/Realization/Audit/DebtFirstWrite.lean:188:0: 'SaturationMonoid.ResponsibilityLifecycle.LivingLawEvolution.ConstructiveRoot.DebtAdmissionFirstWrite.ordinaryEvolution_cannot_admit' depends on axioms: [propext]
ℹ [568/575] Replayed H0mework.Versions.R2.Foundation.Inquiry.SemanticRevision
info: H0mework/Versions/R2/Foundation/Inquiry/SemanticRevision.lean:842:0: 'SaturationMonoid.ResponsibilityLifecycle.LivingLawEvolution.ConstructiveRoot.TypedSemanticWorldNetworkU8.GeneratedTypedSemanticWorldNetworkRevisionAt.SourceGeneratedFirstWriteGenuineSplitAt.ofCompilerSelectedSplit' does not depend on any axioms
info: H0mework/Versions/R2/Foundation/Inquiry/SemanticRevision.lean:843:0: 'SaturationMonoid.ResponsibilityLifecycle.LivingLawEvolution.ConstructiveRoot.TypedSemanticWorldNetworkU8.FieldGroundedTypedSemanticWorldNetworkRevisionAt.ofSourceGeneratedRestructuring' does not depend on any axioms
info: H0mework/Versions/R2/Foundation/Inquiry/SemanticRevision.lean:844:0: 'SaturationMonoid.ResponsibilityLifecycle.LivingLawEvolution.ConstructiveRoot.TypedSemanticWorldNetworkU8.FieldGroundedTypedSemanticWorldNetworkRevisionAt.eq_of_generate_eq' does not depend on any axioms
ℹ [571/575] Replayed H0mework.Versions.R2.Foundation.Inquiry.Protocol
info: H0mework/Versions/R2/Foundation/Inquiry/Protocol.lean:1356:0: 'SaturationMonoid.ResponsibilityLifecycle.LivingLawEvolution.ConstructiveRoot.RootInquiryCompletion.SourceNativeInquiryCofaceRealizationAt.ofExactCofaceSource' does not depend on any axioms
info: H0mework/Versions/R2/Foundation/Inquiry/Protocol.lean:1357:0: 'SaturationMonoid.ResponsibilityLifecycle.LivingLawEvolution.ConstructiveRoot.RootInquiryCompletion.SourceNativeInquiryCofaceRealizationAt.ofGeneratedRevision' does not depend on any axioms
ℹ [573/575] Replayed H0mework.Versions.R2.Foundation.Inquiry.Engine
info: H0mework/Versions/R2/Foundation/Inquiry/Engine.lean:1341:0: 'SaturationMonoid.ResponsibilityLifecycle.LivingLawEvolution.ConstructiveRoot.RootInquiryCompletion.RootInquiryProcessNode.active_directlyAnswered_successor_valid' depends on axioms: [propext]
info: H0mework/Versions/R2/Foundation/Inquiry/Engine.lean:1342:0: 'SaturationMonoid.ResponsibilityLifecycle.LivingLawEvolution.ConstructiveRoot.RootInquiryCompletion.RootInquiryProcessNode.active_directlyAnswered_terminalHandoff_successor_valid' depends on axioms: [propext]
info: H0mework/Versions/R2/Foundation/Inquiry/Engine.lean:1343:0: 'SaturationMonoid.ResponsibilityLifecycle.LivingLawEvolution.ConstructiveRoot.RootInquiryCompletion.RootInquiryProcessNode.active_actualAction_successor_valid' depends on axioms: [propext]
ℹ [3232/3247] Replayed H0mework.Versions.R2.Foundation.Responsibility.NoetherianClosure
info: H0mework/Versions/R2/Foundation/Responsibility/NoetherianClosure.lean:586:0: 'SaturationMonoid.ResponsibilityLifecycle.LivingLawEvolution.ConstructiveRoot.no_noetherianDebtClosureLaw_of_budget_eq_zero_of_noLocalTerminal' does not depend on any axioms
info: H0mework/Versions/R2/Foundation/Responsibility/NoetherianClosure.lean:587:0: 'SaturationMonoid.ResponsibilityLifecycle.LivingLawEvolution.ConstructiveRoot.sourceNativePaidRootDebtContinuationRel_wellFounded' does not depend on any axioms
info: H0mework/Versions/R2/Foundation/Responsibility/NoetherianClosure.lean:588:0: 'SaturationMonoid.ResponsibilityLifecycle.LivingLawEvolution.ConstructiveRoot.no_paidRootDebtMacro_self_return' does not depend on any axioms
ℹ [4034/4119] Replayed H0mework.Versions.R9c73a630.ReleaseMaterials.Verification.Framework.SourcePolicy.ActualBornSegment
info: H0mework/Versions/R9c73a630/ReleaseMaterials/Verification/Framework/SourcePolicy/ActualBornSegment.lean:53:0: 'SaturationMonoid.ResponsibilityLifecycle.LivingLawEvolution.ConstructiveRoot.ActualNativeBornSourceEffect.actual_born_registered_expression' depends on axioms: [propext,
 Classical.choice,
 Quot.sound]
info: H0mework/Versions/R9c73a630/ReleaseMaterials/Verification/Framework/SourcePolicy/ActualBornSegment.lean:54:0: 'SaturationMonoid.ResponsibilityLifecycle.LivingLawEvolution.ConstructiveRoot.ActualNativeBornSourceEffect.actual_born_registered_environment' depends on axioms: [propext,
 Classical.choice,
 Quot.sound]
info: H0mework/Versions/R9c73a630/ReleaseMaterials/Verification/Framework/SourcePolicy/ActualBornSegment.lean:55:0: 'SaturationMonoid.ResponsibilityLifecycle.LivingLawEvolution.ConstructiveRoot.ActualNativeBornSourceEffect.actual_born_boundary' depends on axioms: [propext,
 Classical.choice,
 Quot.sound]
info: H0mework/Versions/R9c73a630/ReleaseMaterials/Verification/Framework/SourcePolicy/ActualBornSegment.lean:56:0: 'SaturationMonoid.ResponsibilityLifecycle.LivingLawEvolution.ConstructiveRoot.ActualNativeBornSourceEffect.actual_born_affine_write' depends on axioms: [propext,
 Classical.choice,
 Quot.sound]
info: H0mework/Versions/R9c73a630/ReleaseMaterials/Verification/Framework/SourcePolicy/ActualBornSegment.lean:57:0: 'SaturationMonoid.ResponsibilityLifecycle.LivingLawEvolution.ConstructiveRoot.ActualNativeBornSourceEffect.actual_born_updated_environment' depends on axioms: [propext,
 Classical.choice,
 Quot.sound]
info: H0mework/Versions/R9c73a630/ReleaseMaterials/Verification/Framework/SourcePolicy/ActualBornSegment.lean:58:0: 'SaturationMonoid.ResponsibilityLifecycle.LivingLawEvolution.ConstructiveRoot.ActualNativeBornSourceEffect.actual_born_effect' depends on axioms: [propext,
 Classical.choice,
 Quot.sound]
info: H0mework/Versions/R9c73a630/ReleaseMaterials/Verification/Framework/SourcePolicy/ActualBornSegment.lean:59:0: 'SaturationMonoid.ResponsibilityLifecycle.LivingLawEvolution.ConstructiveRoot.ActualNativeBornSourceEffect.actual_born_relation_residual' depends on axioms: [propext,
 Classical.choice,
 Quot.sound]
info: H0mework/Versions/R9c73a630/ReleaseMaterials/Verification/Framework/SourcePolicy/ActualBornSegment.lean:60:0: 'SaturationMonoid.ResponsibilityLifecycle.LivingLawEvolution.ConstructiveRoot.ActualNativeBornSourceEffect.actual_born_inverse' depends on axioms: [propext,
 Classical.choice,
 Quot.sound]
info: H0mework/Versions/R9c73a630/ReleaseMaterials/Verification/Framework/SourcePolicy/ActualBornSegment.lean:61:0: 'SaturationMonoid.ResponsibilityLifecycle.LivingLawEvolution.ConstructiveRoot.ActualNativeBornSourceEffect.actual_binding_environment' depends on axioms: [propext,
 Classical.choice,
 Quot.sound]
info: H0mework/Versions/R9c73a630/ReleaseMaterials/Verification/Framework/SourcePolicy/ActualBornSegment.lean:62:0: 'SaturationMonoid.ResponsibilityLifecycle.LivingLawEvolution.ConstructiveRoot.ActualNativeBornSourceEffect.bornEnvArrow' depends on axioms: [propext,
 Classical.choice,
 Quot.sound]
info: H0mework/Versions/R9c73a630/ReleaseMaterials/Verification/Framework/SourcePolicy/ActualBornSegment.lean:63:0: 'SaturationMonoid.ResponsibilityLifecycle.LivingLawEvolution.ConstructiveRoot.ActualSourceSegmentBornEffect.selected_settled' depends on axioms: [propext,
 Classical.choice,
 Quot.sound]
info: H0mework/Versions/R9c73a630/ReleaseMaterials/Verification/Framework/SourcePolicy/ActualBornSegment.lean:64:0: 'SaturationMonoid.ResponsibilityLifecycle.LivingLawEvolution.ConstructiveRoot.ActualSourceSegmentBornEffect.nativePayload' depends on axioms: [propext,
 Classical.choice,
 Quot.sound]
info: H0mework/Versions/R9c73a630/ReleaseMaterials/Verification/Framework/SourcePolicy/ActualBornSegment.lean:65:0: 'SaturationMonoid.ResponsibilityLifecycle.LivingLawEvolution.ConstructiveRoot.ActualSourceSegmentBornEffect.realizedSegment' depends on axioms: [propext,
 Classical.choice,
 Quot.sound]
info: H0mework/Versions/R9c73a630/ReleaseMaterials/Verification/Framework/SourcePolicy/ActualBornSegment.lean:66:0: 'SaturationMonoid.ResponsibilityLifecycle.LivingLawEvolution.ConstructiveRoot.ActualSourceSegmentBornEffect.cofinalSegment' depends on axioms: [propext,
 Classical.choice,
 Quot.sound]
info: H0mework/Versions/R9c73a630/ReleaseMaterials/Verification/Framework/SourcePolicy/ActualBornSegment.lean:67:0: 'SaturationMonoid.ResponsibilityLifecycle.LivingLawEvolution.ConstructiveRoot.ActualSourceSegmentBornEffect.realizedSegment_source' depends on axioms: [propext,
 Classical.choice,
 Quot.sound]
info: H0mework/Versions/R9c73a630/ReleaseMaterials/Verification/Framework/SourcePolicy/ActualBornSegment.lean:68:0: 'SaturationMonoid.ResponsibilityLifecycle.LivingLawEvolution.ConstructiveRoot.ActualSourceSegmentBornEffect.consumeCofinalSegment' depends on axioms: [propext,
 Classical.choice,
 Quot.sound]
info: H0mework/Versions/R9c73a630/ReleaseMaterials/Verification/Framework/SourcePolicy/ActualBornSegment.lean:69:0: 'SaturationMonoid.ResponsibilityLifecycle.LivingLawEvolution.ConstructiveRoot.ActualSourceSegmentBornEffect.cofinal_source_span' depends on axioms: [propext,
 Classical.choice,
 Quot.sound]
ℹ [4852/4864] Replayed H0mework.Arithmetic.Mellin.QuarterTransform
info: H0mework/Arithmetic/Mellin/QuarterTransform.lean:95:2: Try this:
  [apply] ring_nf
  
  The `ring` tactic failed to close the goal. Use `ring_nf` to obtain a normal form.
    
  Note that `ring` works primarily in *commutative* rings. If you have a noncommutative ring, abelian group or module, consider using `noncomm_ring`, `abel` or `module` instead.
info: H0mework/Arithmetic/Mellin/QuarterTransform.lean:145:2: Try this:
  [apply] ring_nf
  
  The `ring` tactic failed to close the goal. Use `ring_nf` to obtain a normal form.
    
  Note that `ring` works primarily in *commutative* rings. If you have a noncommutative ring, abelian group or module, consider using `noncomm_ring`, `abel` or `module` instead.
info: H0mework/Arithmetic/Mellin/QuarterTransform.lean:162:2: Try this:
  [apply] ring_nf
  
  The `ring` tactic failed to close the goal. Use `ring_nf` to obtain a normal form.
    
  Note that `ring` works primarily in *commutative* rings. If you have a noncommutative ring, abelian group or module, consider using `noncomm_ring`, `abel` or `module` instead.
ℹ [4853/4864] Replayed H0mework.Arithmetic.Mellin.QuarterL2
info: H0mework/Arithmetic/Mellin/QuarterL2.lean:84:6: Try this:
  [apply] ring_nf
  
  The `ring` tactic failed to close the goal. Use `ring_nf` to obtain a normal form.
    
  Note that `ring` works primarily in *commutative* rings. If you have a noncommutative ring, abelian group or module, consider using `noncomm_ring`, `abel` or `module` instead.
info: H0mework/Arithmetic/Mellin/QuarterL2.lean:165:4: Try this:
  [apply] ring_nf
  
  The `ring` tactic failed to close the goal. Use `ring_nf` to obtain a normal form.
    
  Note that `ring` works primarily in *commutative* rings. If you have a noncommutative ring, abelian group or module, consider using `noncomm_ring`, `abel` or `module` instead.
ℹ [4877/5001] Replayed H0mework.Versions.R2.Arithmetic.MellinBoundary.PositiveMellinQuarterMaterial
info: H0mework/Versions/R2/Arithmetic/MellinBoundary/PositiveMellinQuarterMaterial.lean:197:6: Try this:
  [apply] ring_nf
  
  The `ring` tactic failed to close the goal. Use `ring_nf` to obtain a normal form.
    
  Note that `ring` works primarily in *commutative* rings. If you have a noncommutative ring, abelian group or module, consider using `noncomm_ring`, `abel` or `module` instead.
info: H0mework/Versions/R2/Arithmetic/MellinBoundary/PositiveMellinQuarterMaterial.lean:238:6: Try this:
  [apply] ring_nf
  
  The `ring` tactic failed to close the goal. Use `ring_nf` to obtain a normal form.
    
  Note that `ring` works primarily in *commutative* rings. If you have a noncommutative ring, abelian group or module, consider using `noncomm_ring`, `abel` or `module` instead.
ℹ [4926/5001] Replayed H0mework.Versions.V2.Arithmetic.RiemannGraph.IntegralGraphJointAction
info: H0mework/Versions/V2/Arithmetic/RiemannGraph/IntegralGraphJointAction.lean:299:0: 'SaturationMonoid.ResponsibilityLifecycle.LivingLawEvolution.ConstructiveRoot.NoIslandNoMagic.CanonicalRiemann.ClozelGeneralizedDual.CenteredGram.IntegralGraphJointAction.selected_jointOmega_faces' depends on axioms: [propext,
 Classical.choice,
 Quot.sound]
info: H0mework/Versions/V2/Arithmetic/RiemannGraph/IntegralGraphJointAction.lean:300:0: 'SaturationMonoid.ResponsibilityLifecycle.LivingLawEvolution.ConstructiveRoot.NoIslandNoMagic.CanonicalRiemann.ClozelGeneralizedDual.CenteredGram.IntegralGraphJointAction.selected_incidence_coherent_readback' depends on axioms: [propext,
 Classical.choice,
 Quot.sound]
info: H0mework/Versions/V2/Arithmetic/RiemannGraph/IntegralGraphJointAction.lean:301:0: 'SaturationMonoid.ResponsibilityLifecycle.LivingLawEvolution.ConstructiveRoot.NoIslandNoMagic.CanonicalRiemann.ClozelGeneralizedDual.CenteredGram.IntegralGraphJointAction.selected_incidence_measurement_readback' depends on axioms: [propext,
 Classical.choice,
 Quot.sound]
info: H0mework/Versions/V2/Arithmetic/RiemannGraph/IntegralGraphJointAction.lean:302:0: 'SaturationMonoid.ResponsibilityLifecycle.LivingLawEvolution.ConstructiveRoot.NoIslandNoMagic.CanonicalRiemann.ClozelGeneralizedDual.CenteredGram.IntegralGraphJointAction.selected_incidence_measurement_delta' depends on axioms: [propext,
 Classical.choice,
 Quot.sound]
info: H0mework/Versions/V2/Arithmetic/RiemannGraph/IntegralGraphJointAction.lean:303:0: 'SaturationMonoid.ResponsibilityLifecycle.LivingLawEvolution.ConstructiveRoot.NoIslandNoMagic.CanonicalRiemann.ClozelGeneralizedDual.CenteredGram.IntegralGraphJointAction.selected_normalized_measurement_reads_existing_character' depends on axioms: [propext,
 Classical.choice,
 Quot.sound]
info: H0mework/Versions/V2/Arithmetic/RiemannGraph/IntegralGraphJointAction.lean:304:0: 'SaturationMonoid.ResponsibilityLifecycle.LivingLawEvolution.ConstructiveRoot.NoIslandNoMagic.CanonicalRiemann.ClozelGeneralizedDual.CenteredGram.IntegralGraphJointAction.paired_jointOmega_faces' depends on axioms: [propext,
 Classical.choice,
 Quot.sound]
info: H0mework/Versions/V2/Arithmetic/RiemannGraph/IntegralGraphJointAction.lean:305:0: 'SaturationMonoid.ResponsibilityLifecycle.LivingLawEvolution.ConstructiveRoot.NoIslandNoMagic.CanonicalRiemann.ClozelGeneralizedDual.CenteredGram.IntegralGraphJointAction.paired_incidence_coherent_readback' depends on axioms: [propext,
 Classical.choice,
 Quot.sound]
info: H0mework/Versions/V2/Arithmetic/RiemannGraph/IntegralGraphJointAction.lean:306:0: 'SaturationMonoid.ResponsibilityLifecycle.LivingLawEvolution.ConstructiveRoot.NoIslandNoMagic.CanonicalRiemann.ClozelGeneralizedDual.CenteredGram.IntegralGraphJointAction.paired_incidence_measurement_readback' depends on axioms: [propext,
 Classical.choice,
 Quot.sound]
info: H0mework/Versions/V2/Arithmetic/RiemannGraph/IntegralGraphJointAction.lean:307:0: 'SaturationMonoid.ResponsibilityLifecycle.LivingLawEvolution.ConstructiveRoot.NoIslandNoMagic.CanonicalRiemann.ClozelGeneralizedDual.CenteredGram.IntegralGraphJointAction.paired_incidence_zmodTwo_zero' depends on axioms: [propext,
 Classical.choice,
 Quot.sound]
info: H0mework/Versions/V2/Arithmetic/RiemannGraph/IntegralGraphJointAction.lean:308:0: 'SaturationMonoid.ResponsibilityLifecycle.LivingLawEvolution.ConstructiveRoot.NoIslandNoMagic.CanonicalRiemann.ClozelGeneralizedDual.CenteredGram.IntegralGraphJointAction.paired_incidence_zmodTwo_one' depends on axioms: [propext,
 Classical.choice,
 Quot.sound]
info: H0mework/Versions/V2/Arithmetic/RiemannGraph/IntegralGraphJointAction.lean:309:0: 'SaturationMonoid.ResponsibilityLifecycle.LivingLawEvolution.ConstructiveRoot.NoIslandNoMagic.CanonicalRiemann.ClozelGeneralizedDual.CenteredGram.IntegralGraphJointAction.paired_normalized_measurement_reads_jointStateModulePair' depends on axioms: [propext,
 Classical.choice,
 Quot.sound]
ℹ [4955/5001] Replayed H0mework.Arithmetic.BurnolCarrier.ConstantGapFace
info: H0mework/Arithmetic/BurnolCarrier/ConstantGapFace.lean:246:0: 'SaturationMonoid.ResponsibilityLifecycle.LivingLawEvolution.ConstructiveRoot.NoIslandNoMagic.CanonicalRiemann.ClozelGeneralizedDual.BurnolPhysicalState.intervalConstantLine_finrank' depends on axioms: [propext,
 Classical.choice,
 Quot.sound]
info: H0mework/Arithmetic/BurnolCarrier/ConstantGapFace.lean:247:0: 'SaturationMonoid.ResponsibilityLifecycle.LivingLawEvolution.ConstructiveRoot.NoIslandNoMagic.CanonicalRiemann.ClozelGeneralizedDual.BurnolPhysicalState.burnolFace_isClosed' depends on axioms: [propext,
 Classical.choice,
 Quot.sound]
ℹ [4960/5001] Replayed H0mework.Arithmetic.BurnolCarrier.ConstantGapFourier
info: H0mework/Arithmetic/BurnolCarrier/ConstantGapFourier.lean:220:0: 'SaturationMonoid.ResponsibilityLifecycle.LivingLawEvolution.ConstructiveRoot.NoIslandNoMagic.CanonicalRiemann.ClozelGeneralizedDual.BurnolPhysicalState.fourierL2_fourierL2' depends on axioms: [propext,
 Classical.choice,
 Quot.sound]
info: H0mework/Arithmetic/BurnolCarrier/ConstantGapFourier.lean:221:0: 'SaturationMonoid.ResponsibilityLifecycle.LivingLawEvolution.ConstructiveRoot.NoIslandNoMagic.CanonicalRiemann.ClozelGeneralizedDual.BurnolPhysicalState.faceFourier_bijective' depends on axioms: [propext,
 Classical.choice,
 Quot.sound]
info: H0mework/Arithmetic/BurnolCarrier/ConstantGapFourier.lean:222:0: 'SaturationMonoid.ResponsibilityLifecycle.LivingLawEvolution.ConstructiveRoot.NoIslandNoMagic.CanonicalRiemann.ClozelGeneralizedDual.BurnolPhysicalState.faceFourier_preserves_energy' depends on axioms: [propext,
 Classical.choice,
 Quot.sound]
ℹ [5006/5085] Replayed H0mework.Versions.V2.Arithmetic.RiemannSpectral.SourceRechart
info: H0mework/Versions/V2/Arithmetic/RiemannSpectral/SourceRechart.lean:39:2: Try this:
  [apply] ring_nf
  
  The `ring` tactic failed to close the goal. Use `ring_nf` to obtain a normal form.
    
  Note that `ring` works primarily in *commutative* rings. If you have a noncommutative ring, abelian group or module, consider using `noncomm_ring`, `abel` or `module` instead.
info: H0mework/Versions/V2/Arithmetic/RiemannSpectral/SourceRechart.lean:75:2: Try this:
  [apply] ring_nf
  
  The `ring` tactic failed to close the goal. Use `ring_nf` to obtain a normal form.
    
  Note that `ring` works primarily in *commutative* rings. If you have a noncommutative ring, abelian group or module, consider using `noncomm_ring`, `abel` or `module` instead.
info: H0mework/Versions/V2/Arithmetic/RiemannSpectral/SourceRechart.lean:141:2: Try this:
  [apply] ring_nf
  
  The `ring` tactic failed to close the goal. Use `ring_nf` to obtain a normal form.
    
  Note that `ring` works primarily in *commutative* rings. If you have a noncommutative ring, abelian group or module, consider using `noncomm_ring`, `abel` or `module` instead.
ℹ [5037/5085] Replayed H0mework.Arithmetic.BurnolMellin.GaussianSuperpositionKernel
info: H0mework/Arithmetic/BurnolMellin/GaussianSuperpositionKernel.lean:57:4: Try this:
  [apply] ring_nf
  
  The `ring` tactic failed to close the goal. Use `ring_nf` to obtain a normal form.
    
  Note that `ring` works primarily in *commutative* rings. If you have a noncommutative ring, abelian group or module, consider using `noncomm_ring`, `abel` or `module` instead.
ℹ [5039/5085] Replayed H0mework.Versions.V2.Arithmetic.BurnolMellin.GenericGaussianFubini
info: H0mework/Versions/V2/Arithmetic/BurnolMellin/GenericGaussianFubini.lean:163:2: Try this:
  [apply] ring_nf
  
  The `ring` tactic failed to close the goal. Use `ring_nf` to obtain a normal form.
    
  Note that `ring` works primarily in *commutative* rings. If you have a noncommutative ring, abelian group or module, consider using `noncomm_ring`, `abel` or `module` instead.
info: H0mework/Versions/V2/Arithmetic/BurnolMellin/GenericGaussianFubini.lean:259:6: Try this:
  [apply] ring_nf
  
  The `ring` tactic failed to close the goal. Use `ring_nf` to obtain a normal form.
    
  Note that `ring` works primarily in *commutative* rings. If you have a noncommutative ring, abelian group or module, consider using `noncomm_ring`, `abel` or `module` instead.
ℹ [5041/5085] Replayed H0mework.Versions.V2.Arithmetic.BurnolMellin.SourceStripGaussianFubini
info: H0mework/Versions/V2/Arithmetic/BurnolMellin/SourceStripGaussianFubini.lean:195:6: Try this:
  [apply] ring_nf
  
  The `ring` tactic failed to close the goal. Use `ring_nf` to obtain a normal form.
    
  Note that `ring` works primarily in *commutative* rings. If you have a noncommutative ring, abelian group or module, consider using `noncomm_ring`, `abel` or `module` instead.
info: H0mework/Versions/V2/Arithmetic/BurnolMellin/SourceStripGaussianFubini.lean:263:4: Try this:
  [apply] ring_nf
  
  The `ring` tactic failed to close the goal. Use `ring_nf` to obtain a normal form.
    
  Note that `ring` works primarily in *commutative* rings. If you have a noncommutative ring, abelian group or module, consider using `noncomm_ring`, `abel` or `module` instead.
ℹ [5081/5085] Replayed H0mework.Versions.V2.Arithmetic.BurnolPhysical.GraphGramBoundary
info: H0mework/Versions/V2/Arithmetic/BurnolPhysical/GraphGramBoundary.lean:140:0: 'SaturationMonoid.ResponsibilityLifecycle.LivingLawEvolution.ConstructiveRoot.NoIslandNoMagic.CanonicalRiemann.ClozelGeneralizedDual.BurnolPhysicalState.quarterMellinGraphDenseSourceMap_denseRange' depends on axioms: [propext,
 Classical.choice,
 Quot.sound]
info: H0mework/Versions/V2/Arithmetic/BurnolPhysical/GraphGramBoundary.lean:141:0: 'SaturationMonoid.ResponsibilityLifecycle.LivingLawEvolution.ConstructiveRoot.NoIslandNoMagic.CanonicalRiemann.ClozelGeneralizedDual.BurnolPhysicalState.graphSourceMap_finTwo_gram' depends on axioms: [propext,
 Classical.choice,
 Quot.sound]
info: H0mework/Versions/V2/Arithmetic/BurnolPhysical/GraphGramBoundary.lean:142:0: 'SaturationMonoid.ResponsibilityLifecycle.LivingLawEvolution.ConstructiveRoot.NoIslandNoMagic.CanonicalRiemann.ClozelGeneralizedDual.BurnolPhysicalState.coPoissonRelationGraphSource_finTwo_gram_at_zero' depends on axioms: [propext,
 Classical.choice,
 Quot.sound]
ℹ [5129/5223] Replayed H0mework.Versions.V2.Arithmetic.RiemannResolvent.CoordinateMatchedExactOrderClosedRange
info: H0mework/Versions/V2/Arithmetic/RiemannResolvent/CoordinateMatchedExactOrderClosedRange.lean:46:4: Try this:
  [apply] ring_nf
  
  The `ring` tactic failed to close the goal. Use `ring_nf` to obtain a normal form.
    
  Note that `ring` works primarily in *commutative* rings. If you have a noncommutative ring, abelian group or module, consider using `noncomm_ring`, `abel` or `module` instead.
ℹ [5138/5223] Replayed H0mework.Versions.V2.Arithmetic.RiemannDivision.AnalyticComplementAmbientMellinEvaluator
info: H0mework/Versions/V2/Arithmetic/RiemannDivision/AnalyticComplementAmbientMellinEvaluator.lean:146:2: Try this:
  [apply] ring_nf
  
  The `ring` tactic failed to close the goal. Use `ring_nf` to obtain a normal form.
    
  Note that `ring` works primarily in *commutative* rings. If you have a noncommutative ring, abelian group or module, consider using `noncomm_ring`, `abel` or `module` instead.
ℹ [5140/5223] Replayed H0mework.Versions.V2.Arithmetic.BurnolMellin.PhysicalHeatMellinStrip
info: H0mework/Versions/V2/Arithmetic/BurnolMellin/PhysicalHeatMellinStrip.lean:426:0: 'SaturationMonoid.ResponsibilityLifecycle.LivingLawEvolution.ConstructiveRoot.NoIslandNoMagic.CanonicalRiemann.ClozelGeneralizedDual.BurnolPhysicalState.burnolGenericGaussianHeatPair_mellin_differentiableOn' depends on axioms: [propext,
 Classical.choice,
 Quot.sound]
info: H0mework/Versions/V2/Arithmetic/BurnolMellin/PhysicalHeatMellinStrip.lean:427:0: 'SaturationMonoid.ResponsibilityLifecycle.LivingLawEvolution.ConstructiveRoot.NoIslandNoMagic.CanonicalRiemann.ClozelGeneralizedDual.BurnolPhysicalState.burnolPhysicalHeatMellinStrip_isConnected' depends on axioms: [propext,
 Classical.choice,
 Quot.sound]
ℹ [5329/5375] Replayed H0mework.Arithmetic.RieszForcing.WeakIntervalPairing
info: H0mework/Arithmetic/RieszForcing/WeakIntervalPairing.lean:104:2: Try this:
  [apply] ring_nf
  
  The `ring` tactic failed to close the goal. Use `ring_nf` to obtain a normal form.
    
  Note that `ring` works primarily in *commutative* rings. If you have a noncommutative ring, abelian group or module, consider using `noncomm_ring`, `abel` or `module` instead.
ℹ [5428/5433] Replayed H0mework.Versions.R9c73a630.ReleaseMaterials.Verification.Framework.SourcePolicy.AdmissionStops
info: H0mework/Versions/R9c73a630/ReleaseMaterials/Verification/Framework/SourcePolicy/AdmissionStops.lean:133:0: 'SaturationMonoid.ResponsibilityLifecycle.LivingLawEvolution.ConstructiveRoot.SourceOperationNative.Tree.Fold.Dependent.Branch.JointQuery.Actor.Operation.Query.Inventory.Observer.CurrentChild.Dynamic.Live.Native.Action.Coupled.Registry.Calculation.Common.Feedback.Continuation.Lower.SourceFamily.ActivationSource.nextAdmissionAt' depends on axioms: [propext,
 Classical.choice,
 Quot.sound]
info: H0mework/Versions/R9c73a630/ReleaseMaterials/Verification/Framework/SourcePolicy/AdmissionStops.lean:134:0: 'SaturationMonoid.ResponsibilityLifecycle.LivingLawEvolution.ConstructiveRoot.SourceOperationNative.Tree.Fold.Dependent.Branch.JointQuery.Actor.Operation.Query.Inventory.Observer.CurrentChild.Dynamic.Live.Native.Action.Coupled.Registry.Calculation.Common.Feedback.Continuation.Lower.SourceFamily.Admissions.actual_admission' depends on axioms: [propext,
 Classical.choice,
 Quot.sound]
info: H0mework/Versions/R9c73a630/ReleaseMaterials/Verification/Framework/SourcePolicy/AdmissionStops.lean:135:0: 'SaturationMonoid.ResponsibilityLifecycle.LivingLawEvolution.ConstructiveRoot.SourceOperationNative.Tree.Fold.Dependent.Branch.JointQuery.Actor.Operation.Query.Inventory.Observer.CurrentChild.Dynamic.Live.Native.Action.Coupled.Registry.Calculation.Common.Feedback.Continuation.Lower.SourceFamily.Admissions.actual_segment' depends on axioms: [propext,
 Classical.choice,
 Quot.sound]
info: H0mework/Versions/R9c73a630/ReleaseMaterials/Verification/Framework/SourcePolicy/AdmissionStops.lean:136:0: 'SaturationMonoid.ResponsibilityLifecycle.LivingLawEvolution.ConstructiveRoot.SourceOperationNative.Tree.Fold.Dependent.Branch.JointQuery.Actor.Operation.Query.Inventory.Observer.CurrentChild.Dynamic.Live.Native.Action.Coupled.Registry.Calculation.Common.Feedback.Continuation.Lower.SourceFamily.Admissions.strictMono' depends on axioms: [propext,
 Classical.choice,
 Quot.sound]
info: H0mework/Versions/R9c73a630/ReleaseMaterials/Verification/Framework/SourcePolicy/AdmissionStops.lean:137:0: 'SaturationMonoid.ResponsibilityLifecycle.LivingLawEvolution.ConstructiveRoot.SourceOperationNative.Tree.Fold.Dependent.Branch.JointQuery.Actor.Operation.Query.Inventory.Observer.CurrentChild.Dynamic.Live.Native.Action.Coupled.Registry.Calculation.Common.Feedback.Continuation.Lower.SourceFamily.Admissions.cofinal' depends on axioms: [propext,
 Classical.choice,
 Quot.sound]
info: H0mework/Versions/R9c73a630/ReleaseMaterials/Verification/Framework/SourcePolicy/AdmissionStops.lean:138:0: 'SaturationMonoid.ResponsibilityLifecycle.LivingLawEvolution.ConstructiveRoot.SourceOperationNative.Tree.Fold.Dependent.Branch.JointQuery.Actor.Operation.Query.Inventory.Observer.CurrentChild.Dynamic.Live.Native.Action.Coupled.Registry.Calculation.Common.Feedback.Continuation.Lower.SourceFamily.Admissions.actual_index' depends on axioms: [propext,
 Classical.choice,
 Quot.sound]
info: H0mework/Versions/R9c73a630/ReleaseMaterials/Verification/Framework/SourcePolicy/AdmissionStops.lean:139:0: 'SaturationMonoid.ResponsibilityLifecycle.LivingLawEvolution.ConstructiveRoot.SourceOperationNative.Tree.Fold.Dependent.Branch.JointQuery.Actor.Operation.Query.Inventory.Observer.CurrentChild.Dynamic.Live.Native.Action.Coupled.Registry.Calculation.Common.Feedback.Continuation.Lower.SourceFamily.Admissions.complete_word' depends on axioms: [propext,
 Classical.choice,
 Quot.sound]
info: H0mework/Versions/R9c73a630/ReleaseMaterials/Verification/Framework/SourcePolicy/AdmissionStops.lean:140:0: 'SaturationMonoid.ResponsibilityLifecycle.LivingLawEvolution.ConstructiveRoot.SourcePolicyActualAdmissionStops.paid_compilation' depends on axioms: [propext,
 Classical.choice,
 Quot.sound]
info: H0mework/Versions/R9c73a630/ReleaseMaterials/Verification/Framework/SourcePolicy/AdmissionStops.lean:141:0: 'SaturationMonoid.ResponsibilityLifecycle.LivingLawEvolution.ConstructiveRoot.SourcePolicyActualAdmissionStops.paid_not_settled' depends on axioms: [propext,
 Classical.choice,
 Quot.sound]
info: H0mework/Versions/R9c73a630/ReleaseMaterials/Verification/Framework/SourcePolicy/AdmissionStops.lean:142:0: 'SaturationMonoid.ResponsibilityLifecycle.LivingLawEvolution.ConstructiveRoot.SourcePolicyActualAdmissionStops.settled_compilation' depends on axioms: [propext,
 Classical.choice,
 Quot.sound]
ℹ [5429/5433] Replayed H0mework.Versions.R9c73a630.ReleaseMaterials.Verification.Framework.SourcePolicy.FullSourcePacket
info: H0mework/Versions/R9c73a630/ReleaseMaterials/Verification/Framework/SourcePolicy/FullSourcePacket.lean:80:0: 'SaturationMonoid.ResponsibilityLifecycle.LivingLawEvolution.ConstructiveRoot.SourceOperationNative.Tree.Fold.Dependent.Branch.JointQuery.Actor.Operation.Query.Inventory.Observer.CurrentChild.Dynamic.Live.Native.Action.Coupled.Registry.Calculation.Common.Feedback.Continuation.Lower.SourceFamily.ActivationSource.bornAfterNative' depends on axioms: [propext,
 Classical.choice,
 Quot.sound]
info: H0mework/Versions/R9c73a630/ReleaseMaterials/Verification/Framework/SourcePolicy/FullSourcePacket.lean:81:0: 'SaturationMonoid.ResponsibilityLifecycle.LivingLawEvolution.ConstructiveRoot.SourceOperationNative.Tree.Fold.Dependent.Branch.JointQuery.Actor.Operation.Query.Inventory.Observer.CurrentChild.Dynamic.Live.Native.Action.Coupled.Registry.Calculation.Common.Feedback.Continuation.Lower.SourceFamily.ActivationSource.nativeAfterAdmission' depends on axioms: [propext,
 Classical.choice,
 Quot.sound]
info: H0mework/Versions/R9c73a630/ReleaseMaterials/Verification/Framework/SourcePolicy/FullSourcePacket.lean:82:0: 'SaturationMonoid.ResponsibilityLifecycle.LivingLawEvolution.ConstructiveRoot.SourceOperationNative.Tree.Fold.Dependent.Branch.JointQuery.Actor.Operation.Query.Inventory.Observer.CurrentChild.Dynamic.Live.Native.Action.Coupled.Registry.Calculation.Common.Feedback.Continuation.Lower.SourceFamily.ActivationSource.nativeAfterAdmission_grade' depends on axioms: [propext,
 Classical.choice,
 Quot.sound]
info: H0mework/Versions/R9c73a630/ReleaseMaterials/Verification/Framework/SourcePolicy/FullSourcePacket.lean:83:0: 'SaturationMonoid.ResponsibilityLifecycle.LivingLawEvolution.ConstructiveRoot.SourceOperationNative.Tree.Fold.Dependent.Branch.JointQuery.Actor.Operation.Query.Inventory.Observer.CurrentChild.Dynamic.Live.Native.Action.Coupled.Registry.Calculation.Common.Feedback.Continuation.Lower.SourceFamily.ActivationSource.admissionPoint_successor' depends on axioms: [propext,
 Classical.choice,
 Quot.sound]
info: H0mework/Versions/R9c73a630/ReleaseMaterials/Verification/Framework/SourcePolicy/FullSourcePacket.lean:84:0: 'SaturationMonoid.ResponsibilityLifecycle.LivingLawEvolution.ConstructiveRoot.SourceOperationNative.Tree.Fold.Dependent.Branch.JointQuery.Actor.Operation.Query.Inventory.Observer.CurrentChild.Dynamic.Live.Native.Action.Coupled.Registry.Calculation.Common.Feedback.Continuation.Lower.SourceFamily.ActivationSource.admissionPoint_successor_grade' depends on axioms: [propext,
 Classical.choice,
 Quot.sound]
info: H0mework/Versions/R9c73a630/ReleaseMaterials/Verification/Framework/SourcePolicy/FullSourcePacket.lean:85:0: 'SaturationMonoid.ResponsibilityLifecycle.LivingLawEvolution.ConstructiveRoot.SourceOperationNative.Tree.Fold.Dependent.Branch.JointQuery.Actor.Operation.Query.Inventory.Observer.CurrentChild.Dynamic.Live.Native.Action.Coupled.Registry.Calculation.Common.Feedback.Continuation.Lower.SourceFamily.Admissions.packetAt_successor' depends on axioms: [propext,
 Classical.choice,
 Quot.sound]
info: H0mework/Versions/R9c73a630/ReleaseMaterials/Verification/Framework/SourcePolicy/FullSourcePacket.lean:86:0: 'SaturationMonoid.ResponsibilityLifecycle.LivingLawEvolution.ConstructiveRoot.SourceOperationNative.Tree.Fold.Dependent.Branch.JointQuery.Actor.Operation.Query.Inventory.Observer.CurrentChild.Dynamic.Live.Native.Action.Coupled.Registry.Calculation.Common.Feedback.Continuation.Lower.SourceFamily.Admissions.packetAt_successor_grade' depends on axioms: [propext,
 Classical.choice,
 Quot.sound]
ℹ [5430/5433] Replayed H0mework.Versions.R9c73a630.ReleaseMaterials.Verification.Framework.SourcePolicy.InquiryCofinalDiagram
info: H0mework/Versions/R9c73a630/ReleaseMaterials/Verification/Framework/SourcePolicy/InquiryCofinalDiagram.lean:81:0: 'SaturationMonoid.ResponsibilityLifecycle.LivingLawEvolution.ConstructiveRoot.SourceInquiryCofinalDiagram.actual_environment' depends on axioms: [propext,
 Classical.choice,
 Quot.sound]
info: H0mework/Versions/R9c73a630/ReleaseMaterials/Verification/Framework/SourcePolicy/InquiryCofinalDiagram.lean:82:0: 'SaturationMonoid.ResponsibilityLifecycle.LivingLawEvolution.ConstructiveRoot.SourceInquiryCofinalDiagram.generated_state' depends on axioms: [propext,
 Classical.choice,
 Quot.sound]
info: H0mework/Versions/R9c73a630/ReleaseMaterials/Verification/Framework/SourcePolicy/InquiryCofinalDiagram.lean:83:0: 'SaturationMonoid.ResponsibilityLifecycle.LivingLawEvolution.ConstructiveRoot.SourceInquiryCofinalDiagram.actual_diagram_arrow' depends on axioms: [propext,
 Classical.choice,
 Quot.sound]
info: H0mework/Versions/R9c73a630/ReleaseMaterials/Verification/Framework/SourcePolicy/InquiryCofinalDiagram.lean:84:0: 'SaturationMonoid.ResponsibilityLifecycle.LivingLawEvolution.ConstructiveRoot.SourceInquiryCofinalDiagram.iterated_point' depends on axioms: [propext,
 Classical.choice,
 Quot.sound]
info: H0mework/Versions/R9c73a630/ReleaseMaterials/Verification/Framework/SourcePolicy/InquiryCofinalDiagram.lean:85:0: 'SaturationMonoid.ResponsibilityLifecycle.LivingLawEvolution.ConstructiveRoot.SourceInquiryCofinalDiagram.Admission.actual_object' depends on axioms: [propext,
 Classical.choice,
 Quot.sound]
info: H0mework/Versions/R9c73a630/ReleaseMaterials/Verification/Framework/SourcePolicy/InquiryCofinalDiagram.lean:86:0: 'SaturationMonoid.ResponsibilityLifecycle.LivingLawEvolution.ConstructiveRoot.SourceInquiryCofinalDiagram.Admission.actual_arrow' depends on axioms: [propext,
 Classical.choice,
 Quot.sound]
info: H0mework/Versions/R9c73a630/ReleaseMaterials/Verification/Framework/SourcePolicy/InquiryCofinalDiagram.lean:87:0: 'SaturationMonoid.ResponsibilityLifecycle.LivingLawEvolution.ConstructiveRoot.SourceInquiryCofinalDiagram.Admission.full_word' depends on axioms: [propext,
 Classical.choice,
 Quot.sound]
info: H0mework/Versions/R9c73a630/ReleaseMaterials/Verification/Framework/SourcePolicy/InquiryCofinalDiagram.lean:88:0: 'SaturationMonoid.ResponsibilityLifecycle.LivingLawEvolution.ConstructiveRoot.SourceInquiryCofinalDiagram.Admission.actual_admission' depends on axioms: [propext,
 Classical.choice,
 Quot.sound]
info: H0mework/Versions/R9c73a630/ReleaseMaterials/Verification/Framework/SourcePolicy/InquiryCofinalDiagram.lean:89:0: 'SaturationMonoid.ResponsibilityLifecycle.LivingLawEvolution.ConstructiveRoot.SourceInquiryCofinalDiagram.Admission.source_span' depends on axioms: [propext,
 Classical.choice,
 Quot.sound]
info: H0mework/Versions/R9c73a630/ReleaseMaterials/Verification/Framework/SourcePolicy/InquiryCofinalDiagram.lean:90:0: 'SaturationMonoid.ResponsibilityLifecycle.LivingLawEvolution.ConstructiveRoot.SourceInquiryCofinalDiagram.Admission.occurrence_injective' depends on axioms: [propext,
 Classical.choice,
 Quot.sound]
info: H0mework/Versions/R9c73a630/ReleaseMaterials/Verification/Framework/SourcePolicy/InquiryCofinalDiagram.lean:91:0: 'SaturationMonoid.ResponsibilityLifecycle.LivingLawEvolution.ConstructiveRoot.SourcePolicyActualInquiryDiagram.scalar_equal' depends on axioms: [propext,
 Classical.choice,
 Quot.sound]
info: H0mework/Versions/R9c73a630/ReleaseMaterials/Verification/Framework/SourcePolicy/InquiryCofinalDiagram.lean:92:0: 'SaturationMonoid.ResponsibilityLifecycle.LivingLawEvolution.ConstructiveRoot.SourcePolicyActualInquiryDiagram.occurrences_distinct' depends on axioms: [propext,
 Classical.choice,
 Quot.sound]
info: H0mework/Versions/R9c73a630/ReleaseMaterials/Verification/Framework/SourcePolicy/InquiryCofinalDiagram.lean:93:0: 'SaturationMonoid.ResponsibilityLifecycle.LivingLawEvolution.ConstructiveRoot.SourcePolicyActualInquiryDiagram.full_field_nonzero' depends on axioms: [propext,
 Classical.choice,
 Quot.sound]
ℹ [5431/5433] Replayed H0mework.Versions.R9c73a630.ReleaseMaterials.Verification.Framework.SourcePolicy.SourceActivation
info: H0mework/Versions/R9c73a630/ReleaseMaterials/Verification/Framework/SourcePolicy/SourceActivation.lean:140:0: 'SaturationMonoid.ResponsibilityLifecycle.LivingLawEvolution.ConstructiveRoot.SourceOperationNative.Tree.Fold.Dependent.Branch.JointQuery.Actor.Operation.Query.Inventory.Observer.CurrentChild.Dynamic.Live.Native.Action.Coupled.Registry.Calculation.Common.Feedback.Continuation.Lower.SourceFamily.actual_first_activation_full' depends on axioms: [propext,
 Classical.choice,
 Quot.sound]
info: H0mework/Versions/R9c73a630/ReleaseMaterials/Verification/Framework/SourcePolicy/SourceActivation.lean:141:0: 'SaturationMonoid.ResponsibilityLifecycle.LivingLawEvolution.ConstructiveRoot.SourceOperationNative.Tree.Fold.Dependent.Branch.JointQuery.Actor.Operation.Query.Inventory.Observer.CurrentChild.Dynamic.Live.Native.Action.Coupled.Registry.Calculation.Common.Feedback.Continuation.Lower.SourceFamily.actual_first_native' depends on axioms: [propext,
 Classical.choice,
 Quot.sound]
info: H0mework/Versions/R9c73a630/ReleaseMaterials/Verification/Framework/SourcePolicy/SourceActivation.lean:142:0: 'SaturationMonoid.ResponsibilityLifecycle.LivingLawEvolution.ConstructiveRoot.SourceOperationNative.Tree.Fold.Dependent.Branch.JointQuery.Actor.Operation.Query.Inventory.Observer.CurrentChild.Dynamic.Live.Native.Action.Coupled.Registry.Calculation.Common.Feedback.Continuation.Lower.SourceFamily.actual_first_born' depends on axioms: [propext,
 Classical.choice,
 Quot.sound]
info: H0mework/Versions/R9c73a630/ReleaseMaterials/Verification/Framework/SourcePolicy/SourceActivation.lean:143:0: 'SaturationMonoid.ResponsibilityLifecycle.LivingLawEvolution.ConstructiveRoot.SourcePolicyActualSourceActivation.actual_first_paid_budget' depends on axioms: [propext,
 Classical.choice,
 Quot.sound]
info: H0mework/Versions/R9c73a630/ReleaseMaterials/Verification/Framework/SourcePolicy/SourceActivation.lean:144:0: 'SaturationMonoid.ResponsibilityLifecycle.LivingLawEvolution.ConstructiveRoot.SourcePolicyActualSourceActivation.actual_paid_activation' depends on axioms: [propext,
 Classical.choice,
 Quot.sound]
info: H0mework/Versions/R9c73a630/ReleaseMaterials/Verification/Framework/SourcePolicy/SourceActivation.lean:145:0: 'SaturationMonoid.ResponsibilityLifecycle.LivingLawEvolution.ConstructiveRoot.SourcePolicyActualSourceActivation.paid_compilation' depends on axioms: [propext,
 Classical.choice,
 Quot.sound]
info: H0mework/Versions/R9c73a630/ReleaseMaterials/Verification/Framework/SourcePolicy/SourceActivation.lean:146:0: 'SaturationMonoid.ResponsibilityLifecycle.LivingLawEvolution.ConstructiveRoot.SourcePolicyActualSourceActivation.settled_compilation' depends on axioms: [propext,
 Classical.choice,
 Quot.sound]
info: H0mework/Versions/R9c73a630/ReleaseMaterials/Verification/Framework/SourcePolicy/SourceActivation.lean:147:0: 'SaturationMonoid.ResponsibilityLifecycle.LivingLawEvolution.ConstructiveRoot.SourcePolicyActualSourceActivation.settled_not_old_answered' depends on axioms: [propext,
 Classical.choice,
 Quot.sound]
ℹ [5432/5433] Replayed H0mework.Versions.R9c73a630.ReleaseMaterials.Verification.Framework.SourcePolicy.StockSourceBranch
info: H0mework/Versions/R9c73a630/ReleaseMaterials/Verification/Framework/SourcePolicy/StockSourceBranch.lean:121:0: 'SaturationMonoid.ResponsibilityLifecycle.LivingLawEvolution.ConstructiveRoot.SourceOperationNative.Tree.Fold.Dependent.Branch.JointQuery.Actor.Operation.Query.Inventory.Observer.CurrentChild.Dynamic.Live.Native.Action.Coupled.Registry.StockTarget.target_current' depends on axioms: [propext,
 Classical.choice,
 Quot.sound]
info: H0mework/Versions/R9c73a630/ReleaseMaterials/Verification/Framework/SourcePolicy/StockSourceBranch.lean:122:0: 'SaturationMonoid.ResponsibilityLifecycle.LivingLawEvolution.ConstructiveRoot.SourceOperationNative.Tree.Fold.Dependent.Branch.JointQuery.Actor.Operation.Query.Inventory.Observer.CurrentChild.Dynamic.Live.Native.Action.Coupled.Registry.StockTarget.successor_valid' depends on axioms: [propext,
 Classical.choice,
 Quot.sound]
info: H0mework/Versions/R9c73a630/ReleaseMaterials/Verification/Framework/SourcePolicy/StockSourceBranch.lean:123:0: 'SaturationMonoid.ResponsibilityLifecycle.LivingLawEvolution.ConstructiveRoot.SourcePolicyStockSourceBranch.actual_paid_compiles' depends on axioms: [propext,
 Classical.choice,
 Quot.sound]
info: H0mework/Versions/R9c73a630/ReleaseMaterials/Verification/Framework/SourcePolicy/StockSourceBranch.lean:124:0: 'SaturationMonoid.ResponsibilityLifecycle.LivingLawEvolution.ConstructiveRoot.SourcePolicyStockSourceBranch.actual_paid_native_next' depends on axioms: [propext,
 Classical.choice,
 Quot.sound]
info: H0mework/Versions/R9c73a630/ReleaseMaterials/Verification/Framework/SourcePolicy/StockSourceBranch.lean:125:0: 'SaturationMonoid.ResponsibilityLifecycle.LivingLawEvolution.ConstructiveRoot.SourcePolicyStockSourceBranch.actual_settled_compiles' depends on axioms: [propext,
 Classical.choice,
 Quot.sound]
info: H0mework/Versions/R9c73a630/ReleaseMaterials/Verification/Framework/SourcePolicy/StockSourceBranch.lean:126:0: 'SaturationMonoid.ResponsibilityLifecycle.LivingLawEvolution.ConstructiveRoot.SourcePolicyStockSourceBranch.actual_settled_not_answered' depends on axioms: [propext,
 Classical.choice,
 Quot.sound]
info: H0mework/Versions/R9c73a630/ReleaseMaterials/Verification/Framework/SourcePolicy/StockSourceBranch.lean:127:0: 'SaturationMonoid.ResponsibilityLifecycle.LivingLawEvolution.ConstructiveRoot.SourcePolicyStockSourceBranch.actual_settled_literal_next' depends on axioms: [propext,
 Classical.choice,
 Quot.sound]
Build completed successfully (5433 jobs).
