warning: mathlib: repository './Lean/.lake/packages/mathlib' has local changes
warning: batteries: repository './Lean/.lake/packages/batteries' has local changes
ℹ [1566/1601] Replayed H0mework.Foundation.Source.Root
info: H0mework/Foundation/Source/Root.lean:544:0: 'SaturationMonoid.ResponsibilityLifecycle.LivingLawEvolution.ConstructiveRoot.LedgerEntryEvolutionAt.toDebtLineage' does not depend on any axioms
ℹ [1585/1601] Replayed H0mework.Foundation.Semantics.TheoryState
info: H0mework/Foundation/Semantics/TheoryState.lean:137:0: 'SaturationMonoid.ResponsibilityLifecycle.LivingLawEvolution.TheoryState.rootSemantic_actualExpressibilityFailure_isEmpty' does not depend on any axioms
ℹ [1600/1695] Replayed H0mework.Versions.R2.Foundation.Source.SequentialAction
info: H0mework/Versions/R2/Foundation/Source/SequentialAction.lean:348:0: 'SaturationMonoid.ResponsibilityLifecycle.LivingLawEvolution.ConstructiveRoot.RootInquiryCompletion.SourceNativeSequentialActualActionTargetAt.initialOpenLedger_injective' does not depend on any axioms
info: H0mework/Versions/R2/Foundation/Source/SequentialAction.lean:349:0: 'SaturationMonoid.ResponsibilityLifecycle.LivingLawEvolution.ConstructiveRoot.RootInquiryCompletion.SourceNativeSequentialActualActionTargetAt.targetAnswerAndNext_next_eq' does not depend on any axioms
ℹ [1605/1695] Replayed H0mework.Foundation.Ledger.OriginOrBirth
info: H0mework/Foundation/Ledger/OriginOrBirth.lean:141:0: 'SaturationMonoid.ResponsibilityLifecycle.LivingLawEvolution.ConstructiveRoot.ExactTargetDebtOriginAt.excludesFresh' does not depend on any axioms
info: H0mework/Foundation/Ledger/OriginOrBirth.lean:142:0: 'SaturationMonoid.ResponsibilityLifecycle.LivingLawEvolution.ConstructiveRoot.LedgerWriteEvolutionAt.targetOldOrigin' does not depend on any axioms
info: H0mework/Foundation/Ledger/OriginOrBirth.lean:143:0: 'SaturationMonoid.ResponsibilityLifecycle.LivingLawEvolution.ConstructiveRoot.LedgerWriteEvolutionAt.excludesTargetFresh' does not depend on any axioms
info: H0mework/Foundation/Ledger/OriginOrBirth.lean:144:0: 'SaturationMonoid.ResponsibilityLifecycle.LivingLawEvolution.ConstructiveRoot.ExactTargetOldOriginProvenanceAt.excludesBirthFreshness' does not depend on any axioms
ℹ [1606/1695] Replayed H0mework.Realization.Audit.DebtFirstWrite
info: H0mework/Realization/Audit/DebtFirstWrite.lean:187:0: 'SaturationMonoid.ResponsibilityLifecycle.LivingLawEvolution.ConstructiveRoot.DebtAdmissionFirstWrite.SourceGeneratedDebtAdmissionFirstWriteAt.initialBudget_positive' depends on axioms: [propext]
info: H0mework/Realization/Audit/DebtFirstWrite.lean:188:0: 'SaturationMonoid.ResponsibilityLifecycle.LivingLawEvolution.ConstructiveRoot.DebtAdmissionFirstWrite.ordinaryEvolution_cannot_admit' depends on axioms: [propext]
ℹ [1609/1695] Replayed H0mework.Versions.R2.Foundation.Inquiry.SemanticRevision
info: H0mework/Versions/R2/Foundation/Inquiry/SemanticRevision.lean:842:0: 'SaturationMonoid.ResponsibilityLifecycle.LivingLawEvolution.ConstructiveRoot.TypedSemanticWorldNetworkU8.GeneratedTypedSemanticWorldNetworkRevisionAt.SourceGeneratedFirstWriteGenuineSplitAt.ofCompilerSelectedSplit' does not depend on any axioms
info: H0mework/Versions/R2/Foundation/Inquiry/SemanticRevision.lean:843:0: 'SaturationMonoid.ResponsibilityLifecycle.LivingLawEvolution.ConstructiveRoot.TypedSemanticWorldNetworkU8.FieldGroundedTypedSemanticWorldNetworkRevisionAt.ofSourceGeneratedRestructuring' does not depend on any axioms
info: H0mework/Versions/R2/Foundation/Inquiry/SemanticRevision.lean:844:0: 'SaturationMonoid.ResponsibilityLifecycle.LivingLawEvolution.ConstructiveRoot.TypedSemanticWorldNetworkU8.FieldGroundedTypedSemanticWorldNetworkRevisionAt.eq_of_generate_eq' does not depend on any axioms
ℹ [1612/1695] Replayed H0mework.Versions.R2.Foundation.Inquiry.Protocol
info: H0mework/Versions/R2/Foundation/Inquiry/Protocol.lean:1356:0: 'SaturationMonoid.ResponsibilityLifecycle.LivingLawEvolution.ConstructiveRoot.RootInquiryCompletion.SourceNativeInquiryCofaceRealizationAt.ofExactCofaceSource' does not depend on any axioms
info: H0mework/Versions/R2/Foundation/Inquiry/Protocol.lean:1357:0: 'SaturationMonoid.ResponsibilityLifecycle.LivingLawEvolution.ConstructiveRoot.RootInquiryCompletion.SourceNativeInquiryCofaceRealizationAt.ofGeneratedRevision' does not depend on any axioms
ℹ [1614/1695] Replayed H0mework.Versions.R2.Foundation.Inquiry.Engine
info: H0mework/Versions/R2/Foundation/Inquiry/Engine.lean:1341:0: 'SaturationMonoid.ResponsibilityLifecycle.LivingLawEvolution.ConstructiveRoot.RootInquiryCompletion.RootInquiryProcessNode.active_directlyAnswered_successor_valid' depends on axioms: [propext]
info: H0mework/Versions/R2/Foundation/Inquiry/Engine.lean:1342:0: 'SaturationMonoid.ResponsibilityLifecycle.LivingLawEvolution.ConstructiveRoot.RootInquiryCompletion.RootInquiryProcessNode.active_directlyAnswered_terminalHandoff_successor_valid' depends on axioms: [propext]
info: H0mework/Versions/R2/Foundation/Inquiry/Engine.lean:1343:0: 'SaturationMonoid.ResponsibilityLifecycle.LivingLawEvolution.ConstructiveRoot.RootInquiryCompletion.RootInquiryProcessNode.active_actualAction_successor_valid' depends on axioms: [propext]
ℹ [3246/3335] Replayed H0mework.Versions.R2.Foundation.Responsibility.NoetherianClosure
info: H0mework/Versions/R2/Foundation/Responsibility/NoetherianClosure.lean:586:0: 'SaturationMonoid.ResponsibilityLifecycle.LivingLawEvolution.ConstructiveRoot.no_noetherianDebtClosureLaw_of_budget_eq_zero_of_noLocalTerminal' does not depend on any axioms
info: H0mework/Versions/R2/Foundation/Responsibility/NoetherianClosure.lean:587:0: 'SaturationMonoid.ResponsibilityLifecycle.LivingLawEvolution.ConstructiveRoot.sourceNativePaidRootDebtContinuationRel_wellFounded' does not depend on any axioms
info: H0mework/Versions/R2/Foundation/Responsibility/NoetherianClosure.lean:588:0: 'SaturationMonoid.ResponsibilityLifecycle.LivingLawEvolution.ConstructiveRoot.no_paidRootDebtMacro_self_return' does not depend on any axioms
ℹ [4921/4927] Replayed H0mework.Arithmetic.Mellin.QuarterTransform
info: H0mework/Arithmetic/Mellin/QuarterTransform.lean:95:2: Try this:
  [apply] ring_nf
  
  The `ring` tactic failed to close the goal. Use `ring_nf` to obtain a normal form.
    
  Note that `ring` works primarily in *commutative* rings. If you have a noncommutative ring, abelian group or module, consider using `noncomm_ring`, `abel` or `module` instead.
info: H0mework/Arithmetic/Mellin/QuarterTransform.lean:145:2: Try this:
  [apply] ring_nf
  
  The `ring` tactic failed to close the goal. Use `ring_nf` to obtain a normal form.
    
  Note that `ring` works primarily in *commutative* rings. If you have a noncommutative ring, abelian group or module, consider using `noncomm_ring`, `abel` or `module` instead.
info: H0mework/Arithmetic/Mellin/QuarterTransform.lean:162:2: Try this:
  [apply] ring_nf
  
  The `ring` tactic failed to close the goal. Use `ring_nf` to obtain a normal form.
    
  Note that `ring` works primarily in *commutative* rings. If you have a noncommutative ring, abelian group or module, consider using `noncomm_ring`, `abel` or `module` instead.
ℹ [4922/4927] Replayed H0mework.Arithmetic.Mellin.QuarterL2
info: H0mework/Arithmetic/Mellin/QuarterL2.lean:84:6: Try this:
  [apply] ring_nf
  
  The `ring` tactic failed to close the goal. Use `ring_nf` to obtain a normal form.
    
  Note that `ring` works primarily in *commutative* rings. If you have a noncommutative ring, abelian group or module, consider using `noncomm_ring`, `abel` or `module` instead.
info: H0mework/Arithmetic/Mellin/QuarterL2.lean:165:4: Try this:
  [apply] ring_nf
  
  The `ring` tactic failed to close the goal. Use `ring_nf` to obtain a normal form.
    
  Note that `ring` works primarily in *commutative* rings. If you have a noncommutative ring, abelian group or module, consider using `noncomm_ring`, `abel` or `module` instead.
ℹ [4947/5110] Replayed H0mework.Versions.R2.Arithmetic.MellinBoundary.PositiveMellinQuarterMaterial
info: H0mework/Versions/R2/Arithmetic/MellinBoundary/PositiveMellinQuarterMaterial.lean:197:6: Try this:
  [apply] ring_nf
  
  The `ring` tactic failed to close the goal. Use `ring_nf` to obtain a normal form.
    
  Note that `ring` works primarily in *commutative* rings. If you have a noncommutative ring, abelian group or module, consider using `noncomm_ring`, `abel` or `module` instead.
info: H0mework/Versions/R2/Arithmetic/MellinBoundary/PositiveMellinQuarterMaterial.lean:238:6: Try this:
  [apply] ring_nf
  
  The `ring` tactic failed to close the goal. Use `ring_nf` to obtain a normal form.
    
  Note that `ring` works primarily in *commutative* rings. If you have a noncommutative ring, abelian group or module, consider using `noncomm_ring`, `abel` or `module` instead.
ℹ [4996/5110] Replayed H0mework.Versions.V2.Arithmetic.RiemannGraph.IntegralGraphJointAction
info: H0mework/Versions/V2/Arithmetic/RiemannGraph/IntegralGraphJointAction.lean:299:0: 'SaturationMonoid.ResponsibilityLifecycle.LivingLawEvolution.ConstructiveRoot.NoIslandNoMagic.CanonicalRiemann.ClozelGeneralizedDual.CenteredGram.IntegralGraphJointAction.selected_jointOmega_faces' depends on axioms: [propext,
 Classical.choice,
 Quot.sound]
info: H0mework/Versions/V2/Arithmetic/RiemannGraph/IntegralGraphJointAction.lean:300:0: 'SaturationMonoid.ResponsibilityLifecycle.LivingLawEvolution.ConstructiveRoot.NoIslandNoMagic.CanonicalRiemann.ClozelGeneralizedDual.CenteredGram.IntegralGraphJointAction.selected_incidence_coherent_readback' depends on axioms: [propext,
 Classical.choice,
 Quot.sound]
info: H0mework/Versions/V2/Arithmetic/RiemannGraph/IntegralGraphJointAction.lean:301:0: 'SaturationMonoid.ResponsibilityLifecycle.LivingLawEvolution.ConstructiveRoot.NoIslandNoMagic.CanonicalRiemann.ClozelGeneralizedDual.CenteredGram.IntegralGraphJointAction.selected_incidence_measurement_readback' depends on axioms: [propext,
 Classical.choice,
 Quot.sound]
info: H0mework/Versions/V2/Arithmetic/RiemannGraph/IntegralGraphJointAction.lean:302:0: 'SaturationMonoid.ResponsibilityLifecycle.LivingLawEvolution.ConstructiveRoot.NoIslandNoMagic.CanonicalRiemann.ClozelGeneralizedDual.CenteredGram.IntegralGraphJointAction.selected_incidence_measurement_delta' depends on axioms: [propext,
 Classical.choice,
 Quot.sound]
info: H0mework/Versions/V2/Arithmetic/RiemannGraph/IntegralGraphJointAction.lean:303:0: 'SaturationMonoid.ResponsibilityLifecycle.LivingLawEvolution.ConstructiveRoot.NoIslandNoMagic.CanonicalRiemann.ClozelGeneralizedDual.CenteredGram.IntegralGraphJointAction.selected_normalized_measurement_reads_existing_character' depends on axioms: [propext,
 Classical.choice,
 Quot.sound]
info: H0mework/Versions/V2/Arithmetic/RiemannGraph/IntegralGraphJointAction.lean:304:0: 'SaturationMonoid.ResponsibilityLifecycle.LivingLawEvolution.ConstructiveRoot.NoIslandNoMagic.CanonicalRiemann.ClozelGeneralizedDual.CenteredGram.IntegralGraphJointAction.paired_jointOmega_faces' depends on axioms: [propext,
 Classical.choice,
 Quot.sound]
info: H0mework/Versions/V2/Arithmetic/RiemannGraph/IntegralGraphJointAction.lean:305:0: 'SaturationMonoid.ResponsibilityLifecycle.LivingLawEvolution.ConstructiveRoot.NoIslandNoMagic.CanonicalRiemann.ClozelGeneralizedDual.CenteredGram.IntegralGraphJointAction.paired_incidence_coherent_readback' depends on axioms: [propext,
 Classical.choice,
 Quot.sound]
info: H0mework/Versions/V2/Arithmetic/RiemannGraph/IntegralGraphJointAction.lean:306:0: 'SaturationMonoid.ResponsibilityLifecycle.LivingLawEvolution.ConstructiveRoot.NoIslandNoMagic.CanonicalRiemann.ClozelGeneralizedDual.CenteredGram.IntegralGraphJointAction.paired_incidence_measurement_readback' depends on axioms: [propext,
 Classical.choice,
 Quot.sound]
info: H0mework/Versions/V2/Arithmetic/RiemannGraph/IntegralGraphJointAction.lean:307:0: 'SaturationMonoid.ResponsibilityLifecycle.LivingLawEvolution.ConstructiveRoot.NoIslandNoMagic.CanonicalRiemann.ClozelGeneralizedDual.CenteredGram.IntegralGraphJointAction.paired_incidence_zmodTwo_zero' depends on axioms: [propext,
 Classical.choice,
 Quot.sound]
info: H0mework/Versions/V2/Arithmetic/RiemannGraph/IntegralGraphJointAction.lean:308:0: 'SaturationMonoid.ResponsibilityLifecycle.LivingLawEvolution.ConstructiveRoot.NoIslandNoMagic.CanonicalRiemann.ClozelGeneralizedDual.CenteredGram.IntegralGraphJointAction.paired_incidence_zmodTwo_one' depends on axioms: [propext,
 Classical.choice,
 Quot.sound]
info: H0mework/Versions/V2/Arithmetic/RiemannGraph/IntegralGraphJointAction.lean:309:0: 'SaturationMonoid.ResponsibilityLifecycle.LivingLawEvolution.ConstructiveRoot.NoIslandNoMagic.CanonicalRiemann.ClozelGeneralizedDual.CenteredGram.IntegralGraphJointAction.paired_normalized_measurement_reads_jointStateModulePair' depends on axioms: [propext,
 Classical.choice,
 Quot.sound]
ℹ [5025/5110] Replayed H0mework.Arithmetic.BurnolCarrier.ConstantGapFace
info: H0mework/Arithmetic/BurnolCarrier/ConstantGapFace.lean:246:0: 'SaturationMonoid.ResponsibilityLifecycle.LivingLawEvolution.ConstructiveRoot.NoIslandNoMagic.CanonicalRiemann.ClozelGeneralizedDual.BurnolPhysicalState.intervalConstantLine_finrank' depends on axioms: [propext,
 Classical.choice,
 Quot.sound]
info: H0mework/Arithmetic/BurnolCarrier/ConstantGapFace.lean:247:0: 'SaturationMonoid.ResponsibilityLifecycle.LivingLawEvolution.ConstructiveRoot.NoIslandNoMagic.CanonicalRiemann.ClozelGeneralizedDual.BurnolPhysicalState.burnolFace_isClosed' depends on axioms: [propext,
 Classical.choice,
 Quot.sound]
ℹ [5030/5110] Replayed H0mework.Arithmetic.BurnolCarrier.ConstantGapFourier
info: H0mework/Arithmetic/BurnolCarrier/ConstantGapFourier.lean:220:0: 'SaturationMonoid.ResponsibilityLifecycle.LivingLawEvolution.ConstructiveRoot.NoIslandNoMagic.CanonicalRiemann.ClozelGeneralizedDual.BurnolPhysicalState.fourierL2_fourierL2' depends on axioms: [propext,
 Classical.choice,
 Quot.sound]
info: H0mework/Arithmetic/BurnolCarrier/ConstantGapFourier.lean:221:0: 'SaturationMonoid.ResponsibilityLifecycle.LivingLawEvolution.ConstructiveRoot.NoIslandNoMagic.CanonicalRiemann.ClozelGeneralizedDual.BurnolPhysicalState.faceFourier_bijective' depends on axioms: [propext,
 Classical.choice,
 Quot.sound]
info: H0mework/Arithmetic/BurnolCarrier/ConstantGapFourier.lean:222:0: 'SaturationMonoid.ResponsibilityLifecycle.LivingLawEvolution.ConstructiveRoot.NoIslandNoMagic.CanonicalRiemann.ClozelGeneralizedDual.BurnolPhysicalState.faceFourier_preserves_energy' depends on axioms: [propext,
 Classical.choice,
 Quot.sound]
ℹ [5076/5110] Replayed H0mework.Versions.V2.Arithmetic.RiemannSpectral.SourceRechart
info: H0mework/Versions/V2/Arithmetic/RiemannSpectral/SourceRechart.lean:39:2: Try this:
  [apply] ring_nf
  
  The `ring` tactic failed to close the goal. Use `ring_nf` to obtain a normal form.
    
  Note that `ring` works primarily in *commutative* rings. If you have a noncommutative ring, abelian group or module, consider using `noncomm_ring`, `abel` or `module` instead.
info: H0mework/Versions/V2/Arithmetic/RiemannSpectral/SourceRechart.lean:75:2: Try this:
  [apply] ring_nf
  
  The `ring` tactic failed to close the goal. Use `ring_nf` to obtain a normal form.
    
  Note that `ring` works primarily in *commutative* rings. If you have a noncommutative ring, abelian group or module, consider using `noncomm_ring`, `abel` or `module` instead.
info: H0mework/Versions/V2/Arithmetic/RiemannSpectral/SourceRechart.lean:141:2: Try this:
  [apply] ring_nf
  
  The `ring` tactic failed to close the goal. Use `ring_nf` to obtain a normal form.
    
  Note that `ring` works primarily in *commutative* rings. If you have a noncommutative ring, abelian group or module, consider using `noncomm_ring`, `abel` or `module` instead.
ℹ [5108/5288] Replayed H0mework.Arithmetic.BurnolMellin.GaussianSuperpositionKernel
info: H0mework/Arithmetic/BurnolMellin/GaussianSuperpositionKernel.lean:57:4: Try this:
  [apply] ring_nf
  
  The `ring` tactic failed to close the goal. Use `ring_nf` to obtain a normal form.
    
  Note that `ring` works primarily in *commutative* rings. If you have a noncommutative ring, abelian group or module, consider using `noncomm_ring`, `abel` or `module` instead.
ℹ [5109/5288] Replayed H0mework.Versions.V2.Arithmetic.BurnolMellin.GenericGaussianFubini
info: H0mework/Versions/V2/Arithmetic/BurnolMellin/GenericGaussianFubini.lean:163:2: Try this:
  [apply] ring_nf
  
  The `ring` tactic failed to close the goal. Use `ring_nf` to obtain a normal form.
    
  Note that `ring` works primarily in *commutative* rings. If you have a noncommutative ring, abelian group or module, consider using `noncomm_ring`, `abel` or `module` instead.
info: H0mework/Versions/V2/Arithmetic/BurnolMellin/GenericGaussianFubini.lean:259:6: Try this:
  [apply] ring_nf
  
  The `ring` tactic failed to close the goal. Use `ring_nf` to obtain a normal form.
    
  Note that `ring` works primarily in *commutative* rings. If you have a noncommutative ring, abelian group or module, consider using `noncomm_ring`, `abel` or `module` instead.
ℹ [5111/5288] Replayed H0mework.Versions.V2.Arithmetic.BurnolMellin.SourceStripGaussianFubini
info: H0mework/Versions/V2/Arithmetic/BurnolMellin/SourceStripGaussianFubini.lean:195:6: Try this:
  [apply] ring_nf
  
  The `ring` tactic failed to close the goal. Use `ring_nf` to obtain a normal form.
    
  Note that `ring` works primarily in *commutative* rings. If you have a noncommutative ring, abelian group or module, consider using `noncomm_ring`, `abel` or `module` instead.
info: H0mework/Versions/V2/Arithmetic/BurnolMellin/SourceStripGaussianFubini.lean:263:4: Try this:
  [apply] ring_nf
  
  The `ring` tactic failed to close the goal. Use `ring_nf` to obtain a normal form.
    
  Note that `ring` works primarily in *commutative* rings. If you have a noncommutative ring, abelian group or module, consider using `noncomm_ring`, `abel` or `module` instead.
ℹ [5152/5288] Replayed H0mework.Versions.V2.Arithmetic.BurnolPhysical.GraphGramBoundary
info: H0mework/Versions/V2/Arithmetic/BurnolPhysical/GraphGramBoundary.lean:140:0: 'SaturationMonoid.ResponsibilityLifecycle.LivingLawEvolution.ConstructiveRoot.NoIslandNoMagic.CanonicalRiemann.ClozelGeneralizedDual.BurnolPhysicalState.quarterMellinGraphDenseSourceMap_denseRange' depends on axioms: [propext,
 Classical.choice,
 Quot.sound]
info: H0mework/Versions/V2/Arithmetic/BurnolPhysical/GraphGramBoundary.lean:141:0: 'SaturationMonoid.ResponsibilityLifecycle.LivingLawEvolution.ConstructiveRoot.NoIslandNoMagic.CanonicalRiemann.ClozelGeneralizedDual.BurnolPhysicalState.graphSourceMap_finTwo_gram' depends on axioms: [propext,
 Classical.choice,
 Quot.sound]
info: H0mework/Versions/V2/Arithmetic/BurnolPhysical/GraphGramBoundary.lean:142:0: 'SaturationMonoid.ResponsibilityLifecycle.LivingLawEvolution.ConstructiveRoot.NoIslandNoMagic.CanonicalRiemann.ClozelGeneralizedDual.BurnolPhysicalState.coPoissonRelationGraphSource_finTwo_gram_at_zero' depends on axioms: [propext,
 Classical.choice,
 Quot.sound]
ℹ [5199/5288] Replayed H0mework.Versions.V2.Arithmetic.RiemannResolvent.CoordinateMatchedExactOrderClosedRange
info: H0mework/Versions/V2/Arithmetic/RiemannResolvent/CoordinateMatchedExactOrderClosedRange.lean:46:4: Try this:
  [apply] ring_nf
  
  The `ring` tactic failed to close the goal. Use `ring_nf` to obtain a normal form.
    
  Note that `ring` works primarily in *commutative* rings. If you have a noncommutative ring, abelian group or module, consider using `noncomm_ring`, `abel` or `module` instead.
ℹ [5208/5288] Replayed H0mework.Versions.V2.Arithmetic.RiemannDivision.AnalyticComplementAmbientMellinEvaluator
info: H0mework/Versions/V2/Arithmetic/RiemannDivision/AnalyticComplementAmbientMellinEvaluator.lean:146:2: Try this:
  [apply] ring_nf
  
  The `ring` tactic failed to close the goal. Use `ring_nf` to obtain a normal form.
    
  Note that `ring` works primarily in *commutative* rings. If you have a noncommutative ring, abelian group or module, consider using `noncomm_ring`, `abel` or `module` instead.
ℹ [5210/5288] Replayed H0mework.Versions.V2.Arithmetic.BurnolMellin.PhysicalHeatMellinStrip
info: H0mework/Versions/V2/Arithmetic/BurnolMellin/PhysicalHeatMellinStrip.lean:426:0: 'SaturationMonoid.ResponsibilityLifecycle.LivingLawEvolution.ConstructiveRoot.NoIslandNoMagic.CanonicalRiemann.ClozelGeneralizedDual.BurnolPhysicalState.burnolGenericGaussianHeatPair_mellin_differentiableOn' depends on axioms: [propext,
 Classical.choice,
 Quot.sound]
info: H0mework/Versions/V2/Arithmetic/BurnolMellin/PhysicalHeatMellinStrip.lean:427:0: 'SaturationMonoid.ResponsibilityLifecycle.LivingLawEvolution.ConstructiveRoot.NoIslandNoMagic.CanonicalRiemann.ClozelGeneralizedDual.BurnolPhysicalState.burnolPhysicalHeatMellinStrip_isConnected' depends on axioms: [propext,
 Classical.choice,
 Quot.sound]
ℹ [5399/5498] Replayed H0mework.Arithmetic.RieszForcing.WeakIntervalPairing
info: H0mework/Arithmetic/RieszForcing/WeakIntervalPairing.lean:104:2: Try this:
  [apply] ring_nf
  
  The `ring` tactic failed to close the goal. Use `ring_nf` to obtain a normal form.
    
  Note that `ring` works primarily in *commutative* rings. If you have a noncommutative ring, abelian group or module, consider using `noncomm_ring`, `abel` or `module` instead.
ℹ [5487/5498] Replayed H0mework.Versions.R9c73a630.ReleaseMaterials.Verification.Framework.SourcePolicy.CanonicalRegisteredBornEffect
info: H0mework/Versions/R9c73a630/ReleaseMaterials/Verification/Framework/SourcePolicy/CanonicalRegisteredBornEffect.lean:118:0: 'SaturationMonoid.ResponsibilityLifecycle.LivingLawEvolution.ConstructiveRoot.CanonicalBornGate.RegisteredControls.registered_value' depends on axioms: [propext,
 Classical.choice,
 Quot.sound]
info: H0mework/Versions/R9c73a630/ReleaseMaterials/Verification/Framework/SourcePolicy/CanonicalRegisteredBornEffect.lean:119:0: 'SaturationMonoid.ResponsibilityLifecycle.LivingLawEvolution.ConstructiveRoot.CanonicalBornGate.RegisteredControls.actual_after' depends on axioms: [propext,
 Classical.choice,
 Quot.sound]
info: H0mework/Versions/R9c73a630/ReleaseMaterials/Verification/Framework/SourcePolicy/CanonicalRegisteredBornEffect.lean:120:0: 'SaturationMonoid.ResponsibilityLifecycle.LivingLawEvolution.ConstructiveRoot.CanonicalBornGate.RegisteredControls.stopped_raw' depends on axioms: [propext,
 Classical.choice,
 Quot.sound]
info: H0mework/Versions/R9c73a630/ReleaseMaterials/Verification/Framework/SourcePolicy/CanonicalRegisteredBornEffect.lean:195:0: 'SaturationMonoid.ResponsibilityLifecycle.LivingLawEvolution.ConstructiveRoot.ActualRegisteredBornEffect.actual_input' depends on axioms: [propext,
 Classical.choice,
 Quot.sound]
info: H0mework/Versions/R9c73a630/ReleaseMaterials/Verification/Framework/SourcePolicy/CanonicalRegisteredBornEffect.lean:196:0: 'SaturationMonoid.ResponsibilityLifecycle.LivingLawEvolution.ConstructiveRoot.ActualRegisteredBornEffect.original_boundary' depends on axioms: [propext,
 Classical.choice,
 Quot.sound]
info: H0mework/Versions/R9c73a630/ReleaseMaterials/Verification/Framework/SourcePolicy/CanonicalRegisteredBornEffect.lean:197:0: 'SaturationMonoid.ResponsibilityLifecycle.LivingLawEvolution.ConstructiveRoot.ActualRegisteredBornEffect.original_trace' depends on axioms: [propext,
 Classical.choice,
 Quot.sound]
info: H0mework/Versions/R9c73a630/ReleaseMaterials/Verification/Framework/SourcePolicy/CanonicalRegisteredBornEffect.lean:198:0: 'SaturationMonoid.ResponsibilityLifecycle.LivingLawEvolution.ConstructiveRoot.ActualRegisteredBornEffect.same_source_occurrence' depends on axioms: [propext,
 Classical.choice,
 Quot.sound]
info: H0mework/Versions/R9c73a630/ReleaseMaterials/Verification/Framework/SourcePolicy/CanonicalRegisteredBornEffect.lean:199:0: 'SaturationMonoid.ResponsibilityLifecycle.LivingLawEvolution.ConstructiveRoot.ActualRegisteredBornEffect.same_complex' depends on axioms: [propext,
 Classical.choice,
 Quot.sound]
info: H0mework/Versions/R9c73a630/ReleaseMaterials/Verification/Framework/SourcePolicy/CanonicalRegisteredBornEffect.lean:200:0: 'SaturationMonoid.ResponsibilityLifecycle.LivingLawEvolution.ConstructiveRoot.ActualRegisteredBornEffect.complete_word' depends on axioms: [propext,
 Classical.choice,
 Quot.sound]
info: H0mework/Versions/R9c73a630/ReleaseMaterials/Verification/Framework/SourcePolicy/CanonicalRegisteredBornEffect.lean:201:0: 'SaturationMonoid.ResponsibilityLifecycle.LivingLawEvolution.ConstructiveRoot.ActualRegisteredBornEffect.registered_effect' depends on axioms: [propext,
 Classical.choice,
 Quot.sound]
info: H0mework/Versions/R9c73a630/ReleaseMaterials/Verification/Framework/SourcePolicy/CanonicalRegisteredBornEffect.lean:202:0: 'SaturationMonoid.ResponsibilityLifecycle.LivingLawEvolution.ConstructiveRoot.ActualRegisteredBornEffect.registered_inverse' depends on axioms: [propext,
 Classical.choice,
 Quot.sound]
info: H0mework/Versions/R9c73a630/ReleaseMaterials/Verification/Framework/SourcePolicy/CanonicalRegisteredBornEffect.lean:203:0: 'SaturationMonoid.ResponsibilityLifecycle.LivingLawEvolution.ConstructiveRoot.ActualRegisteredBornEffect.registered_pair' depends on axioms: [propext,
 Classical.choice,
 Quot.sound]
info: H0mework/Versions/R9c73a630/ReleaseMaterials/Verification/Framework/SourcePolicy/CanonicalRegisteredBornEffect.lean:204:0: 'SaturationMonoid.ResponsibilityLifecycle.LivingLawEvolution.ConstructiveRoot.ActualRegisteredBornEffect.registered_zero_iff' depends on axioms: [propext,
 Classical.choice,
 Quot.sound]
info: H0mework/Versions/R9c73a630/ReleaseMaterials/Verification/Framework/SourcePolicy/CanonicalRegisteredBornEffect.lean:205:0: 'SaturationMonoid.ResponsibilityLifecycle.LivingLawEvolution.ConstructiveRoot.ActualRegisteredBornEffect.registered_affine_write' depends on axioms: [propext,
 Classical.choice,
 Quot.sound]
info: H0mework/Versions/R9c73a630/ReleaseMaterials/Verification/Framework/SourcePolicy/CanonicalRegisteredBornEffect.lean:206:0: 'SaturationMonoid.ResponsibilityLifecycle.LivingLawEvolution.ConstructiveRoot.ActualCanonicalBornSource.selected_actual_presentation' depends on axioms: [propext,
 Classical.choice,
 Quot.sound]
info: H0mework/Versions/R9c73a630/ReleaseMaterials/Verification/Framework/SourcePolicy/CanonicalRegisteredBornEffect.lean:207:0: 'SaturationMonoid.ResponsibilityLifecycle.LivingLawEvolution.ConstructiveRoot.ActualCanonicalBornSource.actual_born_root_current' depends on axioms: [propext,
 Classical.choice,
 Quot.sound]
info: H0mework/Versions/R9c73a630/ReleaseMaterials/Verification/Framework/SourcePolicy/CanonicalRegisteredBornEffect.lean:208:0: 'SaturationMonoid.ResponsibilityLifecycle.LivingLawEvolution.ConstructiveRoot.ActualCanonicalBornSource.materialAtNext' depends on axioms: [propext,
 Classical.choice,
 Quot.sound]
info: H0mework/Versions/R9c73a630/ReleaseMaterials/Verification/Framework/SourcePolicy/CanonicalRegisteredBornEffect.lean:209:0: 'SaturationMonoid.ResponsibilityLifecycle.LivingLawEvolution.ConstructiveRoot.ActualCanonicalBornSource.registeredAtNext' depends on axioms: [propext,
 Classical.choice,
 Quot.sound]
info: H0mework/Versions/R9c73a630/ReleaseMaterials/Verification/Framework/SourcePolicy/CanonicalRegisteredBornEffect.lean:210:0: 'SaturationMonoid.ResponsibilityLifecycle.LivingLawEvolution.ConstructiveRoot.ActualCanonicalBornSource.registeredAtNext_source' depends on axioms: [propext,
 Classical.choice,
 Quot.sound]
info: H0mework/Versions/R9c73a630/ReleaseMaterials/Verification/Framework/SourcePolicy/CanonicalRegisteredBornEffect.lean:211:0: 'SaturationMonoid.ResponsibilityLifecycle.LivingLawEvolution.ConstructiveRoot.ActualCanonicalBornSource.cofinalRegisteredAtNext' depends on axioms: [propext,
 Classical.choice,
 Quot.sound]
info: H0mework/Versions/R9c73a630/ReleaseMaterials/Verification/Framework/SourcePolicy/CanonicalRegisteredBornEffect.lean:212:0: 'SaturationMonoid.ResponsibilityLifecycle.LivingLawEvolution.ConstructiveRoot.ActualCanonicalBornSource.cofinalRegisteredAtNext_source' depends on axioms: [propext,
 Classical.choice,
 Quot.sound]
info: H0mework/Versions/R9c73a630/ReleaseMaterials/Verification/Framework/SourcePolicy/CanonicalRegisteredBornEffect.lean:213:0: 'SaturationMonoid.ResponsibilityLifecycle.LivingLawEvolution.ConstructiveRoot.ActualCanonicalBornSource.cofinal_registered_effect' depends on axioms: [propext,
 Classical.choice,
 Quot.sound]
info: H0mework/Versions/R9c73a630/ReleaseMaterials/Verification/Framework/SourcePolicy/CanonicalRegisteredBornEffect.lean:214:0: 'SaturationMonoid.ResponsibilityLifecycle.LivingLawEvolution.ConstructiveRoot.ActualCanonicalBornSource.cofinal_registered_inverse' depends on axioms: [propext,
 Classical.choice,
 Quot.sound]
info: H0mework/Versions/R9c73a630/ReleaseMaterials/Verification/Framework/SourcePolicy/CanonicalRegisteredBornEffect.lean:215:0: 'SaturationMonoid.ResponsibilityLifecycle.LivingLawEvolution.ConstructiveRoot.ActualCanonicalBornSource.cofinal_registered_affine' depends on axioms: [propext,
 Classical.choice,
 Quot.sound]
info: H0mework/Versions/R9c73a630/ReleaseMaterials/Verification/Framework/SourcePolicy/CanonicalRegisteredBornEffect.lean:216:0: 'SaturationMonoid.ResponsibilityLifecycle.LivingLawEvolution.ConstructiveRoot.ActualCanonicalBornSource.cofinal_registered_zero_iff' depends on axioms: [propext,
 Classical.choice,
 Quot.sound]
ℹ [5498/5500] Replayed H0mework.Versions.R9c73a630.ReleaseMaterials.Verification.NoIsland.RiemannCombSource.ActualMaterialFourFace
info: H0mework/Versions/R9c73a630/ReleaseMaterials/Verification/NoIsland/RiemannCombSource/ActualMaterialFourFace.lean:227:0: 'SaturationMonoid.ResponsibilityLifecycle.LivingLawEvolution.ConstructiveRoot.SourceGeneratedInquiryReceiptAction.Configured.Writeback.Successor.FourFace.Controls.positive_read' depends on axioms: [propext,
 Classical.choice,
 Quot.sound]
info: H0mework/Versions/R9c73a630/ReleaseMaterials/Verification/NoIsland/RiemannCombSource/ActualMaterialFourFace.lean:228:0: 'SaturationMonoid.ResponsibilityLifecycle.LivingLawEvolution.ConstructiveRoot.SourceGeneratedInquiryReceiptAction.Configured.Writeback.Successor.FourFace.Controls.negative_read' depends on axioms: [propext,
 Classical.choice,
 Quot.sound]
info: H0mework/Versions/R9c73a630/ReleaseMaterials/Verification/NoIsland/RiemannCombSource/ActualMaterialFourFace.lean:230:0: 'SaturationMonoid.ResponsibilityLifecycle.LivingLawEvolution.ConstructiveRoot.SourceGeneratedInquiryReceiptAction.Configured.Writeback.Successor.FourFace.source_root' depends on axioms: [propext,
 Classical.choice,
 Quot.sound]
info: H0mework/Versions/R9c73a630/ReleaseMaterials/Verification/NoIsland/RiemannCombSource/ActualMaterialFourFace.lean:231:0: 'SaturationMonoid.ResponsibilityLifecycle.LivingLawEvolution.ConstructiveRoot.SourceGeneratedInquiryReceiptAction.Configured.Writeback.Successor.FourFace.source_trace' depends on axioms: [propext,
 Classical.choice,
 Quot.sound]
info: H0mework/Versions/R9c73a630/ReleaseMaterials/Verification/NoIsland/RiemannCombSource/ActualMaterialFourFace.lean:232:0: 'SaturationMonoid.ResponsibilityLifecycle.LivingLawEvolution.ConstructiveRoot.SourceGeneratedInquiryReceiptAction.Configured.Writeback.Successor.FourFace.full_paid_steps' depends on axioms: [propext,
 Classical.choice,
 Quot.sound]
info: H0mework/Versions/R9c73a630/ReleaseMaterials/Verification/NoIsland/RiemannCombSource/ActualMaterialFourFace.lean:233:0: 'SaturationMonoid.ResponsibilityLifecycle.LivingLawEvolution.ConstructiveRoot.SourceGeneratedInquiryReceiptAction.Configured.Writeback.Successor.FourFace.source_boundary' depends on axioms: [propext,
 Classical.choice,
 Quot.sound]
info: H0mework/Versions/R9c73a630/ReleaseMaterials/Verification/NoIsland/RiemannCombSource/ActualMaterialFourFace.lean:234:0: 'SaturationMonoid.ResponsibilityLifecycle.LivingLawEvolution.ConstructiveRoot.SourceGeneratedInquiryReceiptAction.Configured.Writeback.Successor.FourFace.generated_differential' depends on axioms: [propext,
 Classical.choice,
 Quot.sound]
info: H0mework/Versions/R9c73a630/ReleaseMaterials/Verification/NoIsland/RiemannCombSource/ActualMaterialFourFace.lean:235:0: 'SaturationMonoid.ResponsibilityLifecycle.LivingLawEvolution.ConstructiveRoot.SourceGeneratedInquiryReceiptAction.Configured.Writeback.Successor.FourFace.completion_zero' depends on axioms: [propext,
 Classical.choice,
 Quot.sound]
info: H0mework/Versions/R9c73a630/ReleaseMaterials/Verification/NoIsland/RiemannCombSource/ActualMaterialFourFace.lean:236:0: 'SaturationMonoid.ResponsibilityLifecycle.LivingLawEvolution.ConstructiveRoot.SourceGeneratedInquiryReceiptAction.Configured.Writeback.Successor.FourFace.same_source' depends on axioms: [propext,
 Classical.choice,
 Quot.sound]
info: H0mework/Versions/R9c73a630/ReleaseMaterials/Verification/NoIsland/RiemannCombSource/ActualMaterialFourFace.lean:237:0: 'SaturationMonoid.ResponsibilityLifecycle.LivingLawEvolution.ConstructiveRoot.SourceGeneratedInquiryReceiptAction.Configured.Writeback.Successor.FourFace.generated_relation' depends on axioms: [propext,
 Classical.choice,
 Quot.sound]
info: H0mework/Versions/R9c73a630/ReleaseMaterials/Verification/NoIsland/RiemannCombSource/ActualMaterialFourFace.lean:238:0: 'SaturationMonoid.ResponsibilityLifecycle.LivingLawEvolution.ConstructiveRoot.SourceGeneratedInquiryReceiptAction.Configured.Writeback.Successor.FourFace.generated_cochain' depends on axioms: [propext,
 Classical.choice,
 Quot.sound]
info: H0mework/Versions/R9c73a630/ReleaseMaterials/Verification/NoIsland/RiemannCombSource/ActualMaterialFourFace.lean:239:0: 'SaturationMonoid.ResponsibilityLifecycle.LivingLawEvolution.ConstructiveRoot.SourceGeneratedInquiryReceiptAction.Configured.Writeback.Successor.FourFace.whole_paid_trace' depends on axioms: [propext,
 Classical.choice,
 Quot.sound]
info: H0mework/Versions/R9c73a630/ReleaseMaterials/Verification/NoIsland/RiemannCombSource/ActualMaterialFourFace.lean:240:0: 'SaturationMonoid.ResponsibilityLifecycle.LivingLawEvolution.ConstructiveRoot.SourceGeneratedInquiryReceiptAction.Configured.Writeback.Successor.FourFace.actual_inverse' depends on axioms: [propext,
 Classical.choice,
 Quot.sound]
info: H0mework/Versions/R9c73a630/ReleaseMaterials/Verification/NoIsland/RiemannCombSource/ActualMaterialFourFace.lean:241:0: 'SaturationMonoid.ResponsibilityLifecycle.LivingLawEvolution.ConstructiveRoot.SourceGeneratedInquiryReceiptAction.Configured.Writeback.Successor.FourFace.actual_effect' depends on axioms: [propext,
 Classical.choice,
 Quot.sound]
info: H0mework/Versions/R9c73a630/ReleaseMaterials/Verification/NoIsland/RiemannCombSource/ActualMaterialFourFace.lean:242:0: 'SaturationMonoid.ResponsibilityLifecycle.LivingLawEvolution.ConstructiveRoot.SourceGeneratedInquiryReceiptAction.Configured.Writeback.Successor.FourFace.differential_effect' depends on axioms: [propext,
 Classical.choice,
 Quot.sound]
info: H0mework/Versions/R9c73a630/ReleaseMaterials/Verification/NoIsland/RiemannCombSource/ActualMaterialFourFace.lean:243:0: 'SaturationMonoid.ResponsibilityLifecycle.LivingLawEvolution.ConstructiveRoot.SourceGeneratedInquiryReceiptAction.Configured.Writeback.Successor.FourFace.whole_recovery' depends on axioms: [propext,
 Classical.choice,
 Quot.sound]
info: H0mework/Versions/R9c73a630/ReleaseMaterials/Verification/NoIsland/RiemannCombSource/ActualMaterialFourFace.lean:244:0: 'SaturationMonoid.ResponsibilityLifecycle.LivingLawEvolution.ConstructiveRoot.SourceGeneratedInquiryReceiptAction.Configured.Writeback.Successor.FourFace.relation_recovery' depends on axioms: [propext,
 Classical.choice,
 Quot.sound]
info: H0mework/Versions/R9c73a630/ReleaseMaterials/Verification/NoIsland/RiemannCombSource/ActualMaterialFourFace.lean:245:0: 'SaturationMonoid.ResponsibilityLifecycle.LivingLawEvolution.ConstructiveRoot.SourceGeneratedInquiryReceiptAction.Configured.Writeback.Successor.FourFace.native_zero_iff' depends on axioms: [propext,
 Classical.choice,
 Quot.sound]
info: H0mework/Versions/R9c73a630/ReleaseMaterials/Verification/NoIsland/RiemannCombSource/ActualMaterialFourFace.lean:246:0: 'SaturationMonoid.ResponsibilityLifecycle.LivingLawEvolution.ConstructiveRoot.SourceGeneratedInquiryReceiptAction.Configured.Writeback.Successor.FourFace.Actual.actual_native' depends on axioms: [propext,
 Classical.choice,
 Quot.sound]
info: H0mework/Versions/R9c73a630/ReleaseMaterials/Verification/NoIsland/RiemannCombSource/ActualMaterialFourFace.lean:247:0: 'SaturationMonoid.ResponsibilityLifecycle.LivingLawEvolution.ConstructiveRoot.SourceGeneratedInquiryReceiptAction.Configured.Writeback.Successor.FourFace.Actual.actual_whole_relation' depends on axioms: [propext,
 Classical.choice,
 Quot.sound]
info: H0mework/Versions/R9c73a630/ReleaseMaterials/Verification/NoIsland/RiemannCombSource/ActualMaterialFourFace.lean:248:0: 'SaturationMonoid.ResponsibilityLifecycle.LivingLawEvolution.ConstructiveRoot.SourceGeneratedInquiryReceiptAction.Configured.Writeback.Successor.FourFace.Actual.actual_generated_differential' depends on axioms: [propext,
 Classical.choice,
 Quot.sound]
info: H0mework/Versions/R9c73a630/ReleaseMaterials/Verification/NoIsland/RiemannCombSource/ActualMaterialFourFace.lean:249:0: 'SaturationMonoid.ResponsibilityLifecycle.LivingLawEvolution.ConstructiveRoot.SourceGeneratedInquiryReceiptAction.Configured.Writeback.Successor.FourFace.Actual.actual_complete_frame' depends on axioms: [propext,
 Classical.choice,
 Quot.sound]
info: H0mework/Versions/R9c73a630/ReleaseMaterials/Verification/NoIsland/RiemannCombSource/ActualMaterialFourFace.lean:250:0: 'SaturationMonoid.ResponsibilityLifecycle.LivingLawEvolution.ConstructiveRoot.SourceGeneratedInquiryReceiptAction.Configured.Writeback.Successor.FourFace.Actual.actual_native_inverse' depends on axioms: [propext,
 Classical.choice,
 Quot.sound]
info: H0mework/Versions/R9c73a630/ReleaseMaterials/Verification/NoIsland/RiemannCombSource/ActualMaterialFourFace.lean:251:0: 'SaturationMonoid.ResponsibilityLifecycle.LivingLawEvolution.ConstructiveRoot.SourceGeneratedInquiryReceiptAction.Configured.Writeback.Successor.FourFace.Actual.actual_native_effect' depends on axioms: [propext,
 Classical.choice,
 Quot.sound]
info: H0mework/Versions/R9c73a630/ReleaseMaterials/Verification/NoIsland/RiemannCombSource/ActualMaterialFourFace.lean:252:0: 'SaturationMonoid.ResponsibilityLifecycle.LivingLawEvolution.ConstructiveRoot.SourceGeneratedInquiryReceiptAction.Configured.Writeback.Successor.FourFace.Actual.source_trace_in_seed' depends on axioms: [propext,
 Classical.choice,
 Quot.sound]
info: H0mework/Versions/R9c73a630/ReleaseMaterials/Verification/NoIsland/RiemannCombSource/ActualMaterialFourFace.lean:253:0: 'SaturationMonoid.ResponsibilityLifecycle.LivingLawEvolution.ConstructiveRoot.SourceGeneratedInquiryReceiptAction.Configured.Writeback.Successor.FourFace.Actual.actual_boundary_in_born' depends on axioms: [propext,
 Classical.choice,
 Quot.sound]
ℹ [5499/5500] Replayed H0mework.Versions.R9c73a630.ReleaseMaterials.Verification.NoIsland.RiemannCombSource.ConfiguredPairWriteback
info: H0mework/Versions/R9c73a630/ReleaseMaterials/Verification/NoIsland/RiemannCombSource/ConfiguredPairWriteback.lean:63:0: 'SaturationMonoid.ResponsibilityLifecycle.LivingLawEvolution.ConstructiveRoot.NoIslandNoMagic.CanonicalRiemann.ClozelGeneralizedDual.CenteredGram.IntegralGraphJointAction.OriginalKCombConfiguredPairWriteback.actual_born_pair' depends on axioms: [propext,
 Classical.choice,
 Quot.sound]
info: H0mework/Versions/R9c73a630/ReleaseMaterials/Verification/NoIsland/RiemannCombSource/ConfiguredPairWriteback.lean:116:0: 'SaturationMonoid.ResponsibilityLifecycle.LivingLawEvolution.ConstructiveRoot.SourceGeneratedInquiryReceiptAction.Configured.Writeback.Controls.written_one' depends on axioms: [propext,
 Classical.choice,
 Quot.sound]
info: H0mework/Versions/R9c73a630/ReleaseMaterials/Verification/NoIsland/RiemannCombSource/ConfiguredPairWriteback.lean:119:0: 'SaturationMonoid.ResponsibilityLifecycle.LivingLawEvolution.ConstructiveRoot.SourceGeneratedInquiryReceiptAction.Configured.Writeback.updated_total' depends on axioms: [propext,
 Classical.choice,
 Quot.sound]
info: H0mework/Versions/R9c73a630/ReleaseMaterials/Verification/NoIsland/RiemannCombSource/ConfiguredPairWriteback.lean:120:0: 'SaturationMonoid.ResponsibilityLifecycle.LivingLawEvolution.ConstructiveRoot.SourceGeneratedInquiryReceiptAction.Configured.Writeback.born_environment' depends on axioms: [propext,
 Classical.choice,
 Quot.sound]
info: H0mework/Versions/R9c73a630/ReleaseMaterials/Verification/NoIsland/RiemannCombSource/ConfiguredPairWriteback.lean:121:0: 'SaturationMonoid.ResponsibilityLifecycle.LivingLawEvolution.ConstructiveRoot.SourceGeneratedInquiryReceiptAction.Configured.Writeback.source_compiles' depends on axioms: [propext,
 Classical.choice,
 Quot.sound]
info: H0mework/Versions/R9c73a630/ReleaseMaterials/Verification/NoIsland/RiemannCombSource/ConfiguredPairWriteback.lean:122:0: 'SaturationMonoid.ResponsibilityLifecycle.LivingLawEvolution.ConstructiveRoot.SourceGeneratedInquiryReceiptAction.Configured.Writeback.actual_receipt_next' depends on axioms: [propext,
 Classical.choice,
 Quot.sound]
info: H0mework/Versions/R9c73a630/ReleaseMaterials/Verification/NoIsland/RiemannCombSource/ConfiguredPairWriteback.lean:123:0: 'SaturationMonoid.ResponsibilityLifecycle.LivingLawEvolution.ConstructiveRoot.SourceGeneratedInquiryReceiptAction.Configured.Writeback.native_effect' depends on axioms: [propext,
 Classical.choice,
 Quot.sound]
info: H0mework/Versions/R9c73a630/ReleaseMaterials/Verification/NoIsland/RiemannCombSource/ConfiguredPairWriteback.lean:124:0: 'SaturationMonoid.ResponsibilityLifecycle.LivingLawEvolution.ConstructiveRoot.SourceGeneratedInquiryReceiptAction.Configured.Writeback.native_inverse' depends on axioms: [propext,
 Classical.choice,
 Quot.sound]
info: H0mework/Versions/R9c73a630/ReleaseMaterials/Verification/NoIsland/RiemannCombSource/ConfiguredPairWriteback.lean:125:0: 'SaturationMonoid.ResponsibilityLifecycle.LivingLawEvolution.ConstructiveRoot.SourceGeneratedInquiryReceiptAction.Configured.Writeback.configured_actual_paid_pair_writeback' depends on axioms: [propext,
 Classical.choice,
 Quot.sound]
Build completed successfully (5500 jobs).
