'SaturationMonoid.PhysicsCore.LowEnergy.FullQuantum.connection_original' depends on axioms: [propext,
 Classical.choice,
 Quot.sound]
'SaturationMonoid.PhysicsCore.LowEnergy.FullQuantum.hamiltonian_drift' depends on axioms: [propext,
 Classical.choice,
 Quot.sound]
'SaturationMonoid.PhysicsCore.LowEnergy.FullQuantum.full_temporal_equation' depends on axioms: [propext,
 Classical.choice,
 Quot.sound]
'SaturationMonoid.PhysicsCore.LowEnergy.FullQuantum.dualDrift_original' depends on axioms: [propext,
 Classical.choice,
 Quot.sound]
'SaturationMonoid.PhysicsCore.LowEnergy.FullQuantum.actual_temporal_principal' depends on axioms: [propext,
 Classical.choice,
 Quot.sound]
'SaturationMonoid.PhysicsCore.LowEnergy.FullQuantum.actual_noncharacteristic' depends on axioms: [propext,
 Classical.choice,
 Quot.sound]
'SaturationMonoid.PhysicsCore.LowEnergy.FullQuantum.normalizedMomentum_original_kinetic' depends on axioms: [propext,
 Classical.choice,
 Quot.sound]
'SaturationMonoid.PhysicsCore.LowEnergy.FullQuantum.knownSymbol_original' depends on axioms: [propext,
 Classical.choice,
 Quot.sound]
'SaturationMonoid.PhysicsCore.LowEnergy.FullQuantum.drift_original' depends on axioms: [propext,
 Classical.choice,
 Quot.sound]
'SaturationMonoid.PhysicsCore.LowEnergy.FullQuantum.actual_spatial_jet' depends on axioms: [propext,
 Classical.choice,
 Quot.sound]
'SaturationMonoid.PhysicsCore.LowEnergy.FullQuantum.actual_drift' depends on axioms: [propext,
 Classical.choice,
 Quot.sound]
'SaturationMonoid.PhysicsCore.LowEnergy.FullQuantum.yukawa_time_coefficient' depends on axioms: [propext,
 Classical.choice,
 Quot.sound]
'SaturationMonoid.PhysicsCore.LowEnergy.FullQuantum.yukawa_time_insertions' depends on axioms: [propext,
 Classical.choice,
 Quot.sound]
'SaturationMonoid.PhysicsCore.LowEnergy.FullQuantum.yukawa_time_square' depends on axioms: [propext,
 Classical.choice,
 Quot.sound]
'SaturationMonoid.PhysicsCore.LowEnergy.FullQuantum.yukawa_time_nonzero' depends on axioms: [propext,
 Classical.choice,
 Quot.sound]
'SaturationMonoid.PhysicsCore.LowEnergy.FullQuantum.evolution_zero' depends on axioms: [propext,
 Classical.choice,
 Quot.sound]
'SaturationMonoid.PhysicsCore.LowEnergy.FullQuantum.evolution_add' depends on axioms: [propext,
 Classical.choice,
 Quot.sound]
'SaturationMonoid.PhysicsCore.LowEnergy.FullQuantum.evolution_inverse' depends on axioms: [propext,
 Classical.choice,
 Quot.sound]
'SaturationMonoid.PhysicsCore.LowEnergy.FullQuantum.evolution_inverse_reverse' depends on axioms: [propext,
 Classical.choice,
 Quot.sound]
'SaturationMonoid.PhysicsCore.LowEnergy.FullQuantum.evolution_derivative' depends on axioms: [propext,
 Classical.choice,
 Quot.sound]
'SaturationMonoid.PhysicsCore.LowEnergy.FullQuantum.evolution_commutes' depends on axioms: [propext,
 Classical.choice,
 Quot.sound]
'SaturationMonoid.PhysicsCore.LowEnergy.FullQuantum.primal_coordinates' depends on axioms: [propext,
 Classical.choice,
 Quot.sound]
'SaturationMonoid.PhysicsCore.LowEnergy.FullQuantum.primal_zero' depends on axioms: [propext,
 Classical.choice,
 Quot.sound]
'SaturationMonoid.PhysicsCore.LowEnergy.FullQuantum.primal_inverse' depends on axioms: [propext,
 Classical.choice,
 Quot.sound]
'SaturationMonoid.PhysicsCore.LowEnergy.FullQuantum.primal_derivative' depends on axioms: [propext,
 Classical.choice,
 Quot.sound]
'SaturationMonoid.PhysicsCore.LowEnergy.FullQuantum.primal_drift_commute' depends on axioms: [propext,
 Classical.choice,
 Quot.sound]
'SaturationMonoid.PhysicsCore.LowEnergy.FullQuantum.original_concomitant' depends on axioms: [propext,
 Classical.choice,
 Quot.sound]
'SaturationMonoid.PhysicsCore.LowEnergy.FullQuantum.canonicalDual_derivative' depends on axioms: [propext,
 Classical.choice,
 Quot.sound]
'SaturationMonoid.PhysicsCore.LowEnergy.FullQuantum.canonicalDual_original_equation' depends on axioms: [propext,
 Classical.choice,
 Quot.sound]
'SaturationMonoid.PhysicsCore.LowEnergy.FullQuantum.original_inserted_pair' depends on axioms: [propext,
 Classical.choice,
 Quot.sound]
'SaturationMonoid.PhysicsCore.LowEnergy.FullQuantum.original_Stage10_insertion' depends on axioms: [propext,
 Classical.choice,
 Quot.sound]
'SaturationMonoid.PhysicsCore.LowEnergy.FullQuantum.symmetric_no_jordan' depends on axioms: [propext,
 Classical.choice,
 Quot.sound]
'SaturationMonoid.PhysicsCore.LowEnergy.FullQuantum.faithful_positive_representation_obstruction' depends on axioms: [propext,
 Classical.choice,
 Quot.sound]
'SaturationMonoid.PhysicsCore.LowEnergy.FullQuantum.primalMatrix_inverse' depends on axioms: [propext,
 Classical.choice,
 Quot.sound]
'SaturationMonoid.PhysicsCore.LowEnergy.FullQuantum.full_source_CAR' depends on axioms: [propext,
 Classical.choice,
 Quot.sound]
'SaturationMonoid.PhysicsCore.LowEnergy.FullQuantum.original_dual_CAR' depends on axioms: [propext,
 Classical.choice,
 Quot.sound]
'SaturationMonoid.PhysicsCore.LowEnergy.FullQuantum.original_field_hamiltonian' depends on axioms: [propext,
 Classical.choice,
 Quot.sound]
'SaturationMonoid.PhysicsCore.LowEnergy.FullQuantum.original_wave_derivative' depends on axioms: [propext,
 Classical.choice,
 Quot.sound]
'SaturationMonoid.PhysicsCore.LowEnergy.FullQuantum.original_oneParticle_evolution' depends on axioms: [propext,
 Classical.choice,
 Quot.sound]
'SaturationMonoid.PhysicsCore.LowEnergy.FullQuantum.fockEvolution_zero' depends on axioms: [propext,
 Classical.choice,
 Quot.sound]
'SaturationMonoid.PhysicsCore.LowEnergy.FullQuantum.fockEvolution_add' depends on axioms: [propext,
 Classical.choice,
 Quot.sound]
'SaturationMonoid.PhysicsCore.LowEnergy.FullQuantum.fockEvolution_inverse' depends on axioms: [propext,
 Classical.choice,
 Quot.sound]
'SaturationMonoid.PhysicsCore.LowEnergy.FullQuantum.fockEvolution_derivative' depends on axioms: [propext,
 Classical.choice,
 Quot.sound]
'SaturationMonoid.PhysicsCore.LowEnergy.FullQuantum.original_allFock_evolution' depends on axioms: [propext,
 Classical.choice,
 Quot.sound]
