'SaturationMonoid.PhysicsCore.LowEnergy.FullQuantum.ClosedLoops.Arrow' depends on axioms: [propext,
 Classical.choice,
 Quot.sound]
'SaturationMonoid.PhysicsCore.LowEnergy.FullQuantum.ClosedLoops.Expansion' depends on axioms: [propext,
 Classical.choice,
 Quot.sound]
'SaturationMonoid.PhysicsCore.LowEnergy.FullQuantum.ClosedLoops.Arrow.zero' depends on axioms: [propext,
 Classical.choice,
 Quot.sound]
'SaturationMonoid.PhysicsCore.LowEnergy.FullQuantum.ClosedLoops.Arrow.add' depends on axioms: [propext,
 Classical.choice,
 Quot.sound]
'SaturationMonoid.PhysicsCore.LowEnergy.FullQuantum.ClosedLoops.Arrow.smul' depends on axioms: [propext,
 Classical.choice,
 Quot.sound]
'SaturationMonoid.PhysicsCore.LowEnergy.FullQuantum.ClosedLoops.Arrow.sub' depends on axioms: [propext,
 Classical.choice,
 Quot.sound]
'SaturationMonoid.PhysicsCore.LowEnergy.FullQuantum.ClosedLoops.Arrow.compose_zero' depends on axioms: [propext,
 Classical.choice,
 Quot.sound]
'SaturationMonoid.PhysicsCore.LowEnergy.FullQuantum.ClosedLoops.Arrow.diagonal_left' depends on axioms: [propext,
 Classical.choice,
 Quot.sound]
'SaturationMonoid.PhysicsCore.LowEnergy.FullQuantum.ClosedLoops.Arrow.diagonal_right' depends on axioms: [propext,
 Classical.choice,
 Quot.sound]
'SaturationMonoid.PhysicsCore.LowEnergy.FullQuantum.ClosedLoops.Expansion.refl' depends on axioms: [propext,
 Classical.choice,
 Quot.sound]
'SaturationMonoid.PhysicsCore.LowEnergy.FullQuantum.ClosedLoops.Expansion.one' depends on axioms: [propext,
 Classical.choice,
 Quot.sound]
'SaturationMonoid.PhysicsCore.LowEnergy.FullQuantum.ClosedLoops.Expansion.smul' depends on axioms: [propext,
 Classical.choice,
 Quot.sound]
'SaturationMonoid.PhysicsCore.LowEnergy.FullQuantum.ClosedLoops.Expansion.sub' depends on axioms: [propext,
 Classical.choice,
 Quot.sound]
'SaturationMonoid.PhysicsCore.LowEnergy.FullQuantum.ClosedLoops.Expansion.mul' depends on axioms: [propext,
 Classical.choice,
 Quot.sound]
'SaturationMonoid.PhysicsCore.LowEnergy.FullQuantum.ClosedLoops.Expansion.arrow_left' depends on axioms: [propext,
 Classical.choice,
 Quot.sound]
'SaturationMonoid.PhysicsCore.LowEnergy.FullQuantum.ClosedLoops.Expansion.arrow_right' depends on axioms: [propext,
 Classical.choice,
 Quot.sound]
'SaturationMonoid.PhysicsCore.LowEnergy.FullQuantum.ClosedLoops.Expansion.product' depends on axioms: [propext,
 Classical.choice,
 Quot.sound]
'SaturationMonoid.PhysicsCore.LowEnergy.FullQuantum.ClosedLoops.loopTrace' depends on axioms: [propext,
 Classical.choice,
 Quot.sound]
'SaturationMonoid.PhysicsCore.LowEnergy.FullQuantum.ClosedLoops.loopTrace_mul_comm' depends on axioms: [propext,
 Classical.choice,
 Quot.sound]
'SaturationMonoid.PhysicsCore.LowEnergy.FullQuantum.ClosedLoops.arrow_trace' depends on axioms: [propext,
 Classical.choice,
 Quot.sound]
'SaturationMonoid.PhysicsCore.LowEnergy.FullQuantum.ClosedLoops.expansion_trace' depends on axioms: [propext,
 Classical.choice,
 Quot.sound]
'SaturationMonoid.PhysicsCore.LowEnergy.FullQuantum.ClosedLoops.ordered_loop' depends on axioms: [propext,
 Classical.choice,
 Quot.sound]
'SaturationMonoid.PhysicsCore.LowEnergy.FullQuantum.ClosedLoops.ordered_loop_with_arrow' depends on axioms: [propext,
 Classical.choice,
 Quot.sound]
'SaturationMonoid.PhysicsCore.LowEnergy.FullQuantum.ClosedLoops.source_hamiltonian' depends on axioms: [propext,
 Classical.choice,
 Quot.sound]
'SaturationMonoid.PhysicsCore.LowEnergy.FullQuantum.ClosedLoops.source_variation' depends on axioms: [propext,
 Classical.choice,
 Quot.sound]
'SaturationMonoid.PhysicsCore.LowEnergy.FullQuantum.ClosedLoops.source_resolvent' depends on axioms: [propext,
 Classical.choice,
 Quot.sound]
'SaturationMonoid.PhysicsCore.LowEnergy.FullQuantum.ClosedLoops.original_gauge_vertex' depends on axioms: [propext,
 Classical.choice,
 Quot.sound]
'SaturationMonoid.PhysicsCore.LowEnergy.FullQuantum.ClosedLoops.original_scalar_vertex' depends on axioms: [propext,
 Classical.choice,
 Quot.sound]
'SaturationMonoid.PhysicsCore.LowEnergy.FullQuantum.ClosedLoops.original_principal_inverse' depends on axioms: [propext,
 Classical.choice,
 Quot.sound]
'SaturationMonoid.PhysicsCore.LowEnergy.FullQuantum.ClosedLoops.freeDiracResolvent' depends on axioms: [propext,
 Classical.choice,
 Quot.sound]
'SaturationMonoid.PhysicsCore.LowEnergy.FullQuantum.ClosedLoops.source_diracResolvent' depends on axioms: [propext,
 Classical.choice,
 Quot.sound]
'SaturationMonoid.PhysicsCore.LowEnergy.FullQuantum.ClosedLoops.GaugeLine' depends on axioms: [propext,
 Classical.choice,
 Quot.sound]
'SaturationMonoid.PhysicsCore.LowEnergy.FullQuantum.ClosedLoops.GaugeLine.full' depends on axioms: [propext,
 Classical.choice,
 Quot.sound]
'SaturationMonoid.PhysicsCore.LowEnergy.FullQuantum.ClosedLoops.GaugeLine.diagonal' depends on axioms: [propext,
 Classical.choice,
 Quot.sound]
'SaturationMonoid.PhysicsCore.LowEnergy.FullQuantum.ClosedLoops.GaugeLine.Regular' depends on axioms: [propext,
 Classical.choice,
 Quot.sound]
'SaturationMonoid.PhysicsCore.LowEnergy.FullQuantum.ClosedLoops.GaugeLine.propagator' depends on axioms: [propext,
 Classical.choice,
 Quot.sound]
'SaturationMonoid.PhysicsCore.LowEnergy.FullQuantum.ClosedLoops.GaugeLine.generated' depends on axioms: [propext,
 Classical.choice,
 Quot.sound]
'SaturationMonoid.PhysicsCore.LowEnergy.FullQuantum.ClosedLoops.gauge_word_generated' depends on axioms: [propext,
 Classical.choice,
 Quot.sound]
'SaturationMonoid.PhysicsCore.LowEnergy.FullQuantum.ClosedLoops.gauge_loop_independent_yukawa' depends on axioms: [propext,
 Classical.choice,
 Quot.sound]
'SaturationMonoid.PhysicsCore.LowEnergy.FullQuantum.ClosedLoops.scalar_insertion_closed_loop' depends on axioms: [propext,
 Classical.choice,
 Quot.sound]
'SaturationMonoid.PhysicsCore.LowEnergy.FullQuantum.ClosedLoops.two_scalar_open_chain' depends on axioms: [propext,
 Classical.choice,
 Quot.sound]
