warning: mathlib: repository './Lean/.lake/packages/mathlib' has local changes
warning: batteries: repository './Lean/.lake/packages/batteries' has local changes
ℹ [351/391] Replayed H0mework.Foundation.Source.Root
info: H0mework/Foundation/Source/Root.lean:544:0: 'SaturationMonoid.ResponsibilityLifecycle.LivingLawEvolution.ConstructiveRoot.LedgerEntryEvolutionAt.toDebtLineage' does not depend on any axioms
ℹ [545/597] Replayed H0mework.Foundation.Semantics.TheoryState
info: H0mework/Foundation/Semantics/TheoryState.lean:137:0: 'SaturationMonoid.ResponsibilityLifecycle.LivingLawEvolution.TheoryState.rootSemantic_actualExpressibilityFailure_isEmpty' does not depend on any axioms
ℹ [559/597] Replayed H0mework.Versions.R2.Foundation.Source.SequentialAction
info: H0mework/Versions/R2/Foundation/Source/SequentialAction.lean:348:0: 'SaturationMonoid.ResponsibilityLifecycle.LivingLawEvolution.ConstructiveRoot.RootInquiryCompletion.SourceNativeSequentialActualActionTargetAt.initialOpenLedger_injective' does not depend on any axioms
info: H0mework/Versions/R2/Foundation/Source/SequentialAction.lean:349:0: 'SaturationMonoid.ResponsibilityLifecycle.LivingLawEvolution.ConstructiveRoot.RootInquiryCompletion.SourceNativeSequentialActualActionTargetAt.targetAnswerAndNext_next_eq' does not depend on any axioms
ℹ [564/597] Replayed H0mework.Foundation.Ledger.OriginOrBirth
info: H0mework/Foundation/Ledger/OriginOrBirth.lean:141:0: 'SaturationMonoid.ResponsibilityLifecycle.LivingLawEvolution.ConstructiveRoot.ExactTargetDebtOriginAt.excludesFresh' does not depend on any axioms
info: H0mework/Foundation/Ledger/OriginOrBirth.lean:142:0: 'SaturationMonoid.ResponsibilityLifecycle.LivingLawEvolution.ConstructiveRoot.LedgerWriteEvolutionAt.targetOldOrigin' does not depend on any axioms
info: H0mework/Foundation/Ledger/OriginOrBirth.lean:143:0: 'SaturationMonoid.ResponsibilityLifecycle.LivingLawEvolution.ConstructiveRoot.LedgerWriteEvolutionAt.excludesTargetFresh' does not depend on any axioms
info: H0mework/Foundation/Ledger/OriginOrBirth.lean:144:0: 'SaturationMonoid.ResponsibilityLifecycle.LivingLawEvolution.ConstructiveRoot.ExactTargetOldOriginProvenanceAt.excludesBirthFreshness' does not depend on any axioms
ℹ [565/597] Replayed H0mework.Realization.Audit.DebtFirstWrite
info: H0mework/Realization/Audit/DebtFirstWrite.lean:187:0: 'SaturationMonoid.ResponsibilityLifecycle.LivingLawEvolution.ConstructiveRoot.DebtAdmissionFirstWrite.SourceGeneratedDebtAdmissionFirstWriteAt.initialBudget_positive' depends on axioms: [propext]
info: H0mework/Realization/Audit/DebtFirstWrite.lean:188:0: 'SaturationMonoid.ResponsibilityLifecycle.LivingLawEvolution.ConstructiveRoot.DebtAdmissionFirstWrite.ordinaryEvolution_cannot_admit' depends on axioms: [propext]
ℹ [568/597] Replayed H0mework.Versions.R2.Foundation.Inquiry.SemanticRevision
info: H0mework/Versions/R2/Foundation/Inquiry/SemanticRevision.lean:842:0: 'SaturationMonoid.ResponsibilityLifecycle.LivingLawEvolution.ConstructiveRoot.TypedSemanticWorldNetworkU8.GeneratedTypedSemanticWorldNetworkRevisionAt.SourceGeneratedFirstWriteGenuineSplitAt.ofCompilerSelectedSplit' does not depend on any axioms
info: H0mework/Versions/R2/Foundation/Inquiry/SemanticRevision.lean:843:0: 'SaturationMonoid.ResponsibilityLifecycle.LivingLawEvolution.ConstructiveRoot.TypedSemanticWorldNetworkU8.FieldGroundedTypedSemanticWorldNetworkRevisionAt.ofSourceGeneratedRestructuring' does not depend on any axioms
info: H0mework/Versions/R2/Foundation/Inquiry/SemanticRevision.lean:844:0: 'SaturationMonoid.ResponsibilityLifecycle.LivingLawEvolution.ConstructiveRoot.TypedSemanticWorldNetworkU8.FieldGroundedTypedSemanticWorldNetworkRevisionAt.eq_of_generate_eq' does not depend on any axioms
ℹ [571/597] Replayed H0mework.Versions.R2.Foundation.Inquiry.Protocol
info: H0mework/Versions/R2/Foundation/Inquiry/Protocol.lean:1356:0: 'SaturationMonoid.ResponsibilityLifecycle.LivingLawEvolution.ConstructiveRoot.RootInquiryCompletion.SourceNativeInquiryCofaceRealizationAt.ofExactCofaceSource' does not depend on any axioms
info: H0mework/Versions/R2/Foundation/Inquiry/Protocol.lean:1357:0: 'SaturationMonoid.ResponsibilityLifecycle.LivingLawEvolution.ConstructiveRoot.RootInquiryCompletion.SourceNativeInquiryCofaceRealizationAt.ofGeneratedRevision' does not depend on any axioms
ℹ [573/597] Replayed H0mework.Versions.R2.Foundation.Inquiry.Engine
info: H0mework/Versions/R2/Foundation/Inquiry/Engine.lean:1341:0: 'SaturationMonoid.ResponsibilityLifecycle.LivingLawEvolution.ConstructiveRoot.RootInquiryCompletion.RootInquiryProcessNode.active_directlyAnswered_successor_valid' depends on axioms: [propext]
info: H0mework/Versions/R2/Foundation/Inquiry/Engine.lean:1342:0: 'SaturationMonoid.ResponsibilityLifecycle.LivingLawEvolution.ConstructiveRoot.RootInquiryCompletion.RootInquiryProcessNode.active_directlyAnswered_terminalHandoff_successor_valid' depends on axioms: [propext]
info: H0mework/Versions/R2/Foundation/Inquiry/Engine.lean:1343:0: 'SaturationMonoid.ResponsibilityLifecycle.LivingLawEvolution.ConstructiveRoot.RootInquiryCompletion.RootInquiryProcessNode.active_actualAction_successor_valid' depends on axioms: [propext]
ℹ [3246/3281] Replayed H0mework.Versions.R2.Foundation.Responsibility.NoetherianClosure
info: H0mework/Versions/R2/Foundation/Responsibility/NoetherianClosure.lean:586:0: 'SaturationMonoid.ResponsibilityLifecycle.LivingLawEvolution.ConstructiveRoot.no_noetherianDebtClosureLaw_of_budget_eq_zero_of_noLocalTerminal' does not depend on any axioms
info: H0mework/Versions/R2/Foundation/Responsibility/NoetherianClosure.lean:587:0: 'SaturationMonoid.ResponsibilityLifecycle.LivingLawEvolution.ConstructiveRoot.sourceNativePaidRootDebtContinuationRel_wellFounded' does not depend on any axioms
info: H0mework/Versions/R2/Foundation/Responsibility/NoetherianClosure.lean:588:0: 'SaturationMonoid.ResponsibilityLifecycle.LivingLawEvolution.ConstructiveRoot.no_paidRootDebtMacro_self_return' does not depend on any axioms
✔ [4483/4508] Built H0mework.Versions.C62.Realization.Operations.Tree.Fold.Dependent.Branch.JointQuery.Actor.Operation.Query.Inventory.Observer.CurrentChild.Dynamic.Live.Native.Action.Coupled.Registry.Calculation.Common.Feedback.Continuation.SourceFamily.Foresight.Contextual.Profile.ActiveClaim.Clock (15s)
✔ [4484/4508] Built H0mework.Versions.C62.Realization.Operations.Tree.Fold.Dependent.Branch.JointQuery.Actor.Operation.Query.Inventory.Observer.CurrentChild.Dynamic.Live.Native.Action.Coupled.Registry.Calculation.Common.Feedback.Continuation.SourceFamily.Foresight.Contextual.Phase.Effect (17s)
✔ [4485/4508] Built H0mework.Versions.C62.Realization.Operations.Tree.Fold.Dependent.Branch.JointQuery.Actor.Operation.Query.Inventory.Observer.CurrentChild.Dynamic.Live.Native.Action.Coupled.Registry.Calculation.Common.Feedback.Continuation.SourceFamily.Foresight.Contextual.Profile.Finite.Reader.Scope (25s)
✔ [4486/4508] Built H0mework.Versions.C62.Realization.Operations.Tree.Fold.Dependent.Branch.JointQuery.Actor.Operation.Query.Inventory.Observer.CurrentChild.Dynamic.Live.Native.Action.Coupled.Registry.Calculation.Common.Feedback.Continuation.SourceFamily.Foresight.Whole.Consumer (25s)
✔ [4487/4508] Built H0mework.Versions.C62.Realization.Operations.Tree.Fold.Dependent.Branch.JointQuery.Actor.Operation.Query.Inventory.Observer.CurrentChild.Dynamic.Live.Native.Action.Coupled.Registry.Calculation.Common.Feedback.Continuation.SourceFamily.Foresight.Contextual.Phase.Closure (15s)
✔ [4488/4508] Built H0mework.Versions.C62.Realization.Operations.Tree.Fold.Dependent.Branch.JointQuery.Actor.Operation.Query.Inventory.Observer.CurrentChild.Dynamic.Live.Native.Action.Coupled.Registry.Calculation.Common.Feedback.Continuation.SourceFamily.Foresight.Contextual.Profile.ActiveClaim.Terminal (16s)
✔ [4489/4508] Built H0mework.Versions.C62.Realization.Operations.Tree.Fold.Dependent.Branch.JointQuery.Actor.Operation.Query.Inventory.Observer.CurrentChild.Dynamic.Live.Native.Action.Coupled.Registry.Calculation.Common.Feedback.Continuation.SourceFamily.Foresight.Contextual.Profile.ActiveClaim.Consumer (39s)
✔ [4490/4508] Built H0mework.Versions.C62.Realization.Operations.Tree.Fold.Dependent.Branch.JointQuery.Actor.Operation.Query.Inventory.Observer.CurrentChild.Dynamic.Live.Native.Action.Coupled.Registry.Calculation.Common.Feedback.Continuation.SourceFamily.Foresight.Contextual.Consumer (22s)
✔ [4491/4508] Built H0mework.Versions.C62.Realization.Operations.Tree.Fold.Dependent.Branch.JointQuery.Actor.Operation.Query.Inventory.Observer.CurrentChild.Dynamic.Live.Native.Action.Coupled.Registry.Calculation.Common.Feedback.Continuation.SourceFamily.Foresight.Contextual.Mixed.Consumer (30s)
✔ [4492/4508] Built H0mework.Versions.C62.Realization.Operations.Tree.Fold.Dependent.Branch.JointQuery.Actor.Operation.Query.Inventory.Observer.CurrentChild.Dynamic.Live.Native.Action.Coupled.Registry.Calculation.Common.Feedback.Continuation.SourceFamily.Foresight.Contextual.Profile.ActiveClaim.TerminalConsumption (41s)
✔ [4493/4508] Built H0mework.Versions.C62.Realization.Operations.Tree.Fold.Dependent.Branch.JointQuery.Actor.Operation.Query.Inventory.Observer.CurrentChild.Dynamic.Live.Native.Action.Coupled.Registry.Calculation.Common.Feedback.Continuation.SourceFamily.Foresight.Contextual.Psi.TerminalTransport (14s)
✔ [4494/4508] Built H0mework.Versions.C62.Realization.Operations.Tree.Fold.Dependent.Branch.JointQuery.Actor.Operation.Query.Inventory.Observer.CurrentChild.Dynamic.Live.Native.Action.Coupled.Registry.Calculation.Common.Feedback.Continuation.SourceFamily.Foresight.Contextual.Profile.History.Source (102s)
✔ [4495/4508] Built H0mework.Versions.C62.Realization.Operations.Tree.Fold.Dependent.Branch.JointQuery.Actor.Operation.Query.Inventory.Observer.CurrentChild.Dynamic.Live.Native.Action.Coupled.Registry.Calculation.Common.Feedback.Continuation.SourceFamily.Foresight.Contextual.Psi.Closure (20s)
✔ [4496/4508] Built H0mework.Versions.C62.Realization.Operations.Tree.Fold.Dependent.Branch.JointQuery.Actor.Operation.Query.Inventory.Observer.CurrentChild.Dynamic.Live.Native.Action.Coupled.Registry.Calculation.Common.Feedback.Continuation.SourceFamily.Foresight.Contextual.Psi.Consumer (26s)
✔ [4497/4508] Built H0mework.Versions.C62.Realization.Operations.Tree.Fold.Dependent.Branch.JointQuery.Actor.Operation.Query.Inventory.Observer.CurrentChild.Dynamic.Live.Native.Action.Coupled.Registry.Calculation.Common.Feedback.Continuation.SourceFamily.Foresight.Contextual.Psi.Action.Equation (30s)
✔ [4498/4508] Built H0mework.Versions.C62.Realization.Operations.Tree.Fold.Dependent.Branch.JointQuery.Actor.Operation.Query.Inventory.Observer.CurrentChild.Dynamic.Live.Native.Action.Coupled.Registry.Calculation.Common.Feedback.Continuation.SourceFamily.Foresight.Contextual.Psi.Action.Consumer (89s)
✔ [4499/4508] Built H0mework.Versions.C62.Realization.Operations.Tree.Fold.Dependent.Branch.JointQuery.Actor.Operation.Query.Inventory.Observer.CurrentChild.Dynamic.Live.Native.Action.Coupled.Registry.Calculation.Common.Feedback.Continuation.SourceFamily.Foresight.Contextual.Phase.Scope.Source (16s)
✔ [4500/4508] Built H0mework.Versions.C62.Realization.Operations.Tree.Fold.Dependent.Branch.JointQuery.Actor.Operation.Query.Inventory.Observer.CurrentChild.Dynamic.Live.Native.Action.Coupled.Registry.Calculation.Common.Feedback.Continuation.SourceFamily.Foresight.Contextual.Profile.Finite.Reader.Next (27s)
✖ [4501/4508] Building H0mework.Versions.C62.Realization.Operations.Tree.Fold.Dependent.Branch.JointQuery.Actor.Operation.Query.Inventory.Observer.CurrentChild.Dynamic.Live.Native.Action.Coupled.Registry.Calculation.Common.Feedback.Continuation.SourceFamily.Foresight.Contextual.Profile.Finite.Reader.Difference.Source (83s)
trace: .> LEAN_PATH=./Lean/.lake/packages/Cli/.lake/build/lib/lean:./Lean/.lake/packages/batteries/.lake/build/lib/lean:./Lean/.lake/packages/Qq/.lake/build/lib/lean:./Lean/.lake/packages/aesop/.lake/build/lib/lean:./Lean/.lake/packages/proofwidgets/.lake/build/lib/lean:./Lean/.lake/packages/importGraph/.lake/build/lib/lean:./Lean/.lake/packages/LeanSearchClient/.lake/build/lib/lean:./Lean/.lake/packages/plausible/.lake/build/lib/lean:./Lean/.lake/packages/mathlib/.lake/build/lib/lean:./Lean/.lake/build/lib/lean runtime/elan/manual/lean-4.33.0-darwin_aarch64/bin/lean -DmaxHeartbeats=2000000 -Dweak.linter.unusedSectionVars=false -Dweak.linter.unnecessarySeqFocus=false -Dweak.linter.unusedVariables=false -Dweak.linter.unreachableTactic=false -Dweak.linter.unusedTactic=false -Dweak.linter.defProp=false -Dweak.linter.deprecated=false -Dlinter.deprecated=false -Dweak.linter.tacticAnalysis.introMerge=false -Dweak.linter.constructorNameAsVariable=false --trust=0 -Dweak.linter.unnecessarySimpa=false -Dweak.linter.style.haveILetI=false -Dweak.linter.unusedSimpArgs=false -DwarningAsError=true ./Lean/H0mework/Versions/C62/Realization/Operations/Tree/Fold/Dependent/Branch/JointQuery/Actor/Operation/Query/Inventory/Observer/CurrentChild/Dynamic/Live/Native/Action/Coupled/Registry/Calculation/Common/Feedback/Continuation/SourceFamily/Foresight/Contextual/Profile/Finite/Reader/Difference/Source.lean -o ./Lean/.lake/build/lib/lean/H0mework/Versions/C62/Realization/Operations/Tree/Fold/Dependent/Branch/JointQuery/Actor/Operation/Query/Inventory/Observer/CurrentChild/Dynamic/Live/Native/Action/Coupled/Registry/Calculation/Common/Feedback/Continuation/SourceFamily/Foresight/Contextual/Profile/Finite/Reader/Difference/Source.olean -i ./Lean/.lake/build/lib/lean/H0mework/Versions/C62/Realization/Operations/Tree/Fold/Dependent/Branch/JointQuery/Actor/Operation/Query/Inventory/Observer/CurrentChild/Dynamic/Live/Native/Action/Coupled/Registry/Calculation/Common/Feedback/Continuation/SourceFamily/Foresight/Contextual/Profile/Finite/Reader/Difference/Source.ilean -c ./Lean/.lake/build/ir/H0mework/Versions/C62/Realization/Operations/Tree/Fold/Dependent/Branch/JointQuery/Actor/Operation/Query/Inventory/Observer/CurrentChild/Dynamic/Live/Native/Action/Coupled/Registry/Calculation/Common/Feedback/Continuation/SourceFamily/Foresight/Contextual/Profile/Finite/Reader/Difference/Source.c --setup ./Lean/.lake/build/ir/H0mework/Versions/C62/Realization/Operations/Tree/Fold/Dependent/Branch/JointQuery/Actor/Operation/Query/Inventory/Observer/CurrentChild/Dynamic/Live/Native/Action/Coupled/Registry/Calculation/Common/Feedback/Continuation/SourceFamily/Foresight/Contextual/Profile/Finite/Reader/Difference/Source.setup.json --json
error: H0mework/Versions/C62/Realization/Operations/Tree/Fold/Dependent/Branch/JointQuery/Actor/Operation/Query/Inventory/Observer/CurrentChild/Dynamic/Live/Native/Action/Coupled/Registry/Calculation/Common/Feedback/Continuation/SourceFamily/Foresight/Contextual/Profile/Finite/Reader/Difference/Source.lean:85:1: Application type mismatch: The argument
  ActiveClaim.input_environment binding (n + 1) (packet binding n prior)
has type
  ActiveClaim.activeEnv binding (n + 1) (packet binding n prior) =
    SourceGeneratedInquiryReceiptAction.afterEnvironment (packet binding n prior).1
      (ActiveClaim.cfg binding (n + 1) (packet binding n prior))
but is expected to have type
  ActiveClaim.activeEnv binding (n + 1) (packet binding n prior) = after binding (n + 1) (packet binding n prior)
in the application
  Eq.trans
    (ActiveClaim.Environment.decoder_active binding (n + 1) (packet binding n prior) (actual_paid binding n prior))
    (ActiveClaim.input_environment binding (n + 1) (packet binding n prior))
error: H0mework/Versions/C62/Realization/Operations/Tree/Fold/Dependent/Branch/JointQuery/Actor/Operation/Query/Inventory/Observer/CurrentChild/Dynamic/Live/Native/Action/Coupled/Registry/Calculation/Common/Feedback/Continuation/SourceFamily/Foresight/Contextual/Profile/Finite/Reader/Difference/Source.lean:88:54: Type mismatch
  ActiveClaim.input_expression ?m.45 ?m.46 ?m.47
has type
  ActiveClaim.activeExpression ?m.45 ?m.46 ?m.47 =
    RootGeneratedDebtActivationJointSource.Native.ResidualRequest.expression (ActiveClaim.material ?m.45 ?m.46 ?m.47)
but is expected to have type
  ActiveClaim.activeExpression binding (n + 1) (packet binding n prior) =
    expression binding (n + 1) (packet binding n prior)
error: H0mework/Versions/C62/Realization/Operations/Tree/Fold/Dependent/Branch/JointQuery/Actor/Operation/Query/Inventory/Observer/CurrentChild/Dynamic/Live/Native/Action/Coupled/Registry/Calculation/Common/Feedback/Continuation/SourceFamily/Foresight/Contextual/Profile/Finite/Reader/Difference/Source.lean:97:1: Application type mismatch: The argument
  congrArg₂ (fun expression environment => expression.eval environment) (same_expression binding n prior)
    (ActiveClaim.input_environment binding (n + 1) (packet binding n prior))
has type
  (ActiveClaim.activeExpression binding (n + 1) (packet binding n prior)).eval
      (ActiveClaim.activeEnv binding (n + 1) (packet binding n prior)) =
    (expression binding (n + 1) (packet binding n prior)).eval
      (SourceGeneratedInquiryReceiptAction.afterEnvironment (packet binding n prior).1
        (ActiveClaim.cfg binding (n + 1) (packet binding n prior)))
but is expected to have type
  (ActiveClaim.activeExpression binding (n + 1) (packet binding n prior)).eval
      (ActiveClaim.activeEnv binding (n + 1) (packet binding n prior)) =
    (expression binding (n + 1) (packet binding n prior)).eval (after binding (n + 1) (packet binding n prior))
in the application
  Eq.trans (Psi.Equation.terminal_value binding (n + 1) (packet binding n prior))
    (congrArg₂ (fun expression environment => expression.eval environment) (same_expression binding n prior)
      (ActiveClaim.input_environment binding (n + 1) (packet binding n prior)))
error: H0mework/Versions/C62/Realization/Operations/Tree/Fold/Dependent/Branch/JointQuery/Actor/Operation/Query/Inventory/Observer/CurrentChild/Dynamic/Live/Native/Action/Coupled/Registry/Calculation/Common/Feedback/Continuation/SourceFamily/Foresight/Contextual/Profile/Finite/Reader/Difference/Source.lean:110:2: Application type mismatch: The argument
  congrArg₂ (fun expression environment => expression.eval environment) (same_expression binding n prior)
    (ActiveClaim.input_environment binding (n + 1) (packet binding n prior))
has type
  (ActiveClaim.activeExpression binding (n + 1) (packet binding n prior)).eval
      (ActiveClaim.activeEnv binding (n + 1) (packet binding n prior)) =
    (expression binding (n + 1) (packet binding n prior)).eval
      (SourceGeneratedInquiryReceiptAction.afterEnvironment (packet binding n prior).1
        (ActiveClaim.cfg binding (n + 1) (packet binding n prior)))
but is expected to have type
  (ActiveClaim.activeExpression binding (n + 1) (packet binding n prior)).eval
      (ActiveClaim.activeEnv binding (n + 1) (packet binding n prior)) =
    (expression binding (n + 1) (packet binding n prior)).eval (after binding (n + 1) (packet binding n prior))
in the application
  congrArg₂ Prod.mk
    (congrArg₂ (fun expression environment => expression.eval environment) (same_expression binding n prior)
      (ActiveClaim.input_environment binding (n + 1) (packet binding n prior)))
error: Lean exited with code 1
Some required targets logged failures:
- H0mework.Versions.C62.Realization.Operations.Tree.Fold.Dependent.Branch.JointQuery.Actor.Operation.Query.Inventory.Observer.CurrentChild.Dynamic.Live.Native.Action.Coupled.Registry.Calculation.Common.Feedback.Continuation.SourceFamily.Foresight.Contextual.Profile.Finite.Reader.Difference.Source
error: build failed
