warning: mathlib: repository './Lean/.lake/packages/mathlib' has local changes
warning: batteries: repository './Lean/.lake/packages/batteries' has local changes
ℹ [3171/3178] Replayed H0mework.Versions.T.ReleaseMaterials.Physics.LowEnergyPhenomenology.FullQuantum.BosonEffective.Consumer
info: H0mework/Versions/T/ReleaseMaterials/Physics/LowEnergyPhenomenology/FullQuantum/BosonEffective/Consumer.lean:47:0: 'SaturationMonoid.PhysicsCore.LowEnergy.BosonEffective.Consumer.source55_matter48_response' depends on axioms: [propext,
 Classical.choice,
 Quot.sound]
info: H0mework/Versions/T/ReleaseMaterials/Physics/LowEnergyPhenomenology/FullQuantum/BosonEffective/Consumer.lean:48:0: 'SaturationMonoid.PhysicsCore.LowEnergy.BosonEffective.Consumer.original168_auxiliary_order' depends on axioms: [propext,
 Classical.choice,
 Quot.sound]
info: H0mework/Versions/T/ReleaseMaterials/Physics/LowEnergyPhenomenology/FullQuantum/BosonEffective/Consumer.lean:49:0: 'SaturationMonoid.PhysicsCore.LowEnergy.BosonEffective.Consumer.heavy42_second_order' depends on axioms: [propext,
 Classical.choice,
 Quot.sound]
info: H0mework/Versions/T/ReleaseMaterials/Physics/LowEnergyPhenomenology/FullQuantum/BosonEffective/Consumer.lean:50:0: 'SaturationMonoid.PhysicsCore.LowEnergy.BosonEffective.Consumer.original289_boson55_propagator' depends on axioms: [propext,
 Classical.choice,
 Quot.sound]
info: H0mework/Versions/T/ReleaseMaterials/Physics/LowEnergyPhenomenology/FullQuantum/BosonEffective/Consumer.lean:51:0: 'SaturationMonoid.PhysicsCore.LowEnergy.BosonEffective.Consumer.source42_cubic_identity' depends on axioms: [propext,
 Classical.choice,
 Quot.sound]
info: H0mework/Versions/T/ReleaseMaterials/Physics/LowEnergyPhenomenology/FullQuantum/BosonEffective/Consumer.lean:52:0: 'SaturationMonoid.PhysicsCore.LowEnergy.BosonEffective.Consumer.true_dynamic_metric_low_ray' depends on axioms: [propext,
 Classical.choice,
 Quot.sound]
info: H0mework/Versions/T/ReleaseMaterials/Physics/LowEnergyPhenomenology/FullQuantum/BosonEffective/Consumer.lean:53:0: 'SaturationMonoid.PhysicsCore.LowEnergy.BosonEffective.Consumer.source_metric_two_limits' depends on axioms: [propext,
 Classical.choice,
 Quot.sound]
ℹ [9714/9715] Replayed H0mework.Versions.T.ReleaseMaterials.Physics.LowEnergyPhenomenology.FullQuantum.LightKernel.Consumer
info: H0mework/Versions/T/ReleaseMaterials/Physics/LowEnergyPhenomenology/FullQuantum/LightKernel/Consumer.lean:55:0: 'LightKernelConsumer.source_phase_coordinates' depends on axioms: [propext, Classical.choice, Quot.sound]
info: H0mework/Versions/T/ReleaseMaterials/Physics/LowEnergyPhenomenology/FullQuantum/LightKernel/Consumer.lean:56:0: 'LightKernelConsumer.first_order_pair_nontrivial' depends on axioms: [propext, Classical.choice, Quot.sound]
info: H0mework/Versions/T/ReleaseMaterials/Physics/LowEnergyPhenomenology/FullQuantum/LightKernel/Consumer.lean:57:0: 'LightKernelConsumer.actual_metric_leg' depends on axioms: [propext, Classical.choice, Quot.sound]
info: H0mework/Versions/T/ReleaseMaterials/Physics/LowEnergyPhenomenology/FullQuantum/LightKernel/Consumer.lean:58:0: 'LightKernelConsumer.actual_degree_eight' depends on axioms: [propext, Classical.choice, Quot.sound]
info: H0mework/Versions/T/ReleaseMaterials/Physics/LowEnergyPhenomenology/FullQuantum/LightKernel/Consumer.lean:59:0: 'LightKernelConsumer.actual_quadratic_frequency' depends on axioms: [propext, Classical.choice, Quot.sound]
info: H0mework/Versions/T/ReleaseMaterials/Physics/LowEnergyPhenomenology/FullQuantum/LightKernel/Consumer.lean:60:0: 'LightKernelConsumer.actual_metric_source_and_contact' depends on axioms: [propext, Classical.choice, Quot.sound]
info: H0mework/Versions/T/ReleaseMaterials/Physics/LowEnergyPhenomenology/FullQuantum/LightKernel/Consumer.lean:61:0: 'LightKernelConsumer.actual_light_graph' depends on axioms: [propext, Classical.choice, Quot.sound]
All targets up-to-date (9715 jobs).
