{
  "scope": "ORIGINAL_CONTINUUM_UNIT_BALL_DIRAC_FILTERED_CURRENT_NOISE",
  "evaluations": {
    "interval_decimal_precision": 50,
    "method": "mpmath.iv outward interval arithmetic on exact closed overlap formula",
    "kappa_real": "[1.631121200898866445532553225228720562151498402529459358, 1.631121200898866445532553225228720562151498402529491431]",
    "kappa_imaginary": "[1.582953428628570050436010513943643569231473158379046489, 1.582953428628570050436010513943643569231473158379078562]",
    "raw_filtered_norm_squared": "[0.2089044548998527476066822647548463670463665341150666508, 0.2089044548998527476066822647548463670463665341152704492]",
    "normalized_packet_norm_squared": "[1,1]",
    "current_mean_h0": "[-0.7013554792140426720651247325208071606478164114739774807, -0.7013554792140426720651247325208071606478164114670857568]",
    "current_second_moment_h0": "[45.77893552878903931411420921149838123287586301752311978, 45.77893552878903931411420921149838123287586301761172728]",
    "centered_noise_h0": "[45.28703602056547987148304399408984753810198560706679098, 45.28703602056547987148304399408984753810198560716514872]",
    "nonzero_transfer": {
      "physical_q": [
        "0",
        "0",
        "1/65536"
      ],
      "Fourier_shift_h": [
        "0",
        "0",
        "1/(131072*pi)"
      ],
      "current_vector_error_upper": "[0.0004189461941326320002031220367491893103024195003926339613, 0.0004189461941326320002031220367491893103024195003926339613]",
      "mean_enclosure": "[-0.7017744254081753040653278545575563499581188309743704259, -0.7009365330199100400649216104840579713375139919666928116]",
      "second_moment_enclosure": "[45.77326651328965848655709727452745548681709875630751325, 45.78460489532024729810527993447261878910053182055293865]",
      "centered_noise_enclosure": "[45.27575942117859262660577487686682697163924737141498065, 45.29831402407967574209614825532611534522834200971929289]"
    },
    "continuum_control": {
      "unit_ball_position_moment": "sqrt(3/5)",
      "weighted_filtered_packet_bound": "[2.750975783626263871662919610349728699135922978754799775, 2.750975783626263871662919610349728699135922978756178922]",
      "weighted_H_packet_bound": "[3.864869227726440998417675115835342362163375443142395171, 3.864869227726440998417675115835342362163375443144335598]",
      "current_Lipschitz_constant_upper": "[27.45605777867617076531180580039487063997936437773165929, 27.45605777867617076531180580039487063997936437773165929]",
      "proof": "On the actual reducing sector: ||R||<=N, ||d_pj R||<=N^2, Hj^2=N^2. Thus |||x|psi||<=(sqrt(3)N^2+N sqrt(3/5))/n and |||x|Hpsi||<=(sqrt(3)N^2+2N sqrt(3/5))/n. A_q-A_0=2 K(M_q-1)H/N^2+[H,M_q]K/N^2, with ||[H,M_q]||<=N|q|. Hence ||(A_q-A_0)psi||<=L|q|, |mu_q-mu_0|<=L|q| and |sqrt(var_q)-sqrt(var_0)|<=2L|q|."
    }
  },
  "elapsed_seconds": 1.432
}
